data/raw/retail_daily_sales.csv
date,store,sku,category,price,promotion,holiday,weather_index,units_sold,inventory_on_hand,revenue
2024-02-06,Providence,SKU-1002,Grocery,7.83,1,0,0.818,129,519,1010.07
2024-02-07,Providence,SKU-1002,Grocery,7.55,1,0,0.575,127,409,958.85
2024-02-08,Providence,SKU-1002,Grocery,7.67,1,0,0.793,122,400,935.74
2024-02-09,Providence,SKU-1002,Grocery,8.58,0,0,0.646,126,360,1081.08
2024-02-10,Providence,SKU-1002,Grocery,7.79,1,0,0.855,171,662,1332.09
2024-02-11,Providence,SKU-1002,Grocery,8.39,0,0,0.7,132,367,1107.48
2024-02-12,Providence,SKU-1002,Grocery,8.48,0,0,0.941,107,422,907.36
2024-02-13,Providence,SKU-1002,Grocery,8.47,0,0,0.656,86,747,728.42
2024-02-14,Providence,SKU-1002,Grocery,7.56,1,0,0.723,136,473,1028.16
2024-02-15,Providence,SKU-1002,Grocery,8.53,0,0,0.624,89,335,759.17
2024-02-16,Providence,SKU-1002,Grocery,8.58,0,0,0.847,130,431,1115.4
2024-02-17,Providence,SKU-1002,Grocery,8.51,0,0,0.805,137,314,1165.87
2024-02-18,Providence,SKU-1002,Grocery,8.56,0,0,0.813,97,328,830.32
2024-02-19,Providence,SKU-1002,Grocery,8.32,0,0,0.559,85,396,707.2
2024-02-20,Providence,SKU-1002,Grocery,8.62,0,0,0.574,97,521,836.14
2024-02-21,Providence,SKU-1002,Grocery,8.64,0,0,0.693,122,430,1054.08
2024-02-22,Providence,SKU-1002,Grocery,7.68,1,0,0.852,114,393,875.52
2024-02-23,Providence,SKU-1002,Grocery,8.36,0,0,0.852,141,211,1178.76
2024-02-24,Providence,SKU-1002,Grocery,8.62,0,0,0.901,133,186,1146.46
2024-02-25,Providence,SKU-1002,Grocery,7.57,1,0,0.62,154,512,1165.78
2024-02-26,Providence,SKU-1002,Grocery,7.81,1,0,0.6,144,316,1124.64
2024-02-27,Providence,SKU-1002,Grocery,8.58,0,0,0.838,82,590,703.56
2024-02-28,Providence,SKU-1002,Grocery,8.52,0,0,0.787,110,289,937.2
2024-02-29,Providence,SKU-1002,Grocery,8.51,0,0,0.866,104,192,885.04
2024-03-01,Providence,SKU-1002,Grocery,8.53,0,0,0.65,168,254,1433.04
2024-03-02,Providence,SKU-1002,Grocery,8.35,0,0,0.767,169,357,1411.15
2024-03-03,Providence,SKU-1002,Grocery,7.64,1,0,0.689,135,487,1031.4
2024-03-04,Providence,SKU-1002,Grocery,8.44,0,0,0.496,81,541,683.64
2024-03-05,Providence,SKU-1002,Grocery,8.44,0,0,0.934,121,348,1021.24
2024-03-06,Providence,SKU-1002,Grocery,8.62,0,0,0.561,122,324,1051.64
2024-03-07,Providence,SKU-1002,Grocery,8.53,0,0,0.664,114,293,972.42
2024-03-08,Providence,SKU-1002,Grocery,8.48,0,0,0.67,134,461,1136.32
2024-03-09,Providence,SKU-1002,Grocery,8.61,0,0,1.0,147,478,1265.67
2024-03-10,Providence,SKU-1002,Grocery,8.43,0,0,0.66,146,406,1230.78
2024-03-11,Providence,SKU-1002,Grocery,8.6,0,0,0.7,92,591,791.2
2024-03-12,Providence,SKU-1002,Grocery,8.45,0,0,0.739,120,507,1014.0
2024-03-13,Providence,SKU-1002,Grocery,8.5,0,0,0.637,99,413,841.5
2024-03-14,Providence,SKU-1002,Grocery,7.6,1,0,0.723,121,388,919.6
2024-03-15,Providence,SKU-1002,Grocery,8.28,0,0,0.673,149,538,1233.72
2024-03-16,Providence,SKU-1002,Grocery,8.46,0,0,0.745,136,504,1150.56
2024-03-17,Providence,SKU-1002,Grocery,8.54,0,0,0.812,114,309,973.56
2024-03-18,Providence,SKU-1002,Grocery,8.65,0,0,0.648,85,478,735.25
2024-03-19,Providence,SKU-1002,Grocery,8.52,0,0,0.598,113,205,962.76
2024-03-20,Providence,SKU-1002,Grocery,8.53,0,0,0.723,100,203,853.0
2024-03-21,Providence,SKU-1002,Grocery,8.49,0,0,0.634,116,319,984.84
2024-03-22,Providence,SKU-1002,Grocery,8.52,0,0,0.744,177,356,1508.04
2024-03-23,Providence,SKU-1002,Grocery,8.49,0,0,0.644,95,366,806.55
2024-03-24,Providence,SKU-1002,Grocery,8.39,0,0,0.576,144,449,1208.16
2024-03-25,Providence,SKU-1002,Grocery,8.25,0,0,0.641,112,510,924.0
2024-03-26,Providence,SKU-1002,Grocery,8.3,0,0,0.549,117,636,971.1
2024-03-27,Providence,SKU-1002,Grocery,8.29,0,0,0.692,63,206,522.27
2024-03-28,Providence,SKU-1002,Grocery,8.35,0,0,0.703,107,530,893.45
2024-03-29,Providence,SKU-1002,Grocery,8.49,0,0,0.679,157,253,1332.93
2024-03-30,Providence,SKU-1002,Grocery,8.54,0,0,0.754,178,379,1520.12
2024-03-31,Providence,SKU-1002,Grocery,8.45,0,0,0.702,102,469,861.9
2024-04-01,Providence,SKU-1002,Grocery,8.45,0,0,0.919,146,385,1233.7
2024-04-02,Providence,SKU-1002,Grocery,8.63,0,0,0.646,97,572,837.11
2024-04-03,Providence,SKU-1002,Grocery,7.46,1,0,0.768,175,494,1305.5
2024-04-04,Providence,SKU-1002,Grocery,8.52,0,0,0.568,100,471,852.0
2024-04-05,Providence,SKU-1002,Grocery,8.32,0,0,0.513,141,687,1173.12
2024-04-06,Providence,SKU-1002,Grocery,8.67,0,0,0.789,96,393,832.32
2024-04-07,Providence,SKU-1002,Grocery,8.32,0,0,0.748,81,379,673.92
2024-04-08,Providence,SKU-1002,Grocery,8.43,0,0,0.779,124,516,1045.32
2024-04-09,Providence,SKU-1002,Grocery,8.58,0,0,0.702,107,395,918.06
2024-04-10,Providence,SKU-1002,Grocery,8.45,0,0,0.697,132,355,1115.4
2024-04-11,Providence,SKU-1002,Grocery,7.61,1,0,0.737,123,513,936.03
2024-04-12,Providence,SKU-1002,Grocery,8.51,0,0,0.861,129,411,1097.79
2024-04-13,Providence,SKU-1002,Grocery,8.56,0,0,0.493,115,495,984.4
2024-04-14,Providence,SKU-1002,Grocery,8.54,0,0,0.622,141,376,1204.14
2024-04-15,Providence,SKU-1002,Grocery,8.4,0,0,0.661,98,242,823.2
2024-04-16,Providence,SKU-1002,Grocery,8.54,0,0,0.494,74,407,631.96
2024-04-17,Providence,SKU-1002,Grocery,8.66,0,0,0.693,113,225,978.58
2024-04-18,Providence,SKU-1002,Grocery,8.6,0,0,0.55,106,413,911.6
2024-04-19,Providence,SKU-1002,Grocery,8.46,0,0,0.568,167,481,1412.82
2024-04-20,Providence,SKU-1002,Grocery,8.4,0,0,0.501,153,123,1285.2
2024-04-21,Providence,SKU-1002,Grocery,8.46,0,0,0.689,145,337,1226.7
2024-04-22,Providence,SKU-1002,Grocery,8.33,0,0,0.617,129,622,1074.57
2024-04-23,Providence,SKU-1002,Grocery,8.55,0,0,0.737,118,531,1008.9
2024-04-24,Providence,SKU-1002,Grocery,8.48,0,0,0.559,67,449,568.16
2024-04-25,Providence,SKU-1002,Grocery,8.32,0,0,0.707,143,407,1189.76
2024-04-26,Providence,SKU-1002,Grocery,8.75,0,0,0.504,133,255,1163.75
2024-04-27,Providence,SKU-1002,Grocery,8.66,0,0,0.84,143,305,1238.38
2024-04-28,Providence,SKU-1002,Grocery,8.42,0,0,0.408,158,513,1330.36
2024-04-29,Providence,SKU-1002,Grocery,8.68,0,0,0.626,118,238,1024.24
2024-04-30,Providence,SKU-1002,Grocery,8.49,0,0,0.693,89,384,755.61
2024-05-01,Providence,SKU-1002,Grocery,8.51,0,0,0.39,116,593,987.16
2024-05-02,Providence,SKU-1002,Grocery,8.46,0,0,0.649,91,276,769.86
2024-05-03,Providence,SKU-1002,Grocery,8.75,0,0,0.612,107,535,936.25
2024-05-04,Providence,SKU-1002,Grocery,8.64,0,0,0.525,124,334,1071.36
2024-05-05,Providence,SKU-1002,Grocery,8.66,0,0,0.629,97,201,840.02
2024-05-06,Providence,SKU-1002,Grocery,8.41,0,0,0.565,74,625,622.34
2024-05-07,Providence,SKU-1002,Grocery,8.5,0,0,0.766,108,538,918.0
2024-05-08,Providence,SKU-1002,Grocery,8.53,0,0,0.564,136,305,1160.08
2024-05-09,Providence,SKU-1002,Grocery,8.54,0,0,0.537,106,390,905.24
2024-05-10,Providence,SKU-1002,Grocery,8.35,0,0,0.377,127,404,1060.45
2024-05-11,Providence,SKU-1002,Grocery,8.24,0,0,0.419,169,303,1392.56
2024-05-12,Providence,SKU-1002,Grocery,8.5,0,0,0.503,138,347,1173.0
2024-05-13,Providence,SKU-1002,Grocery,8.52,0,0,0.431,106,711,903.12
2024-05-14,Providence,SKU-1002,Grocery,7.63,1,0,0.341,91,539,694.33
2024-05-15,Providence,SKU-1002,Grocery,8.47,0,0,0.443,77,429,652.19
2024-05-16,Providence,SKU-1002,Grocery,8.39,0,0,0.63,96,385,805.44
2024-05-17,Providence,SKU-1002,Grocery,8.45,0,0,0.62,141,426,1191.45
2024-05-18,Providence,SKU-1002,Grocery,8.38,0,0,0.653,136,423,1139.68
2024-05-19,Providence,SKU-1002,Grocery,8.58,0,0,0.67,146,359,1252.68
2024-05-20,Providence,SKU-1002,Grocery,7.71,1,0,0.588,126,282,971.46
2024-05-21,Providence,SKU-1002,Grocery,8.44,0,0,0.56,91,337,768.04
2024-05-22,Providence,SKU-1002,Grocery,8.43,0,0,0.358,83,212,699.69
2024-05-23,Providence,SKU-1002,Grocery,8.44,0,0,0.345,112,294,945.28
2024-05-24,Providence,SKU-1002,Grocery,7.57,1,0,0.521,170,313,1286.9
2024-05-25,Providence,SKU-1002,Grocery,8.47,0,0,0.387,130,195,1101.1
2024-05-26,Providence,SKU-1002,Grocery,8.53,0,0,0.607,122,571,1040.66
2024-05-27,Providence,SKU-1002,Grocery,8.61,0,0,0.623,90,289,774.9
2024-05-28,Providence,SKU-1002,Grocery,8.63,0,0,0.418,80,497,690.4
2024-05-29,Providence,SKU-1002,Grocery,8.54,0,0,0.305,78,617,666.12
2024-05-30,Providence,SKU-1002,Grocery,8.45,0,0,0.529,128,341,1081.6
2024-05-31,Providence,SKU-1002,Grocery,8.44,0,0,0.607,89,357,751.16
2024-06-01,Providence,SKU-1002,Grocery,8.6,0,0,0.512,114,307,980.4
2024-06-02,Providence,SKU-1002,Grocery,8.62,0,0,0.2,99,463,853.38
2024-06-03,Providence,SKU-1002,Grocery,8.52,0,0,0.475,86,398,732.72
2024-06-04,Providence,SKU-1002,Grocery,8.4,0,0,0.501,98,603,823.2
2024-06-05,Providence,SKU-1002,Grocery,8.65,0,0,0.498,91,374,787.15
2024-06-06,Providence,SKU-1002,Grocery,8.52,0,0,0.531,76,317,647.52
2024-06-07,Providence,SKU-1002,Grocery,8.39,0,0,0.671,127,505,1065.53
2024-06-08,Providence,SKU-1002,Grocery,8.47,0,0,0.331,115,437,974.05
2024-06-09,Providence,SKU-1002,Grocery,8.19,0,0,0.482,176,535,1441.44
2024-06-10,Providence,SKU-1002,Grocery,8.4,0,0,0.328,86,453,722.4
2024-06-11,Providence,SKU-1002,Grocery,7.64,1,0,0.439,122,196,932.08
2024-06-12,Providence,SKU-1002,Grocery,8.7,0,0,0.279,73,505,635.1
2024-06-13,Providence,SKU-1002,Grocery,8.56,0,0,0.484,76,376,650.56
2024-06-14,Providence,SKU-1002,Grocery,7.69,1,0,0.344,149,265,1145.81
2024-06-15,Providence,SKU-1002,Grocery,8.67,0,0,0.515,143,335,1239.81
2024-06-16,Providence,SKU-1002,Grocery,8.44,0,0,0.442,100,283,844.0
2024-06-17,Providence,SKU-1002,Grocery,8.36,0,0,0.546,66,234,551.76
2024-06-18,Providence,SKU-1002,Grocery,8.53,0,0,0.545,103,265,878.59
2024-06-19,Providence,SKU-1002,Grocery,7.92,1,0,0.274,89,300,704.88
2024-06-20,Providence,SKU-1002,Grocery,8.8,0,0,0.405,69,175,607.2
2024-06-21,Providence,SKU-1002,Grocery,8.41,0,0,0.486,123,485,1034.43
2024-06-22,Providence,SKU-1002,Grocery,8.57,0,0,0.459,132,460,1131.24
2024-06-23,Providence,SKU-1002,Grocery,8.39,0,0,0.328,127,385,1065.53
2024-06-24,Providence,SKU-1002,Grocery,8.52,0,0,0.596,99,432,843.48
2024-06-25,Providence,SKU-1002,Grocery,8.45,0,0,0.349,100,573,845.0
2024-06-26,Providence,SKU-1002,Grocery,8.24,0,0,0.44,89,329,733.36
2024-06-27,Providence,SKU-1002,Grocery,8.44,0,0,0.447,57,336,481.08
2024-06-28,Providence,SKU-1002,Grocery,8.38,0,0,0.599,141,389,1181.58
2024-06-29,Providence,SKU-1002,Grocery,8.39,0,0,0.32,89,334,746.71
2024-06-30,Providence,SKU-1002,Grocery,8.52,0,0,0.465,146,340,1243.92
2024-07-01,Providence,SKU-1002,Grocery,8.46,0,0,0.524,101,458,854.46
2024-07-02,Providence,SKU-1002,Grocery,8.32,0,0,0.335,77,302,640.64
2024-07-03,Providence,SKU-1002,Grocery,8.37,0,0,0.464,72,383,602.64
2024-07-04,Providence,SKU-1002,Grocery,7.56,1,1,0.549,122,350,922.32
2024-07-05,Providence,SKU-1002,Grocery,8.6,0,0,0.458,154,495,1324.4
2024-07-06,Providence,SKU-1002,Grocery,8.55,0,0,0.322,131,482,1120.05
2024-07-07,Providence,SKU-1002,Grocery,8.71,0,0,0.441,107,560,931.97
2024-07-08,Providence,SKU-1002,Grocery,8.49,0,0,0.442,92,217,781.08
2024-07-09,Providence,SKU-1002,Grocery,8.37,0,0,0.339,95,403,795.15
2024-07-10,Providence,SKU-1002,Grocery,8.43,0,0,0.485,96,288,809.28
2024-07-11,Providence,SKU-1002,Grocery,8.49,0,0,0.329,82,469,696.18
2024-07-12,Providence,SKU-1002,Grocery,8.31,0,0,0.295,103,385,855.93
2024-07-13,Providence,SKU-1002,Grocery,7.65,1,0,0.515,130,418,994.5
2024-07-14,Providence,SKU-1002,Grocery,8.54,0,0,0.511,122,522,1041.88
2024-07-15,Providence,SKU-1002,Grocery,8.63,0,0,0.327,74,464,638.62
2024-07-16,Providence,SKU-1002,Grocery,8.48,0,0,0.392,50,419,424.0
2024-07-17,Providence,SKU-1002,Grocery,8.67,0,0,0.255,71,119,615.57
2024-07-18,Providence,SKU-1002,Grocery,8.43,0,0,0.532,98,386,826.14
2024-07-19,Providence,SKU-1002,Grocery,8.49,0,0,0.3,72,354,611.28
2024-07-20,Providence,SKU-1002,Grocery,7.65,1,0,0.304,100,458,765.0
2024-07-21,Providence,SKU-1002,Grocery,8.59,0,0,0.447,101,444,867.59
2024-07-22,Providence,SKU-1002,Grocery,8.73,0,0,0.351,94,106,820.62
2024-07-23,Providence,SKU-1002,Grocery,8.49,0,0,0.459,92,360,781.08
2024-07-24,Providence,SKU-1002,Grocery,8.41,0,0,0.525,98,352,824.18
2024-07-25,Providence,SKU-1002,Grocery,8.58,0,0,0.269,86,549,737.88
2024-07-26,Providence,SKU-1002,Grocery,8.45,0,0,0.362,85,570,718.25
2024-07-27,Providence,SKU-1002,Grocery,8.48,0,0,0.26,90,565,763.2
2024-07-28,Providence,SKU-1002,Grocery,7.68,1,0,0.367,203,327,1559.04
2024-07-29,Providence,SKU-1002,Grocery,8.26,0,0,0.395,111,353,916.86
2024-07-30,Providence,SKU-1002,Grocery,7.81,1,0,0.428,84,360,656.04
2024-07-31,Providence,SKU-1002,Grocery,8.66,0,0,0.508,89,216,770.74
2024-08-01,Providence,SKU-1002,Grocery,8.32,0,0,0.353,85,265,707.2
2024-08-02,Providence,SKU-1002,Grocery,8.55,0,0,0.507,113,360,966.15
2024-08-03,Providence,SKU-1002,Grocery,8.39,0,0,0.25,90,475,755.1
2024-08-04,Providence,SKU-1002,Grocery,8.39,0,0,0.522,103,222,864.17
2024-08-05,Providence,SKU-1002,Grocery,8.54,0,0,0.425,75,303,640.5
2024-08-06,Providence,SKU-1002,Grocery,8.59,0,0,0.445,66,571,566.94
2024-08-07,Providence,SKU-1002,Grocery,8.28,0,0,0.13,82,324,678.96
2024-08-08,Providence,SKU-1002,Grocery,8.76,0,0,0.541,77,423,674.52
2024-08-09,Providence,SKU-1002,Grocery,8.45,0,0,0.378,105,498,887.25
2024-08-10,Providence,SKU-1002,Grocery,8.5,0,0,0.539,123,414,1045.5
2024-08-11,Providence,SKU-1002,Grocery,8.7,0,0,0.438,158,267,1374.6
2024-08-12,Providence,SKU-1002,Grocery,8.54,0,0,0.606,70,566,597.8
2024-08-13,Providence,SKU-1002,Grocery,8.37,0,0,0.541,97,529,811.89
2024-08-14,Providence,SKU-1002,Grocery,7.63,1,0,0.448,97,287,740.11
2024-08-15,Providence,SKU-1002,Grocery,8.52,0,0,0.368,81,507,690.12
2024-08-16,Providence,SKU-1002,Grocery,7.61,1,0,0.319,129,112,981.69
2024-08-17,Providence,SKU-1002,Grocery,8.27,0,0,0.504,126,330,1042.02
2024-08-18,Providence,SKU-1002,Grocery,8.43,0,0,0.474,86,366,724.98
2024-08-19,Providence,SKU-1002,Grocery,8.64,0,0,0.348,59,321,509.76
2024-08-20,Providence,SKU-1002,Grocery,8.54,0,0,0.324,87,403,742.98
2024-08-21,Providence,SKU-1002,Grocery,8.67,0,0,0.065,85,389,736.95
2024-08-22,Providence,SKU-1002,Grocery,8.4,0,0,0.288,74,468,621.6
2024-08-23,Providence,SKU-1002,Grocery,8.38,0,0,0.524,99,441,829.62
2024-08-24,Providence,SKU-1002,Grocery,8.7,0,0,0.348,88,546,765.6
2024-08-25,Providence,SKU-1002,Grocery,8.49,0,0,0.371,100,709,849.0
2024-08-26,Providence,SKU-1002,Grocery,8.53,0,0,0.375,77,490,656.81
2024-08-27,Providence,SKU-1002,Grocery,8.57,0,0,0.306,63,802,539.91
2024-08-28,Providence,SKU-1002,Grocery,8.3,0,0,0.385,63,390,522.9
2024-08-29,Providence,SKU-1002,Grocery,8.56,0,0,0.159,99,234,847.44
2024-08-30,Providence,SKU-1002,Grocery,8.56,0,0,0.27,97,320,830.32
2024-08-31,Providence,SKU-1002,Grocery,8.23,0,0,0.507,95,349,781.85
2024-09-01,Providence,SKU-1002,Grocery,7.54,1,0,0.103,121,458,912.34
2024-09-02,Providence,SKU-1002,Grocery,8.5,0,0,0.198,60,348,510.0
2024-09-03,Providence,SKU-1002,Grocery,8.43,0,0,0.609,82,488,691.26
2024-09-04,Providence,SKU-1002,Grocery,8.21,0,0,0.492,82,388,673.22
2024-09-05,Providence,SKU-1002,Grocery,7.46,1,0,0.305,72,625,537.12
2024-09-06,Providence,SKU-1002,Grocery,8.3,0,0,0.361,86,227,713.8
2024-09-07,Providence,SKU-1002,Grocery,8.55,0,0,0.295,105,358,897.75
2024-09-08,Providence,SKU-1002,Grocery,8.28,0,0,0.57,99,571,819.72
2024-09-09,Providence,SKU-1002,Grocery,8.34,0,0,0.41,76,360,633.84
2024-09-10,Providence,SKU-1002,Grocery,8.48,0,0,0.325,65,609,551.2
2024-09-11,Providence,SKU-1002,Grocery,8.42,0,0,0.411,74,243,623.08
2024-09-12,Providence,SKU-1002,Grocery,8.59,0,0,0.293,72,348,618.48
2024-09-13,Providence,SKU-1002,Grocery,8.54,0,0,0.547,115,472,982.1
2024-09-14,Providence,SKU-1002,Grocery,8.36,0,0,0.473,97,227,810.92
2024-09-15,Providence,SKU-1002,Grocery,8.48,0,0,0.188,100,469,848.0
2024-09-16,Providence,SKU-1002,Grocery,7.59,1,0,0.486,68,326,516.12
2024-09-17,Providence,SKU-1002,Grocery,8.49,0,0,0.267,75,280,636.75
2024-09-18,Providence,SKU-1002,Grocery,7.8,1,0,0.392,78,378,608.4
2024-09-19,Providence,SKU-1002,Grocery,7.71,1,0,0.689,83,364,639.93
2024-09-20,Providence,SKU-1002,Grocery,8.54,0,0,0.387,111,319,947.94
2024-09-21,Providence,SKU-1002,Grocery,8.49,0,0,0.358,133,325,1129.17
2024-09-22,Providence,SKU-1002,Grocery,8.72,0,0,0.503,82,464,715.04
2024-09-23,Providence,SKU-1002,Grocery,8.59,0,0,0.445,77,391,661.43
2024-09-24,Providence,SKU-1002,Grocery,8.5,0,0,0.323,96,309,816.0
2024-09-25,Providence,SKU-1002,Grocery,8.71,0,0,0.294,63,320,548.73
2024-09-26,Providence,SKU-1002,Grocery,8.43,0,0,0.146,75,377,632.25
2024-09-27,Providence,SKU-1002,Grocery,8.32,0,0,0.501,82,634,682.24
2024-09-28,Providence,SKU-1002,Grocery,8.37,0,0,0.48,89,393,744.93
2024-09-29,Providence,SKU-1002,Grocery,8.5,0,0,0.524,108,346,918.0
2024-09-30,Providence,SKU-1002,Grocery,7.52,1,0,0.45,88,431,661.76
2024-10-01,Providence,SKU-1002,Grocery,8.46,0,0,0.436,65,598,549.9
2024-10-02,Providence,SKU-1002,Grocery,8.72,0,0,0.236,73,503,636.56
2024-10-03,Providence,SKU-1002,Grocery,8.35,0,0,0.5,89,454,743.15
2024-10-04,Providence,SKU-1002,Grocery,8.56,0,0,0.422,48,581,410.88
2024-10-05,Providence,SKU-1002,Grocery,7.76,1,0,0.341,99,459,768.24
2024-10-06,Providence,SKU-1002,Grocery,7.68,1,0,0.48,131,190,1006.08
2024-10-07,Providence,SKU-1002,Grocery,8.57,0,0,0.338,78,385,668.46
2024-10-08,Providence,SKU-1002,Grocery,8.1,0,0,0.45,83,457,672.3
2024-10-09,Providence,SKU-1002,Grocery,8.53,0,0,0.483,89,464,759.17
2024-10-10,Providence,SKU-1002,Grocery,8.43,0,0,0.525,70,534,590.1
2024-10-11,Providence,SKU-1002,Grocery,8.45,0,0,0.492,103,608,870.35
2024-10-12,Providence,SKU-1002,Grocery,8.47,0,0,0.54,121,462,1024.87
2024-10-13,Providence,SKU-1002,Grocery,8.54,0,0,0.531,109,353,930.86
2024-10-14,Providence,SKU-1002,Grocery,8.73,0,0,0.532,76,423,663.48
2024-10-15,Providence,SKU-1002,Grocery,8.51,0,0,0.319,91,250,774.41
2024-10-16,Providence,SKU-1002,Grocery,8.74,0,0,0.397,65,373,568.1
2024-10-17,Providence,SKU-1002,Grocery,8.36,0,0,0.778,86,311,718.96
2024-10-18,Providence,SKU-1002,Grocery,8.6,0,0,0.674,103,381,885.8
2024-10-19,Providence,SKU-1002,Grocery,7.52,1,0,0.245,81,334,609.12
2024-10-20,Providence,SKU-1002,Grocery,8.34,0,0,0.081,74,374,617.16
2024-10-21,Providence,SKU-1002,Grocery,8.41,0,0,0.567,76,391,639.16
2024-10-22,Providence,SKU-1002,Grocery,8.39,0,0,0.484,72,330,604.08
2024-10-23,Providence,SKU-1002,Grocery,8.43,0,0,0.484,74,352,623.82
