data/raw/retail_daily_sales.csv
date,store,sku,category,price,promotion,holiday,weather_index,units_sold,inventory_on_hand,revenue
2024-10-24,Providence,SKU-1002,Grocery,7.53,1,0,0.275,85,505,640.05
2024-10-25,Providence,SKU-1002,Grocery,8.6,0,0,0.629,111,649,954.6
2024-10-26,Providence,SKU-1002,Grocery,8.48,0,0,0.421,104,447,881.92
2024-10-27,Providence,SKU-1002,Grocery,8.54,0,0,0.574,80,263,683.2
2024-10-28,Providence,SKU-1002,Grocery,8.41,0,0,0.406,67,325,563.47
2024-10-29,Providence,SKU-1002,Grocery,8.47,0,0,0.412,91,451,770.77
2024-10-30,Providence,SKU-1002,Grocery,8.47,0,0,0.53,87,428,736.89
2024-10-31,Providence,SKU-1002,Grocery,8.59,0,0,0.43,51,468,438.09
2024-11-01,Providence,SKU-1002,Grocery,8.54,0,0,0.45,82,469,700.28
2024-11-02,Providence,SKU-1002,Grocery,8.63,0,0,0.389,86,635,742.18
2024-11-03,Providence,SKU-1002,Grocery,8.53,0,0,0.517,49,315,417.97
2024-11-04,Providence,SKU-1002,Grocery,8.52,0,0,0.637,74,321,630.48
2024-11-05,Providence,SKU-1002,Grocery,8.47,0,0,0.469,108,99,914.76
2024-11-06,Providence,SKU-1002,Grocery,8.39,0,0,0.615,90,450,755.1
2024-11-07,Providence,SKU-1002,Grocery,8.48,0,0,0.501,75,447,636.0
2024-11-08,Providence,SKU-1002,Grocery,8.36,0,0,0.303,111,440,927.96
2024-11-09,Providence,SKU-1002,Grocery,8.72,0,0,0.443,100,541,872.0
2024-11-10,Providence,SKU-1002,Grocery,8.51,0,0,0.862,107,594,910.57
2024-11-11,Providence,SKU-1002,Grocery,8.36,0,0,0.649,58,640,484.88
2024-11-12,Providence,SKU-1002,Grocery,8.72,0,0,0.484,88,373,767.36
2024-11-13,Providence,SKU-1002,Grocery,8.32,0,0,0.52,79,380,657.28
2024-11-14,Providence,SKU-1002,Grocery,8.53,0,0,0.54,57,256,486.21
2024-11-15,Providence,SKU-1002,Grocery,8.56,0,0,0.327,43,542,368.08
2024-11-16,Providence,SKU-1002,Grocery,8.38,0,0,0.58,115,354,963.7
2024-11-17,Providence,SKU-1002,Grocery,8.54,0,0,0.606,100,545,854.0
2024-11-18,Providence,SKU-1002,Grocery,8.74,0,0,0.471,71,412,620.54
2024-11-19,Providence,SKU-1002,Grocery,8.49,0,0,0.542,82,114,696.18
2024-11-20,Providence,SKU-1002,Grocery,8.56,0,0,0.385,72,313,616.32
2024-11-21,Providence,SKU-1002,Grocery,8.59,0,0,0.475,73,384,627.07
2024-11-22,Providence,SKU-1002,Grocery,8.32,0,0,0.323,80,341,665.6
2024-11-23,Providence,SKU-1002,Grocery,8.23,0,0,0.437,122,483,1004.06
2024-11-24,Providence,SKU-1002,Grocery,8.29,0,0,0.426,100,534,829.0
2024-11-25,Providence,SKU-1002,Grocery,7.56,1,0,0.568,94,358,710.64
2024-11-26,Providence,SKU-1002,Grocery,8.46,0,0,0.714,61,333,516.06
2024-11-27,Providence,SKU-1002,Grocery,8.29,0,0,0.643,92,492,762.68
2024-11-28,Providence,SKU-1002,Grocery,8.38,0,0,0.535,114,376,955.32
2024-11-29,Providence,SKU-1002,Grocery,8.32,0,1,0.434,98,359,815.36
2024-11-30,Providence,SKU-1002,Grocery,8.56,0,0,0.449,92,476,787.52
2024-12-01,Providence,SKU-1002,Grocery,7.69,1,1,0.542,155,584,1191.95
2024-12-02,Providence,SKU-1002,Grocery,8.56,0,1,0.411,77,337,659.12
2024-12-03,Providence,SKU-1002,Grocery,8.57,0,1,0.741,105,319,899.85
2024-12-04,Providence,SKU-1002,Grocery,8.49,0,1,0.615,136,562,1154.64
2024-12-05,Providence,SKU-1002,Grocery,8.42,0,1,0.585,85,479,715.7
2024-12-06,Providence,SKU-1002,Grocery,8.64,0,1,0.611,86,392,743.04
2024-12-07,Providence,SKU-1002,Grocery,8.45,0,1,0.701,130,170,1098.5
2024-12-08,Providence,SKU-1002,Grocery,8.64,0,1,0.644,160,513,1382.4
2024-12-09,Providence,SKU-1002,Grocery,8.71,0,1,0.672,94,327,818.74
2024-12-10,Providence,SKU-1002,Grocery,8.58,0,1,0.496,106,375,909.48
2024-12-11,Providence,SKU-1002,Grocery,8.47,0,1,0.84,129,434,1092.63
2024-12-12,Providence,SKU-1002,Grocery,8.63,0,1,0.517,99,210,854.37
2024-12-13,Providence,SKU-1002,Grocery,8.5,0,1,0.364,138,264,1173.0
2024-12-14,Providence,SKU-1002,Grocery,8.52,0,1,0.564,112,426,954.24
2024-12-15,Providence,SKU-1002,Grocery,8.45,0,1,0.666,124,235,1047.8
2024-12-16,Providence,SKU-1002,Grocery,8.43,0,1,0.553,104,443,876.72
2024-12-17,Providence,SKU-1002,Grocery,8.56,0,1,0.654,71,667,607.76
2024-12-18,Providence,SKU-1002,Grocery,8.54,0,1,0.667,94,507,802.76
2024-12-19,Providence,SKU-1002,Grocery,8.42,0,1,0.555,110,511,926.2
2024-12-20,Providence,SKU-1002,Grocery,7.65,1,1,0.532,150,334,1147.5
2024-12-21,Providence,SKU-1002,Grocery,8.52,0,1,0.451,90,430,766.8
2024-12-22,Providence,SKU-1002,Grocery,8.59,0,1,0.492,96,658,824.64
2024-12-23,Providence,SKU-1002,Grocery,7.53,1,1,0.586,99,536,745.47
2024-12-24,Providence,SKU-1002,Grocery,8.44,0,1,0.524,96,54,810.24
2024-12-25,Providence,SKU-1002,Grocery,8.6,0,1,0.426,124,545,1066.4
2024-12-26,Providence,SKU-1002,Grocery,7.76,1,1,0.478,143,223,1109.68
2024-12-27,Providence,SKU-1002,Grocery,8.49,0,1,0.558,141,177,1197.09
2024-12-28,Providence,SKU-1002,Grocery,8.61,0,1,0.534,132,569,1136.52
2024-12-29,Providence,SKU-1002,Grocery,8.63,0,1,0.574,133,383,1147.79
2024-12-30,Providence,SKU-1002,Grocery,8.5,0,1,0.669,86,490,731.0
2024-12-31,Providence,SKU-1002,Grocery,7.61,1,1,0.71,81,520,616.41
2025-01-01,Providence,SKU-1002,Grocery,8.43,0,0,0.661,122,378,1028.46
2025-01-02,Providence,SKU-1002,Grocery,8.54,0,0,0.677,105,326,896.7
2025-01-03,Providence,SKU-1002,Grocery,8.5,0,0,0.645,129,602,1096.5
2025-01-04,Providence,SKU-1002,Grocery,8.31,0,0,0.917,124,460,1030.44
2025-01-05,Providence,SKU-1002,Grocery,8.55,0,0,0.646,137,664,1171.35
2025-01-06,Providence,SKU-1002,Grocery,7.54,1,0,0.871,136,431,1025.44
2025-01-07,Providence,SKU-1002,Grocery,8.6,0,0,0.635,87,501,748.2
2025-01-08,Providence,SKU-1002,Grocery,8.49,0,0,0.778,121,462,1027.29
2025-01-09,Providence,SKU-1002,Grocery,8.4,0,0,0.763,96,224,806.4
2025-01-10,Providence,SKU-1002,Grocery,8.42,0,0,0.864,129,611,1086.18
2025-01-11,Providence,SKU-1002,Grocery,8.37,0,0,0.69,117,239,979.29
2025-01-12,Providence,SKU-1002,Grocery,8.54,0,0,0.746,106,427,905.24
2025-01-13,Providence,SKU-1002,Grocery,8.43,0,0,0.822,66,446,556.38
2025-01-14,Providence,SKU-1002,Grocery,8.49,0,0,0.538,120,359,1018.8
2025-01-15,Providence,SKU-1002,Grocery,8.57,0,0,0.591,82,498,702.74
2025-01-16,Providence,SKU-1002,Grocery,8.48,0,0,0.52,120,413,1017.6
2025-01-17,Providence,SKU-1002,Grocery,8.25,0,0,0.568,139,639,1146.75
2025-01-18,Providence,SKU-1002,Grocery,8.43,0,0,0.587,162,406,1365.66
2025-01-19,Providence,SKU-1002,Grocery,8.27,0,0,0.623,105,385,868.35
2025-01-20,Providence,SKU-1002,Grocery,8.54,0,0,0.575,98,510,836.92
2025-01-21,Providence,SKU-1002,Grocery,8.5,0,0,0.581,97,439,824.5
2025-01-22,Providence,SKU-1002,Grocery,8.67,0,0,0.82,98,307,849.66
2025-01-23,Providence,SKU-1002,Grocery,8.52,0,0,0.652,80,288,681.6
2025-01-24,Providence,SKU-1002,Grocery,8.3,0,0,0.59,111,211,921.3
2025-01-25,Providence,SKU-1002,Grocery,8.42,0,0,0.659,133,355,1119.86
2025-01-26,Providence,SKU-1002,Grocery,8.6,0,0,0.785,143,106,1229.8
2025-01-27,Providence,SKU-1002,Grocery,8.62,0,0,0.761,99,363,853.38
2025-01-28,Providence,SKU-1002,Grocery,8.6,0,0,0.525,86,647,739.6
2025-01-29,Providence,SKU-1002,Grocery,8.38,0,0,0.757,85,363,712.3
2025-01-30,Providence,SKU-1002,Grocery,8.59,0,0,0.817,118,363,1013.62
2025-01-31,Providence,SKU-1002,Grocery,7.76,1,0,0.758,127,356,985.52
2025-02-01,Providence,SKU-1002,Grocery,8.68,0,0,0.814,96,500,833.28
2025-02-02,Providence,SKU-1002,Grocery,8.52,0,0,0.784,145,386,1235.4
2025-02-03,Providence,SKU-1002,Grocery,8.48,0,0,0.541,62,531,525.76
2025-02-04,Providence,SKU-1002,Grocery,8.63,0,0,0.649,109,352,940.67
2025-02-05,Providence,SKU-1002,Grocery,8.43,0,0,0.671,134,240,1129.62
2025-02-06,Providence,SKU-1002,Grocery,8.61,0,0,0.76,107,319,921.27
2025-02-07,Providence,SKU-1002,Grocery,8.72,0,0,0.783,106,462,924.32
2025-02-08,Providence,SKU-1002,Grocery,8.68,0,0,0.637,124,455,1076.32
2025-02-09,Providence,SKU-1002,Grocery,8.39,0,0,0.845,155,569,1300.45
2025-02-10,Providence,SKU-1002,Grocery,8.45,0,0,0.889,115,309,971.75
2025-02-11,Providence,SKU-1002,Grocery,8.47,0,0,0.725,120,465,1016.4
2025-02-12,Providence,SKU-1002,Grocery,8.52,0,0,0.812,73,351,621.96
2025-02-13,Providence,SKU-1002,Grocery,7.83,1,0,0.971,107,468,837.81
2025-02-14,Providence,SKU-1002,Grocery,8.54,0,0,0.765,166,562,1417.64
2025-02-15,Providence,SKU-1002,Grocery,7.74,1,0,0.767,188,437,1455.12
2025-02-16,Providence,SKU-1002,Grocery,8.23,0,0,0.72,112,285,921.76
2025-02-17,Providence,SKU-1002,Grocery,8.49,0,0,0.662,106,481,899.94
2025-02-18,Providence,SKU-1002,Grocery,7.64,1,0,0.834,82,384,626.48
2025-02-19,Providence,SKU-1002,Grocery,8.43,0,0,0.746,138,325,1163.34
2025-02-20,Providence,SKU-1002,Grocery,8.42,0,0,0.948,104,646,875.68
2025-02-21,Providence,SKU-1002,Grocery,7.63,1,0,0.655,158,465,1205.54
2025-02-22,Providence,SKU-1002,Grocery,8.67,0,0,0.692,122,508,1057.74
2025-02-23,Providence,SKU-1002,Grocery,7.56,1,0,0.775,202,398,1527.12
2025-02-24,Providence,SKU-1002,Grocery,8.37,0,0,0.698,132,243,1104.84
2025-02-25,Providence,SKU-1002,Grocery,8.38,0,0,0.764,115,486,963.7
2025-02-26,Providence,SKU-1002,Grocery,8.64,0,0,0.518,123,374,1062.72
2025-02-27,Providence,SKU-1002,Grocery,8.49,0,0,0.757,125,254,1061.25
2025-02-28,Providence,SKU-1002,Grocery,8.55,0,0,0.822,161,334,1376.55
2025-03-01,Providence,SKU-1002,Grocery,8.28,0,0,0.801,153,404,1266.84
2025-03-02,Providence,SKU-1002,Grocery,8.34,0,0,0.706,129,499,1075.86
2025-03-03,Providence,SKU-1002,Grocery,8.5,0,0,0.848,148,236,1258.0
2025-03-04,Providence,SKU-1002,Grocery,8.62,0,0,0.614,90,313,775.8
2025-03-05,Providence,SKU-1002,Grocery,8.55,0,0,0.725,79,540,675.45
2025-03-06,Providence,SKU-1002,Grocery,8.4,0,0,0.533,101,580,848.4
2025-03-07,Providence,SKU-1002,Grocery,8.38,0,0,0.935,109,335,913.42
2025-03-08,Providence,SKU-1002,Grocery,8.65,0,0,0.798,153,512,1323.45
2025-03-09,Providence,SKU-1002,Grocery,8.47,0,0,0.606,141,486,1194.27
2025-03-10,Providence,SKU-1002,Grocery,8.61,0,0,0.686,95,467,817.95
2025-03-11,Providence,SKU-1002,Grocery,7.52,1,0,0.615,141,466,1060.32
2025-03-12,Providence,SKU-1002,Grocery,8.42,0,0,0.722,131,450,1103.02
2025-03-13,Providence,SKU-1002,Grocery,8.4,0,0,0.6,90,376,756.0
2025-03-14,Providence,SKU-1002,Grocery,7.58,1,0,0.812,172,319,1303.76
2025-03-15,Providence,SKU-1002,Grocery,8.39,0,0,0.657,78,278,654.42
2025-03-16,Providence,SKU-1002,Grocery,8.37,0,0,0.654,102,403,853.74
2025-03-17,Providence,SKU-1002,Grocery,8.49,0,0,0.529,91,391,772.59
2025-03-18,Providence,SKU-1002,Grocery,8.67,0,0,0.81,87,525,754.29
2025-03-19,Providence,SKU-1002,Grocery,8.6,0,0,0.692,78,515,670.8
2025-03-20,Providence,SKU-1002,Grocery,8.49,0,0,0.624,116,353,984.84
2025-03-21,Providence,SKU-1002,Grocery,8.34,0,0,0.601,78,490,650.52
2025-03-22,Providence,SKU-1002,Grocery,8.54,0,0,0.779,104,411,888.16
2025-03-23,Providence,SKU-1002,Grocery,8.62,0,0,0.746,108,540,930.96
2025-03-24,Providence,SKU-1002,Grocery,7.57,1,0,0.683,132,467,999.24
2025-03-25,Providence,SKU-1002,Grocery,8.32,0,0,0.897,155,380,1289.6
2025-03-26,Providence,SKU-1002,Grocery,7.7,1,0,0.861,102,390,785.4
2025-03-27,Providence,SKU-1002,Grocery,8.45,0,0,0.511,115,511,971.75
2025-03-28,Providence,SKU-1002,Grocery,8.43,0,0,0.595,155,376,1306.65
2025-03-29,Providence,SKU-1002,Grocery,8.36,0,0,0.629,135,370,1128.6
2025-03-30,Providence,SKU-1002,Grocery,8.36,0,0,0.701,136,452,1136.96
2025-03-31,Providence,SKU-1002,Grocery,8.53,0,0,0.669,91,480,776.23
2025-04-01,Providence,SKU-1002,Grocery,8.66,0,0,0.765,113,369,978.58
2025-04-02,Providence,SKU-1002,Grocery,8.5,0,0,0.715,114,547,969.0
2025-04-03,Providence,SKU-1002,Grocery,8.67,0,0,0.778,98,375,849.66
2025-04-04,Providence,SKU-1002,Grocery,8.55,0,0,0.988,140,498,1197.0
2025-04-05,Providence,SKU-1002,Grocery,7.78,1,0,0.73,34,541,264.52
2025-04-06,Providence,SKU-1002,Grocery,8.68,0,0,0.347,149,411,1293.32
2025-04-07,Providence,SKU-1002,Grocery,8.64,0,0,0.721,116,326,1002.24
2025-04-08,Providence,SKU-1002,Grocery,7.84,1,0,0.81,83,253,650.72
2025-04-09,Providence,SKU-1002,Grocery,8.5,0,0,0.72,78,497,663.0
2025-04-10,Providence,SKU-1002,Grocery,8.47,0,0,0.436,96,411,813.12
2025-04-11,Providence,SKU-1002,Grocery,8.52,0,0,0.636,138,476,1175.76
2025-04-12,Providence,SKU-1002,Grocery,8.47,0,0,0.588,143,370,1211.21
2025-04-13,Providence,SKU-1002,Grocery,8.45,0,0,0.624,119,192,1005.55
2025-04-14,Providence,SKU-1002,Grocery,8.6,0,0,0.597,139,314,1195.4
2025-04-15,Providence,SKU-1002,Grocery,8.27,0,0,0.842,133,441,1099.91
2025-04-16,Providence,SKU-1002,Grocery,8.45,0,0,0.624,131,491,1106.95
2025-04-17,Providence,SKU-1002,Grocery,8.44,0,0,0.58,69,397,582.36
2025-04-18,Providence,SKU-1002,Grocery,8.49,0,0,0.531,135,517,1146.15
2025-04-19,Providence,SKU-1002,Grocery,8.39,0,0,0.752,57,460,478.23
2025-04-20,Providence,SKU-1002,Grocery,8.46,0,0,0.645,120,516,1015.2
2025-04-21,Providence,SKU-1002,Grocery,8.59,0,0,0.645,164,365,1408.76
2025-04-22,Providence,SKU-1002,Grocery,8.42,0,0,0.778,80,183,673.6
2025-04-23,Providence,SKU-1002,Grocery,8.5,0,0,0.597,68,507,578.0
2025-04-24,Providence,SKU-1002,Grocery,8.63,0,0,0.727,126,487,1087.38
2025-04-25,Providence,SKU-1002,Grocery,8.6,0,0,0.414,93,344,799.8
2025-04-26,Providence,SKU-1002,Grocery,8.53,0,0,0.763,159,262,1356.27
2025-04-27,Providence,SKU-1002,Grocery,8.47,0,0,0.665,50,739,423.5
2025-04-28,Providence,SKU-1002,Grocery,7.86,1,0,0.582,128,335,1006.08
2025-04-29,Providence,SKU-1002,Grocery,8.51,0,0,0.765,115,346,978.65
2025-04-30,Providence,SKU-1002,Grocery,7.68,1,0,0.632,129,518,990.72
2024-01-01,Providence,SKU-2001,Health,12.69,0,0,0.525,34,242,431.46
2024-01-02,Providence,SKU-2001,Health,12.81,0,0,0.582,47,309,602.07
2024-01-03,Providence,SKU-2001,Health,11.89,1,0,0.552,49,403,582.61
2024-01-04,Providence,SKU-2001,Health,13.07,0,0,0.617,28,305,365.96
2024-01-05,Providence,SKU-2001,Health,12.92,0,0,0.561,46,198,594.32
2024-01-06,Providence,SKU-2001,Health,13.08,0,0,0.747,55,317,719.4
2024-01-07,Providence,SKU-2001,Health,12.94,0,0,0.733,50,224,647.0
2024-01-08,Providence,SKU-2001,Health,11.66,1,0,0.456,51,323,594.66
2024-01-09,Providence,SKU-2001,Health,12.89,0,0,0.551,40,280,515.6
2024-01-10,Providence,SKU-2001,Health,12.6,0,0,0.798,33,256,415.8
2024-01-11,Providence,SKU-2001,Health,12.94,0,0,0.687,41,357,530.54
2024-01-12,Providence,SKU-2001,Health,13.27,0,0,0.759,48,317,636.96
2024-01-13,Providence,SKU-2001,Health,11.44,1,0,0.591,56,300,640.64
2024-01-14,Providence,SKU-2001,Health,13.25,0,0,0.838,59,182,781.75
2024-01-15,Providence,SKU-2001,Health,13.08,0,0,0.623,27,228,353.16
2024-01-16,Providence,SKU-2001,Health,13.38,0,0,0.719,56,245,749.28
2024-01-17,Providence,SKU-2001,Health,13.21,0,0,0.639,34,331,449.14
2024-01-18,Providence,SKU-2001,Health,12.92,0,0,0.695,38,293,490.96
2024-01-19,Providence,SKU-2001,Health,13.37,0,0,0.811,47,306,628.39
2024-01-20,Providence,SKU-2001,Health,12.94,0,0,0.847,49,237,634.06
2024-01-21,Providence,SKU-2001,Health,13.07,0,0,0.761,50,197,653.5
2024-01-22,Providence,SKU-2001,Health,12.96,0,0,0.724,51,224,660.96
2024-01-23,Providence,SKU-2001,Health,13.13,0,0,0.873,51,278,669.63
2024-01-24,Providence,SKU-2001,Health,13.09,0,0,0.748,40,262,523.6
2024-01-25,Providence,SKU-2001,Health,12.94,0,0,0.917,58,165,750.52
2024-01-26,Providence,SKU-2001,Health,12.97,0,0,0.821,55,267,713.35
2024-01-27,Providence,SKU-2001,Health,12.94,0,0,0.712,36,157,465.84
2024-01-28,Providence,SKU-2001,Health,13.04,0,0,0.789,33,138,430.32
2024-01-29,Providence,SKU-2001,Health,13.23,0,0,0.498,46,197,608.58
2024-01-30,Providence,SKU-2001,Health,12.55,0,0,0.802,27,285,338.85
2024-01-31,Providence,SKU-2001,Health,12.81,0,0,0.813,29,346,371.49
2024-02-01,Providence,SKU-2001,Health,13.3,0,0,0.712,54,348,718.2
2024-02-02,Providence,SKU-2001,Health,13.01,0,0,0.904,54,258,702.54
2024-02-03,Providence,SKU-2001,Health,13.24,0,0,0.723,47,196,622.28
2024-02-04,Providence,SKU-2001,Health,12.84,0,0,0.903,49,311,629.16
2024-02-05,Providence,SKU-2001,Health,12.96,0,0,0.666,42,222,544.32
2024-02-06,Providence,SKU-2001,Health,13.04,0,0,0.687,33,158,430.32
2024-02-07,Providence,SKU-2001,Health,11.73,1,0,0.559,52,246,609.96
2024-02-08,Providence,SKU-2001,Health,12.41,0,0,0.791,33,158,409.53
2024-02-09,Providence,SKU-2001,Health,12.67,0,0,0.811,58,218,734.86
2024-02-10,Providence,SKU-2001,Health,13.19,0,0,0.546,62,215,817.78
2024-02-11,Providence,SKU-2001,Health,12.96,0,0,0.801,39,289,505.44
2024-02-12,Providence,SKU-2001,Health,13.16,0,0,0.464,44,367,579.04
2024-02-13,Providence,SKU-2001,Health,12.93,0,0,0.652,39,299,504.27
2024-02-14,Providence,SKU-2001,Health,13.41,0,0,0.722,31,149,415.71
2024-02-15,Providence,SKU-2001,Health,13.16,0,0,0.665,48,220,631.68
2024-02-16,Providence,SKU-2001,Health,12.76,0,0,0.968,51,305,650.76
2024-02-17,Providence,SKU-2001,Health,12.94,0,0,0.862,47,202,608.18
2024-02-18,Providence,SKU-2001,Health,13.01,0,0,0.79,68,254,884.68
2024-02-19,Providence,SKU-2001,Health,12.77,0,0,0.614,33,156,421.41
2024-02-20,Providence,SKU-2001,Health,13.01,0,0,0.419,58,176,754.58
2024-02-21,Providence,SKU-2001,Health,12.83,0,0,0.466,45,173,577.35
2024-02-22,Providence,SKU-2001,Health,11.83,1,0,0.815,68,173,804.44
2024-02-23,Providence,SKU-2001,Health,12.92,0,0,0.668,57,288,736.44
2024-02-24,Providence,SKU-2001,Health,13.18,0,0,0.724,50,195,659.0
2024-02-25,Providence,SKU-2001,Health,13.05,0,0,0.75,50,418,652.5
2024-02-26,Providence,SKU-2001,Health,12.94,0,0,0.703,43,198,556.42
2024-02-27,Providence,SKU-2001,Health,12.73,0,0,0.593,39,220,496.47
2024-02-28,Providence,SKU-2001,Health,13.17,0,0,0.697,40,156,526.8
2024-02-29,Providence,SKU-2001,Health,13.24,0,0,0.703,41,276,542.84
2024-03-01,Providence,SKU-2001,Health,13.13,0,0,0.725,43,82,564.59
2024-03-02,Providence,SKU-2001,Health,13.32,0,0,0.77,72,206,959.04
2024-03-03,Providence,SKU-2001,Health,12.89,0,0,0.645,33,346,425.37
2024-03-04,Providence,SKU-2001,Health,12.86,0,0,0.63,33,229,424.38
2024-03-05,Providence,SKU-2001,Health,12.67,0,0,0.682,34,334,430.78
2024-03-06,Providence,SKU-2001,Health,13.0,0,0,0.667,55,274,715.0
2024-03-07,Providence,SKU-2001,Health,12.98,0,0,0.973,52,123,674.96
2024-03-08,Providence,SKU-2001,Health,13.32,0,0,0.752,46,249,612.72
2024-03-09,Providence,SKU-2001,Health,13.0,0,0,0.823,34,219,442.0
2024-03-10,Providence,SKU-2001,Health,13.03,0,0,0.729,70,204,912.1
2024-03-11,Providence,SKU-2001,Health,12.73,0,0,0.693,39,242,496.47
2024-03-12,Providence,SKU-2001,Health,12.84,0,0,0.735,54,174,693.36
