data/raw/retail_daily_sales.csv
date,store,sku,category,price,promotion,holiday,weather_index,units_sold,inventory_on_hand,revenue
2024-03-13,Providence,SKU-2001,Health,12.98,0,0,0.522,54,199,700.92
2024-03-14,Providence,SKU-2001,Health,12.87,0,0,0.862,50,270,643.5
2024-03-15,Providence,SKU-2001,Health,12.99,0,0,0.636,63,163,818.37
2024-03-16,Providence,SKU-2001,Health,12.99,0,0,0.805,54,236,701.46
2024-03-17,Providence,SKU-2001,Health,12.86,0,0,0.697,54,319,694.44
2024-03-18,Providence,SKU-2001,Health,12.96,0,0,0.683,42,141,544.32
2024-03-19,Providence,SKU-2001,Health,13.21,0,0,0.706,39,329,515.19
2024-03-20,Providence,SKU-2001,Health,12.82,0,0,0.649,57,242,730.74
2024-03-21,Providence,SKU-2001,Health,13.19,0,0,0.638,45,324,593.55
2024-03-22,Providence,SKU-2001,Health,12.77,0,0,0.587,49,265,625.73
2024-03-23,Providence,SKU-2001,Health,11.7,1,0,0.566,72,332,842.4
2024-03-24,Providence,SKU-2001,Health,13.06,0,0,0.459,60,464,783.6
2024-03-25,Providence,SKU-2001,Health,13.13,0,0,0.898,50,70,656.5
2024-03-26,Providence,SKU-2001,Health,13.11,0,0,0.56,45,156,589.95
2024-03-27,Providence,SKU-2001,Health,13.0,0,0,0.594,39,364,507.0
2024-03-28,Providence,SKU-2001,Health,12.77,0,0,0.471,34,255,434.18
2024-03-29,Providence,SKU-2001,Health,13.3,0,0,0.607,52,147,691.6
2024-03-30,Providence,SKU-2001,Health,12.67,0,0,0.943,36,224,456.12
2024-03-31,Providence,SKU-2001,Health,13.1,0,0,0.836,55,291,720.5
2024-04-01,Providence,SKU-2001,Health,12.98,0,0,0.624,36,306,467.28
2024-04-02,Providence,SKU-2001,Health,13.01,0,0,0.625,45,439,585.45
2024-04-03,Providence,SKU-2001,Health,13.19,0,0,0.712,54,254,712.26
2024-04-04,Providence,SKU-2001,Health,12.67,0,0,0.461,46,144,582.82
2024-04-05,Providence,SKU-2001,Health,12.94,0,0,0.578,60,174,776.4
2024-04-06,Providence,SKU-2001,Health,13.06,0,0,0.649,60,255,783.6
2024-04-07,Providence,SKU-2001,Health,13.39,0,0,0.605,70,186,937.3
2024-04-08,Providence,SKU-2001,Health,13.21,0,0,0.572,52,396,686.92
2024-04-09,Providence,SKU-2001,Health,12.89,0,0,0.629,56,190,721.84
2024-04-10,Providence,SKU-2001,Health,13.11,0,0,0.922,39,251,511.29
2024-04-11,Providence,SKU-2001,Health,12.64,0,0,0.748,45,227,568.8
2024-04-12,Providence,SKU-2001,Health,11.82,1,0,0.523,73,393,862.86
2024-04-13,Providence,SKU-2001,Health,12.89,0,0,0.711,53,157,683.17
2024-04-14,Providence,SKU-2001,Health,13.36,0,0,0.628,66,115,881.76
2024-04-15,Providence,SKU-2001,Health,13.2,0,0,0.541,43,133,567.6
2024-04-16,Providence,SKU-2001,Health,12.91,0,0,0.623,34,203,438.94
2024-04-17,Providence,SKU-2001,Health,13.0,0,0,0.53,41,130,533.0
2024-04-18,Providence,SKU-2001,Health,12.96,0,0,0.875,42,228,544.32
2024-04-19,Providence,SKU-2001,Health,13.03,0,0,0.64,68,281,886.04
2024-04-20,Providence,SKU-2001,Health,12.67,0,0,0.792,51,182,646.17
2024-04-21,Providence,SKU-2001,Health,11.96,1,0,0.681,68,319,813.28
2024-04-22,Providence,SKU-2001,Health,13.27,0,0,0.711,44,345,583.88
2024-04-23,Providence,SKU-2001,Health,13.33,0,0,0.829,42,202,559.86
2024-04-24,Providence,SKU-2001,Health,13.05,0,0,0.593,45,247,587.25
2024-04-25,Providence,SKU-2001,Health,11.74,1,0,0.584,61,317,716.14
2024-04-26,Providence,SKU-2001,Health,13.14,0,0,0.636,42,305,551.88
2024-04-27,Providence,SKU-2001,Health,13.27,0,0,0.709,56,234,743.12
2024-04-28,Providence,SKU-2001,Health,12.82,0,0,0.615,33,229,423.06
2024-04-29,Providence,SKU-2001,Health,12.86,0,0,0.577,56,285,720.16
2024-04-30,Providence,SKU-2001,Health,12.98,0,0,0.523,37,326,480.26
2024-05-01,Providence,SKU-2001,Health,12.98,0,0,0.626,27,250,350.46
2024-05-02,Providence,SKU-2001,Health,13.42,0,0,0.759,53,450,711.26
2024-05-03,Providence,SKU-2001,Health,13.18,0,0,0.539,54,174,711.72
2024-05-04,Providence,SKU-2001,Health,11.57,1,0,0.653,63,78,728.91
2024-05-05,Providence,SKU-2001,Health,12.82,0,0,0.65,55,317,705.1
2024-05-06,Providence,SKU-2001,Health,13.11,0,0,0.623,50,318,655.5
2024-05-07,Providence,SKU-2001,Health,12.53,0,0,0.56,40,327,501.2
2024-05-08,Providence,SKU-2001,Health,13.26,0,0,0.451,33,236,437.58
2024-05-09,Providence,SKU-2001,Health,13.12,0,0,0.67,50,206,656.0
2024-05-10,Providence,SKU-2001,Health,13.32,0,0,0.245,44,249,586.08
2024-05-11,Providence,SKU-2001,Health,12.97,0,0,0.503,53,290,687.41
2024-05-12,Providence,SKU-2001,Health,11.66,1,0,0.578,44,278,513.04
2024-05-13,Providence,SKU-2001,Health,13.11,0,0,0.717,34,223,445.74
2024-05-14,Providence,SKU-2001,Health,13.23,0,0,0.752,33,236,436.59
2024-05-15,Providence,SKU-2001,Health,11.38,1,0,0.378,56,89,637.28
2024-05-16,Providence,SKU-2001,Health,11.76,1,0,0.55,47,323,552.72
2024-05-17,Providence,SKU-2001,Health,13.0,0,0,0.61,68,282,884.0
2024-05-18,Providence,SKU-2001,Health,12.89,0,0,0.533,51,170,657.39
2024-05-19,Providence,SKU-2001,Health,12.93,0,0,0.635,54,268,698.22
2024-05-20,Providence,SKU-2001,Health,12.98,0,0,0.629,36,66,467.28
2024-05-21,Providence,SKU-2001,Health,13.0,0,0,0.754,45,251,585.0
2024-05-22,Providence,SKU-2001,Health,12.88,0,0,0.532,33,349,425.04
2024-05-23,Providence,SKU-2001,Health,12.97,0,0,0.607,39,209,505.83
2024-05-24,Providence,SKU-2001,Health,12.92,0,0,0.488,39,242,503.88
2024-05-25,Providence,SKU-2001,Health,13.03,0,0,0.629,58,294,755.74
2024-05-26,Providence,SKU-2001,Health,12.79,0,0,0.465,52,178,665.08
2024-05-27,Providence,SKU-2001,Health,12.67,0,0,0.631,37,192,468.79
2024-05-28,Providence,SKU-2001,Health,11.93,1,0,0.482,48,315,572.64
2024-05-29,Providence,SKU-2001,Health,13.47,0,0,0.202,40,201,538.8
2024-05-30,Providence,SKU-2001,Health,13.15,0,0,0.51,34,234,447.1
2024-05-31,Providence,SKU-2001,Health,12.67,0,0,0.76,44,240,557.48
2024-06-01,Providence,SKU-2001,Health,13.34,0,0,0.587,37,156,493.58
2024-06-02,Providence,SKU-2001,Health,12.65,0,0,0.613,40,369,506.0
2024-06-03,Providence,SKU-2001,Health,13.08,0,0,0.364,45,216,588.6
2024-06-04,Providence,SKU-2001,Health,12.9,0,0,0.47,47,185,606.3
2024-06-05,Providence,SKU-2001,Health,13.3,0,0,0.384,40,220,532.0
2024-06-06,Providence,SKU-2001,Health,13.28,0,0,0.645,37,254,491.36
2024-06-07,Providence,SKU-2001,Health,12.77,0,0,0.447,52,99,664.04
2024-06-08,Providence,SKU-2001,Health,13.21,0,0,0.426,37,296,488.77
2024-06-09,Providence,SKU-2001,Health,12.95,0,0,0.713,34,318,440.3
2024-06-10,Providence,SKU-2001,Health,12.72,0,0,0.562,44,362,559.68
2024-06-11,Providence,SKU-2001,Health,12.79,0,0,0.324,50,176,639.5
2024-06-12,Providence,SKU-2001,Health,12.97,0,0,0.548,41,223,531.77
2024-06-13,Providence,SKU-2001,Health,12.92,0,0,0.566,38,204,490.96
2024-06-14,Providence,SKU-2001,Health,13.09,0,0,0.425,38,367,497.42
2024-06-15,Providence,SKU-2001,Health,12.91,0,0,0.44,61,206,787.51
2024-06-16,Providence,SKU-2001,Health,11.68,1,0,0.686,44,280,513.92
2024-06-17,Providence,SKU-2001,Health,12.94,0,0,0.331,47,172,608.18
2024-06-18,Providence,SKU-2001,Health,13.29,0,0,0.607,38,169,505.02
2024-06-19,Providence,SKU-2001,Health,12.77,0,0,0.254,34,158,434.18
2024-06-20,Providence,SKU-2001,Health,12.92,0,0,0.505,33,255,426.36
2024-06-21,Providence,SKU-2001,Health,13.06,0,0,0.272,62,197,809.72
2024-06-22,Providence,SKU-2001,Health,11.8,1,0,0.538,54,296,637.2
2024-06-23,Providence,SKU-2001,Health,12.91,0,0,0.496,44,246,568.04
2024-06-24,Providence,SKU-2001,Health,11.7,1,0,0.387,46,238,538.2
2024-06-25,Providence,SKU-2001,Health,12.79,0,0,0.731,45,251,575.55
2024-06-26,Providence,SKU-2001,Health,12.49,0,0,0.399,28,230,349.72
2024-06-27,Providence,SKU-2001,Health,12.77,0,0,0.492,38,289,485.26
2024-06-28,Providence,SKU-2001,Health,12.97,0,0,0.655,40,307,518.8
2024-06-29,Providence,SKU-2001,Health,11.8,1,0,0.403,30,41,354.0
2024-06-30,Providence,SKU-2001,Health,13.36,0,0,0.435,36,237,480.96
2024-07-01,Providence,SKU-2001,Health,13.31,0,0,0.703,40,263,532.4
2024-07-02,Providence,SKU-2001,Health,13.0,0,0,0.397,41,222,533.0
2024-07-03,Providence,SKU-2001,Health,12.71,0,0,0.56,36,334,457.56
2024-07-04,Providence,SKU-2001,Health,12.75,0,1,0.519,37,229,471.75
2024-07-05,Providence,SKU-2001,Health,12.66,0,0,0.398,53,229,670.98
2024-07-06,Providence,SKU-2001,Health,11.67,1,0,0.299,57,298,665.19
2024-07-07,Providence,SKU-2001,Health,12.72,0,0,0.534,45,193,572.4
2024-07-08,Providence,SKU-2001,Health,12.76,0,0,0.295,27,190,344.52
2024-07-09,Providence,SKU-2001,Health,13.08,0,0,0.316,42,169,549.36
2024-07-10,Providence,SKU-2001,Health,13.44,0,0,0.49,32,303,430.08
2024-07-11,Providence,SKU-2001,Health,12.83,0,0,0.384,34,230,436.22
2024-07-12,Providence,SKU-2001,Health,12.71,0,0,0.386,54,234,686.34
2024-07-13,Providence,SKU-2001,Health,11.65,1,0,0.318,58,145,675.7
2024-07-14,Providence,SKU-2001,Health,13.03,0,0,0.58,41,186,534.23
2024-07-15,Providence,SKU-2001,Health,12.97,0,0,0.305,23,222,298.31
2024-07-16,Providence,SKU-2001,Health,11.9,1,0,0.638,49,350,583.1
2024-07-17,Providence,SKU-2001,Health,13.35,0,0,0.515,40,248,534.0
2024-07-18,Providence,SKU-2001,Health,13.11,0,0,0.313,35,77,458.85
2024-07-19,Providence,SKU-2001,Health,13.08,0,0,0.573,47,333,614.76
2024-07-20,Providence,SKU-2001,Health,13.2,0,0,0.421,56,152,739.2
2024-07-21,Providence,SKU-2001,Health,12.63,0,0,0.462,49,368,618.87
2024-07-22,Providence,SKU-2001,Health,12.88,0,0,0.339,27,178,347.76
2024-07-23,Providence,SKU-2001,Health,13.13,0,0,0.312,27,219,354.51
2024-07-24,Providence,SKU-2001,Health,11.7,1,0,0.474,51,226,596.7
2024-07-25,Providence,SKU-2001,Health,11.77,1,0,0.213,36,208,423.72
2024-07-26,Providence,SKU-2001,Health,13.13,0,0,0.195,32,238,420.16
2024-07-27,Providence,SKU-2001,Health,12.87,0,0,0.338,41,257,527.67
2024-07-28,Providence,SKU-2001,Health,13.09,0,0,0.288,45,246,589.05
2024-07-29,Providence,SKU-2001,Health,13.14,0,0,0.389,44,343,578.16
2024-07-30,Providence,SKU-2001,Health,13.09,0,0,0.361,45,240,589.05
2024-07-31,Providence,SKU-2001,Health,12.75,0,0,0.448,29,329,369.75
2024-08-01,Providence,SKU-2001,Health,13.21,0,0,0.122,48,229,634.08
2024-08-02,Providence,SKU-2001,Health,13.13,0,0,0.412,51,257,669.63
2024-08-03,Providence,SKU-2001,Health,13.37,0,0,0.486,29,435,387.73
2024-08-04,Providence,SKU-2001,Health,13.0,0,0,0.505,37,302,481.0
2024-08-05,Providence,SKU-2001,Health,13.08,0,0,0.489,20,261,261.6
2024-08-06,Providence,SKU-2001,Health,13.18,0,0,0.332,34,334,448.12
2024-08-07,Providence,SKU-2001,Health,12.92,0,0,0.266,36,354,465.12
2024-08-08,Providence,SKU-2001,Health,13.16,0,0,0.478,33,217,434.28
2024-08-09,Providence,SKU-2001,Health,12.98,0,0,0.248,30,304,389.4
2024-08-10,Providence,SKU-2001,Health,11.91,1,0,0.216,52,221,619.32
2024-08-11,Providence,SKU-2001,Health,12.73,0,0,0.441,50,246,636.5
2024-08-12,Providence,SKU-2001,Health,13.06,0,0,0.442,37,191,483.22
2024-08-13,Providence,SKU-2001,Health,13.03,0,0,0.192,33,253,429.99
2024-08-14,Providence,SKU-2001,Health,12.72,0,0,0.444,34,131,432.48
2024-08-15,Providence,SKU-2001,Health,13.09,0,0,0.324,28,194,366.52
2024-08-16,Providence,SKU-2001,Health,13.02,0,0,0.348,39,220,507.78
2024-08-17,Providence,SKU-2001,Health,12.88,0,0,0.766,44,155,566.72
2024-08-18,Providence,SKU-2001,Health,11.85,1,0,0.345,47,366,556.95
2024-08-19,Providence,SKU-2001,Health,13.07,0,0,0.317,37,325,483.59
2024-08-20,Providence,SKU-2001,Health,13.16,0,0,0.395,34,263,447.44
2024-08-21,Providence,SKU-2001,Health,13.03,0,0,0.32,35,268,456.05
2024-08-22,Providence,SKU-2001,Health,13.02,0,0,0.206,44,251,572.88
2024-08-23,Providence,SKU-2001,Health,11.61,1,0,0.555,62,273,719.82
2024-08-24,Providence,SKU-2001,Health,13.0,0,0,0.347,44,204,572.0
2024-08-25,Providence,SKU-2001,Health,13.11,0,0,0.296,46,169,603.06
2024-08-26,Providence,SKU-2001,Health,12.78,0,0,0.493,27,200,345.06
2024-08-27,Providence,SKU-2001,Health,12.95,0,0,0.25,38,316,492.1
2024-08-28,Providence,SKU-2001,Health,13.0,0,0,0.308,28,342,364.0
2024-08-29,Providence,SKU-2001,Health,13.0,0,0,0.336,26,282,338.0
2024-08-30,Providence,SKU-2001,Health,12.7,0,0,0.185,38,250,482.6
2024-08-31,Providence,SKU-2001,Health,13.01,0,0,0.451,40,290,520.4
2024-09-01,Providence,SKU-2001,Health,13.01,0,0,0.222,45,190,585.45
2024-09-02,Providence,SKU-2001,Health,13.2,0,0,0.239,28,276,369.6
2024-09-03,Providence,SKU-2001,Health,13.0,0,0,0.595,30,342,390.0
2024-09-04,Providence,SKU-2001,Health,12.53,0,0,0.241,35,169,438.55
2024-09-05,Providence,SKU-2001,Health,12.89,0,0,0.26,29,196,373.81
2024-09-06,Providence,SKU-2001,Health,11.64,1,0,0.578,42,331,488.88
2024-09-07,Providence,SKU-2001,Health,13.22,0,0,0.514,37,285,489.14
2024-09-08,Providence,SKU-2001,Health,13.11,0,0,0.602,43,284,563.73
2024-09-09,Providence,SKU-2001,Health,13.08,0,0,0.258,29,407,379.32
2024-09-10,Providence,SKU-2001,Health,13.21,0,0,0.267,29,359,383.09
2024-09-11,Providence,SKU-2001,Health,13.1,0,0,0.334,41,193,537.1
2024-09-12,Providence,SKU-2001,Health,12.82,0,0,0.36,34,198,435.88
2024-09-13,Providence,SKU-2001,Health,12.94,0,0,0.39,40,268,517.6
2024-09-14,Providence,SKU-2001,Health,12.97,0,0,0.38,37,260,479.89
2024-09-15,Providence,SKU-2001,Health,13.02,0,0,0.299,38,195,494.76
2024-09-16,Providence,SKU-2001,Health,13.02,0,0,0.33,32,177,416.64
2024-09-17,Providence,SKU-2001,Health,12.94,0,0,0.082,25,361,323.5
2024-09-18,Providence,SKU-2001,Health,13.26,0,0,0.472,29,176,384.54
2024-09-19,Providence,SKU-2001,Health,13.48,0,0,0.349,43,253,579.64
2024-09-20,Providence,SKU-2001,Health,12.79,0,0,0.336,32,159,409.28
2024-09-21,Providence,SKU-2001,Health,13.0,0,0,0.462,26,353,338.0
2024-09-22,Providence,SKU-2001,Health,11.8,1,0,0.562,47,109,554.6
2024-09-23,Providence,SKU-2001,Health,12.79,0,0,0.416,29,158,370.91
2024-09-24,Providence,SKU-2001,Health,12.91,0,0,0.345,39,234,503.49
2024-09-25,Providence,SKU-2001,Health,13.08,0,0,0.564,35,308,457.8
2024-09-26,Providence,SKU-2001,Health,12.82,0,0,0.379,27,190,346.14
2024-09-27,Providence,SKU-2001,Health,12.94,0,0,0.397,34,246,439.96
2024-09-28,Providence,SKU-2001,Health,12.96,0,0,0.491,41,166,531.36
2024-09-29,Providence,SKU-2001,Health,12.97,0,0,0.32,42,161,544.74
2024-09-30,Providence,SKU-2001,Health,13.1,0,0,0.52,27,268,353.7
2024-10-01,Providence,SKU-2001,Health,12.7,0,0,0.304,48,210,609.6
2024-10-02,Providence,SKU-2001,Health,12.45,0,0,0.444,36,189,448.2
2024-10-03,Providence,SKU-2001,Health,12.65,0,0,0.259,30,191,379.5
2024-10-04,Providence,SKU-2001,Health,13.03,0,0,0.402,44,250,573.32
2024-10-05,Providence,SKU-2001,Health,13.09,0,0,0.382,38,332,497.42
2024-10-06,Providence,SKU-2001,Health,13.27,0,0,0.514,32,109,424.64
2024-10-07,Providence,SKU-2001,Health,12.84,0,0,0.567,26,238,333.84
2024-10-08,Providence,SKU-2001,Health,12.97,0,0,0.559,32,355,415.04
2024-10-09,Providence,SKU-2001,Health,11.28,1,0,0.298,44,154,496.32
2024-10-10,Providence,SKU-2001,Health,13.28,0,0,0.364,28,264,371.84
2024-10-11,Providence,SKU-2001,Health,13.19,0,0,0.34,41,297,540.79
2024-10-12,Providence,SKU-2001,Health,13.02,0,0,0.533,41,273,533.82
2024-10-13,Providence,SKU-2001,Health,13.23,0,0,0.517,32,268,423.36
2024-10-14,Providence,SKU-2001,Health,13.18,0,0,0.428,32,48,421.76
2024-10-15,Providence,SKU-2001,Health,13.08,0,0,0.561,30,231,392.4
2024-10-16,Providence,SKU-2001,Health,12.74,0,0,0.226,26,357,331.24
2024-10-17,Providence,SKU-2001,Health,11.6,1,0,0.236,46,95,533.6
2024-10-18,Providence,SKU-2001,Health,11.58,1,0,0.481,42,113,486.36
2024-10-19,Providence,SKU-2001,Health,12.84,0,0,0.572,31,276,398.04
2024-10-20,Providence,SKU-2001,Health,12.96,0,0,0.553,38,283,492.48
2024-10-21,Providence,SKU-2001,Health,13.06,0,0,0.513,34,223,444.04
2024-10-22,Providence,SKU-2001,Health,13.07,0,0,0.535,42,228,548.94
2024-10-23,Providence,SKU-2001,Health,13.29,0,0,0.517,34,479,451.86
2024-10-24,Providence,SKU-2001,Health,12.95,0,0,0.352,30,229,388.5
2024-10-25,Providence,SKU-2001,Health,13.3,0,0,0.508,38,307,505.4
2024-10-26,Providence,SKU-2001,Health,11.81,1,0,0.491,55,272,649.55
2024-10-27,Providence,SKU-2001,Health,13.29,0,0,0.42,43,264,571.47
2024-10-28,Providence,SKU-2001,Health,12.92,0,0,0.422,24,204,310.08
2024-10-29,Providence,SKU-2001,Health,13.1,0,0,0.172,36,198,471.6
2024-10-30,Providence,SKU-2001,Health,12.95,0,0,0.474,32,354,414.4
2024-10-31,Providence,SKU-2001,Health,13.17,0,0,0.569,22,331,289.74
2024-11-01,Providence,SKU-2001,Health,12.8,0,0,0.35,55,161,704.0
2024-11-02,Providence,SKU-2001,Health,12.91,0,0,0.49,31,241,400.21
2024-11-03,Providence,SKU-2001,Health,13.17,0,0,0.529,30,316,395.1
2024-11-04,Providence,SKU-2001,Health,13.14,0,0,0.481,25,383,328.5
2024-11-05,Providence,SKU-2001,Health,12.91,0,0,0.646,29,146,374.39
2024-11-06,Providence,SKU-2001,Health,13.15,0,0,0.476,41,319,539.15
2024-11-07,Providence,SKU-2001,Health,13.05,0,0,0.41,33,281,430.65
2024-11-08,Providence,SKU-2001,Health,12.93,0,0,0.636,27,228,349.11
2024-11-09,Providence,SKU-2001,Health,12.98,0,0,0.732,46,230,597.08
2024-11-10,Providence,SKU-2001,Health,13.16,0,0,0.359,35,279,460.6
2024-11-11,Providence,SKU-2001,Health,13.26,0,0,0.505,21,50,278.46
2024-11-12,Providence,SKU-2001,Health,12.98,0,0,0.601,29,182,376.42
2024-11-13,Providence,SKU-2001,Health,13.03,0,0,0.434,38,194,495.14
2024-11-14,Providence,SKU-2001,Health,13.2,0,0,0.516,29,329,382.8
2024-11-15,Providence,SKU-2001,Health,13.23,0,0,0.659,37,252,489.51
2024-11-16,Providence,SKU-2001,Health,12.74,0,0,0.513,37,216,471.38
2024-11-17,Providence,SKU-2001,Health,11.78,1,0,0.526,34,211,400.52
2024-11-18,Providence,SKU-2001,Health,13.09,0,0,0.575,28,286,366.52
2024-11-19,Providence,SKU-2001,Health,13.13,0,0,0.645,39,216,512.07
2024-11-20,Providence,SKU-2001,Health,13.12,0,0,0.489,32,91,419.84
2024-11-21,Providence,SKU-2001,Health,12.91,0,0,0.764,26,222,335.66
2024-11-22,Providence,SKU-2001,Health,13.19,0,0,0.734,37,210,488.03
2024-11-23,Providence,SKU-2001,Health,13.21,0,0,0.547,32,171,422.72
2024-11-24,Providence,SKU-2001,Health,12.59,0,0,0.524,55,246,692.45
2024-11-25,Providence,SKU-2001,Health,12.78,0,0,0.53,33,183,421.74
2024-11-26,Providence,SKU-2001,Health,12.8,0,0,0.698,31,248,396.8
2024-11-27,Providence,SKU-2001,Health,13.1,0,0,0.326,37,81,484.7
2024-11-28,Providence,SKU-2001,Health,13.11,0,0,0.419,27,211,353.97
2024-11-29,Providence,SKU-2001,Health,13.03,0,1,0.334,51,268,664.53
2024-11-30,Providence,SKU-2001,Health,13.03,0,0,0.516,28,277,364.84
2024-12-01,Providence,SKU-2001,Health,13.08,0,1,0.754,50,262,654.0
2024-12-02,Providence,SKU-2001,Health,12.98,0,1,0.734,36,224,467.28
