data/raw/retail_daily_sales.csv
date,store,sku,category,price,promotion,holiday,weather_index,units_sold,inventory_on_hand,revenue
2024-12-03,Providence,SKU-2001,Health,12.77,0,1,0.896,32,260,408.64
2024-12-04,Providence,SKU-2001,Health,12.95,0,1,0.571,39,154,505.05
2024-12-05,Providence,SKU-2001,Health,13.11,0,1,0.556,38,202,498.18
2024-12-06,Providence,SKU-2001,Health,12.91,0,1,0.74,40,195,516.4
2024-12-07,Providence,SKU-2001,Health,12.81,0,1,0.775,43,294,550.83
2024-12-08,Providence,SKU-2001,Health,12.72,0,1,0.441,60,124,763.2
2024-12-09,Providence,SKU-2001,Health,13.06,0,1,0.664,34,174,444.04
2024-12-10,Providence,SKU-2001,Health,12.45,0,1,0.689,34,291,423.3
2024-12-11,Providence,SKU-2001,Health,11.87,1,1,0.632,66,149,783.42
2024-12-12,Providence,SKU-2001,Health,12.95,0,1,0.755,38,398,492.1
2024-12-13,Providence,SKU-2001,Health,13.1,0,1,0.762,41,160,537.1
2024-12-14,Providence,SKU-2001,Health,12.95,0,1,0.624,30,242,388.5
2024-12-15,Providence,SKU-2001,Health,11.87,1,1,0.694,69,125,819.03
2024-12-16,Providence,SKU-2001,Health,13.23,0,1,0.882,29,224,383.67
2024-12-17,Providence,SKU-2001,Health,12.99,0,1,0.603,50,160,649.5
2024-12-18,Providence,SKU-2001,Health,12.92,0,1,0.486,42,246,542.64
2024-12-19,Providence,SKU-2001,Health,12.98,0,1,0.764,41,250,532.18
2024-12-20,Providence,SKU-2001,Health,13.13,0,1,0.59,59,181,774.67
2024-12-21,Providence,SKU-2001,Health,13.16,0,1,0.649,69,117,908.04
2024-12-22,Providence,SKU-2001,Health,12.72,0,1,0.478,60,218,763.2
2024-12-23,Providence,SKU-2001,Health,12.87,0,1,0.845,37,171,476.19
2024-12-24,Providence,SKU-2001,Health,13.39,0,1,0.586,50,319,669.5
2024-12-25,Providence,SKU-2001,Health,13.13,0,1,0.721,32,167,420.16
2024-12-26,Providence,SKU-2001,Health,12.94,0,1,0.635,30,174,388.2
2024-12-27,Providence,SKU-2001,Health,13.01,0,1,0.727,77,193,1001.77
2024-12-28,Providence,SKU-2001,Health,12.66,0,1,0.617,39,248,493.74
2024-12-29,Providence,SKU-2001,Health,13.33,0,1,0.597,39,307,519.87
2024-12-30,Providence,SKU-2001,Health,12.85,0,1,0.599,47,273,603.95
2024-12-31,Providence,SKU-2001,Health,13.09,0,1,0.756,45,242,589.05
2025-01-01,Providence,SKU-2001,Health,13.0,0,0,0.617,46,139,598.0
2025-01-02,Providence,SKU-2001,Health,13.05,0,0,0.622,26,248,339.3
2025-01-03,Providence,SKU-2001,Health,12.95,0,0,0.408,34,408,440.3
2025-01-04,Providence,SKU-2001,Health,12.81,0,0,0.652,53,195,678.93
2025-01-05,Providence,SKU-2001,Health,13.08,0,0,0.644,53,358,693.24
2025-01-06,Providence,SKU-2001,Health,12.87,0,0,0.77,41,157,527.67
2025-01-07,Providence,SKU-2001,Health,12.82,0,0,0.723,39,235,499.98
2025-01-08,Providence,SKU-2001,Health,12.92,0,0,0.699,33,439,426.36
2025-01-09,Providence,SKU-2001,Health,12.89,0,0,0.929,29,276,373.81
2025-01-10,Providence,SKU-2001,Health,13.23,0,0,0.832,44,241,582.12
2025-01-11,Providence,SKU-2001,Health,12.84,0,0,0.666,33,287,423.72
2025-01-12,Providence,SKU-2001,Health,12.75,0,0,0.588,58,274,739.5
2025-01-13,Providence,SKU-2001,Health,12.84,0,0,0.872,28,302,359.52
2025-01-14,Providence,SKU-2001,Health,13.11,0,0,0.808,45,276,589.95
2025-01-15,Providence,SKU-2001,Health,13.05,0,0,0.761,40,320,522.0
2025-01-16,Providence,SKU-2001,Health,12.72,0,0,0.731,50,208,636.0
2025-01-17,Providence,SKU-2001,Health,12.59,0,0,0.637,52,40,654.68
2025-01-18,Providence,SKU-2001,Health,13.19,0,0,0.746,57,276,751.83
2025-01-19,Providence,SKU-2001,Health,13.01,0,0,0.627,60,361,780.6
2025-01-20,Providence,SKU-2001,Health,12.8,0,0,0.858,43,254,550.4
2025-01-21,Providence,SKU-2001,Health,12.78,0,0,0.782,49,366,626.22
2025-01-22,Providence,SKU-2001,Health,13.03,0,0,0.964,33,253,429.99
2025-01-23,Providence,SKU-2001,Health,13.47,0,0,0.621,32,339,431.04
2025-01-24,Providence,SKU-2001,Health,12.98,0,0,0.835,55,251,713.9
2025-01-25,Providence,SKU-2001,Health,13.77,0,0,0.795,50,154,688.5
2025-01-26,Providence,SKU-2001,Health,12.89,0,0,0.711,66,328,850.74
2025-01-27,Providence,SKU-2001,Health,13.25,0,0,0.709,27,304,357.75
2025-01-28,Providence,SKU-2001,Health,12.83,0,0,0.703,45,217,577.35
2025-01-29,Providence,SKU-2001,Health,12.9,0,0,0.782,32,160,412.8
2025-01-30,Providence,SKU-2001,Health,11.85,1,0,0.654,42,356,497.7
2025-01-31,Providence,SKU-2001,Health,13.25,0,0,0.822,44,182,583.0
2025-02-01,Providence,SKU-2001,Health,11.52,1,0,0.798,69,179,794.88
2025-02-02,Providence,SKU-2001,Health,13.28,0,0,0.789,60,278,796.8
2025-02-03,Providence,SKU-2001,Health,12.97,0,0,0.717,38,297,492.86
2025-02-04,Providence,SKU-2001,Health,12.96,0,0,0.635,49,256,635.04
2025-02-05,Providence,SKU-2001,Health,12.65,0,0,0.728,39,209,493.35
2025-02-06,Providence,SKU-2001,Health,13.13,0,0,0.987,48,248,630.24
2025-02-07,Providence,SKU-2001,Health,12.91,0,0,0.643,45,217,580.95
2025-02-08,Providence,SKU-2001,Health,12.75,0,0,0.644,50,229,637.5
2025-02-09,Providence,SKU-2001,Health,12.68,0,0,0.777,56,206,710.08
2025-02-10,Providence,SKU-2001,Health,12.78,0,0,0.806,42,292,536.76
2025-02-11,Providence,SKU-2001,Health,12.88,0,0,0.86,36,247,463.68
2025-02-12,Providence,SKU-2001,Health,13.0,0,0,0.772,28,281,364.0
2025-02-13,Providence,SKU-2001,Health,12.92,0,0,0.594,42,175,542.64
2025-02-14,Providence,SKU-2001,Health,12.96,0,0,0.8,42,138,544.32
2025-02-15,Providence,SKU-2001,Health,12.78,0,0,0.83,57,140,728.46
2025-02-16,Providence,SKU-2001,Health,13.34,0,0,0.838,48,265,640.32
2025-02-17,Providence,SKU-2001,Health,13.01,0,0,0.784,41,256,533.41
2025-02-18,Providence,SKU-2001,Health,12.93,0,0,0.679,43,266,555.99
2025-02-19,Providence,SKU-2001,Health,12.8,0,0,0.778,53,254,678.4
2025-02-20,Providence,SKU-2001,Health,12.77,0,0,0.887,43,211,549.11
2025-02-21,Providence,SKU-2001,Health,11.92,1,0,0.706,66,249,786.72
2025-02-22,Providence,SKU-2001,Health,13.04,0,0,0.543,55,241,717.2
2025-02-23,Providence,SKU-2001,Health,13.04,0,0,0.89,41,227,534.64
2025-02-24,Providence,SKU-2001,Health,11.77,1,0,1.0,56,330,659.12
2025-02-25,Providence,SKU-2001,Health,12.93,0,0,0.815,45,263,581.85
2025-02-26,Providence,SKU-2001,Health,12.95,0,0,0.816,48,185,621.6
2025-02-27,Providence,SKU-2001,Health,13.08,0,0,0.706,54,227,706.32
2025-02-28,Providence,SKU-2001,Health,12.82,0,0,0.72,50,221,641.0
2025-03-01,Providence,SKU-2001,Health,12.87,0,0,0.796,56,117,720.72
2025-03-02,Providence,SKU-2001,Health,13.11,0,0,0.667,53,153,694.83
2025-03-03,Providence,SKU-2001,Health,12.83,0,0,0.654,46,275,590.18
2025-03-04,Providence,SKU-2001,Health,13.09,0,0,0.81,41,104,536.69
2025-03-05,Providence,SKU-2001,Health,13.1,0,0,0.699,44,174,576.4
2025-03-06,Providence,SKU-2001,Health,13.43,0,0,0.994,54,343,725.22
2025-03-07,Providence,SKU-2001,Health,12.97,0,0,0.538,68,311,881.96
2025-03-08,Providence,SKU-2001,Health,12.88,0,0,0.505,63,111,811.44
2025-03-09,Providence,SKU-2001,Health,12.71,0,0,0.751,50,291,635.5
2025-03-10,Providence,SKU-2001,Health,12.52,0,0,0.46,57,391,713.64
2025-03-11,Providence,SKU-2001,Health,12.93,0,0,0.826,38,262,491.34
2025-03-12,Providence,SKU-2001,Health,12.89,0,0,0.755,35,300,451.15
2025-03-13,Providence,SKU-2001,Health,13.26,0,0,0.698,50,112,663.0
2025-03-14,Providence,SKU-2001,Health,12.03,1,0,0.482,65,338,781.95
2025-03-15,Providence,SKU-2001,Health,13.05,0,0,0.739,69,289,900.45
2025-03-16,Providence,SKU-2001,Health,12.85,0,0,0.688,43,280,552.55
2025-03-17,Providence,SKU-2001,Health,11.78,1,0,0.577,60,216,706.8
2025-03-18,Providence,SKU-2001,Health,13.02,0,0,0.788,44,294,572.88
2025-03-19,Providence,SKU-2001,Health,11.87,1,0,0.701,60,303,712.2
2025-03-20,Providence,SKU-2001,Health,13.12,0,0,0.673,50,237,656.0
2025-03-21,Providence,SKU-2001,Health,11.74,1,0,0.664,69,315,810.06
2025-03-22,Providence,SKU-2001,Health,13.0,0,0,0.722,71,330,923.0
2025-03-23,Providence,SKU-2001,Health,12.85,0,0,0.685,57,321,732.45
2025-03-24,Providence,SKU-2001,Health,13.18,0,0,0.693,35,349,461.3
2025-03-25,Providence,SKU-2001,Health,13.13,0,0,0.794,54,300,709.02
2025-03-26,Providence,SKU-2001,Health,13.2,0,0,0.639,35,296,462.0
2025-03-27,Providence,SKU-2001,Health,13.13,0,0,0.631,34,282,446.42
2025-03-28,Providence,SKU-2001,Health,12.73,0,0,0.667,61,252,776.53
2025-03-29,Providence,SKU-2001,Health,12.99,0,0,0.762,58,186,753.42
2025-03-30,Providence,SKU-2001,Health,13.03,0,0,0.497,57,397,742.71
2025-03-31,Providence,SKU-2001,Health,12.95,0,0,0.703,45,327,582.75
2025-04-01,Providence,SKU-2001,Health,12.97,0,0,0.647,38,133,492.86
2025-04-02,Providence,SKU-2001,Health,13.08,0,0,0.77,40,242,523.2
2025-04-03,Providence,SKU-2001,Health,13.28,0,0,0.782,43,280,571.04
2025-04-04,Providence,SKU-2001,Health,12.77,0,0,0.689,51,159,651.27
2025-04-05,Providence,SKU-2001,Health,11.49,1,0,0.637,62,173,712.38
2025-04-06,Providence,SKU-2001,Health,12.6,0,0,0.68,55,243,693.0
2025-04-07,Providence,SKU-2001,Health,12.99,0,0,0.624,55,222,714.45
2025-04-08,Providence,SKU-2001,Health,12.95,0,0,0.742,48,284,621.6
2025-04-09,Providence,SKU-2001,Health,13.01,0,0,0.603,46,388,598.46
2025-04-10,Providence,SKU-2001,Health,13.16,0,0,0.566,41,308,539.56
2025-04-11,Providence,SKU-2001,Health,12.9,0,0,0.93,54,382,696.6
2025-04-12,Providence,SKU-2001,Health,12.93,0,0,0.779,67,171,866.31
2025-04-13,Providence,SKU-2001,Health,12.96,0,0,0.604,64,308,829.44
2025-04-14,Providence,SKU-2001,Health,11.48,1,0,0.553,54,234,619.92
2025-04-15,Providence,SKU-2001,Health,12.78,0,0,0.713,27,183,345.06
2025-04-16,Providence,SKU-2001,Health,12.64,0,0,0.66,56,352,707.84
2025-04-17,Providence,SKU-2001,Health,12.8,0,0,0.51,42,342,537.6
2025-04-18,Providence,SKU-2001,Health,13.13,0,0,0.381,47,201,617.11
2025-04-19,Providence,SKU-2001,Health,12.96,0,0,0.627,54,265,699.84
2025-04-20,Providence,SKU-2001,Health,13.07,0,0,0.745,48,225,627.36
2025-04-21,Providence,SKU-2001,Health,13.34,0,0,0.482,40,168,533.6
2025-04-22,Providence,SKU-2001,Health,12.89,0,0,0.596,44,217,567.16
2025-04-23,Providence,SKU-2001,Health,13.0,0,0,0.64,51,350,663.0
2025-04-24,Providence,SKU-2001,Health,12.78,0,0,0.727,38,170,485.64
2025-04-25,Providence,SKU-2001,Health,11.72,1,0,0.812,56,329,656.32
2025-04-26,Providence,SKU-2001,Health,13.03,0,0,0.709,56,171,729.68
2025-04-27,Providence,SKU-2001,Health,12.88,0,0,0.406,59,233,759.92
2025-04-28,Providence,SKU-2001,Health,12.9,0,0,0.591,42,363,541.8
2025-04-29,Providence,SKU-2001,Health,12.76,0,0,0.638,34,155,433.84
2025-04-30,Providence,SKU-2001,Health,12.92,0,0,0.653,44,288,568.48
2024-01-01,Providence,SKU-2002,Health,18.96,0,0,0.638,31,157,587.76
2024-01-02,Providence,SKU-2002,Health,19.01,0,0,0.85,34,196,646.34
2024-01-03,Providence,SKU-2002,Health,19.17,0,0,0.632,21,218,402.57
2024-01-04,Providence,SKU-2002,Health,19.39,0,0,0.671,40,210,775.6
2024-01-05,Providence,SKU-2002,Health,18.88,0,0,0.747,30,163,566.4
2024-01-06,Providence,SKU-2002,Health,19.22,0,0,0.755,44,150,845.68
2024-01-07,Providence,SKU-2002,Health,18.59,0,0,0.535,36,255,669.24
2024-01-08,Providence,SKU-2002,Health,18.93,0,0,0.751,26,158,492.18
2024-01-09,Providence,SKU-2002,Health,19.33,0,0,0.695,25,262,483.25
2024-01-10,Providence,SKU-2002,Health,19.39,0,0,0.693,21,326,407.19
2024-01-11,Providence,SKU-2002,Health,19.26,0,0,0.773,36,166,693.36
2024-01-12,Providence,SKU-2002,Health,19.18,0,0,0.688,39,167,748.02
2024-01-13,Providence,SKU-2002,Health,19.22,0,0,0.871,33,225,634.26
2024-01-14,Providence,SKU-2002,Health,18.56,0,0,0.538,32,68,593.92
2024-01-15,Providence,SKU-2002,Health,18.98,0,0,0.433,20,193,379.6
2024-01-16,Providence,SKU-2002,Health,19.24,0,0,0.64,30,246,577.2
2024-01-17,Providence,SKU-2002,Health,19.39,0,0,0.705,35,156,678.65
2024-01-18,Providence,SKU-2002,Health,17.2,1,0,0.717,33,187,567.6
2024-01-19,Providence,SKU-2002,Health,18.93,0,0,0.523,26,104,492.18
2024-01-20,Providence,SKU-2002,Health,19.08,0,0,0.721,37,221,705.96
2024-01-21,Providence,SKU-2002,Health,18.9,0,0,0.757,49,250,926.1
2024-01-22,Providence,SKU-2002,Health,18.54,0,0,0.89,35,222,648.9
2024-01-23,Providence,SKU-2002,Health,19.34,0,0,0.848,32,171,618.88
2024-01-24,Providence,SKU-2002,Health,18.94,0,0,0.668,36,272,681.84
2024-01-25,Providence,SKU-2002,Health,19.09,0,0,0.77,27,285,515.43
2024-01-26,Providence,SKU-2002,Health,19.49,0,0,0.659,37,133,721.13
2024-01-27,Providence,SKU-2002,Health,17.28,1,0,0.765,44,177,760.32
2024-01-28,Providence,SKU-2002,Health,19.05,0,0,0.8,26,240,495.3
2024-01-29,Providence,SKU-2002,Health,18.66,0,0,0.889,24,109,447.84
2024-01-30,Providence,SKU-2002,Health,18.56,0,0,0.781,19,134,352.64
2024-01-31,Providence,SKU-2002,Health,19.36,0,0,0.852,29,71,561.44
2024-02-01,Providence,SKU-2002,Health,19.34,0,0,0.776,24,172,464.16
2024-02-02,Providence,SKU-2002,Health,18.66,0,0,0.834,35,132,653.1
2024-02-03,Providence,SKU-2002,Health,18.88,0,0,0.585,53,159,1000.64
2024-02-04,Providence,SKU-2002,Health,18.84,0,0,0.661,49,275,923.16
2024-02-05,Providence,SKU-2002,Health,18.96,0,0,0.6,32,115,606.72
2024-02-06,Providence,SKU-2002,Health,18.85,0,0,0.716,25,277,471.25
2024-02-07,Providence,SKU-2002,Health,18.94,0,0,0.659,41,151,776.54
2024-02-08,Providence,SKU-2002,Health,18.64,0,0,0.811,34,259,633.76
2024-02-09,Providence,SKU-2002,Health,18.96,0,0,0.623,54,93,1023.84
2024-02-10,Providence,SKU-2002,Health,19.45,0,0,0.75,46,57,894.7
2024-02-11,Providence,SKU-2002,Health,19.21,0,0,0.542,30,207,576.3
2024-02-12,Providence,SKU-2002,Health,19.15,0,0,0.793,30,125,574.5
2024-02-13,Providence,SKU-2002,Health,19.24,0,0,0.766,25,228,481.0
2024-02-14,Providence,SKU-2002,Health,18.91,0,0,0.646,37,103,699.67
2024-02-15,Providence,SKU-2002,Health,17.5,1,0,0.856,27,275,472.5
2024-02-16,Providence,SKU-2002,Health,18.27,0,0,0.721,48,247,876.96
2024-02-17,Providence,SKU-2002,Health,18.36,0,0,0.686,37,236,679.32
2024-02-18,Providence,SKU-2002,Health,18.61,0,0,0.833,43,105,800.23
2024-02-19,Providence,SKU-2002,Health,19.29,0,0,0.708,24,190,462.96
2024-02-20,Providence,SKU-2002,Health,18.55,0,0,0.956,37,183,686.35
2024-02-21,Providence,SKU-2002,Health,18.67,0,0,0.769,24,180,448.08
2024-02-22,Providence,SKU-2002,Health,19.46,0,0,0.737,33,85,642.18
2024-02-23,Providence,SKU-2002,Health,19.05,0,0,0.471,42,213,800.1
2024-02-24,Providence,SKU-2002,Health,18.35,0,0,0.61,32,234,587.2
2024-02-25,Providence,SKU-2002,Health,17.46,1,0,0.73,57,71,995.22
2024-02-26,Providence,SKU-2002,Health,19.02,0,0,0.742,25,194,475.5
2024-02-27,Providence,SKU-2002,Health,19.77,0,0,0.787,28,58,553.56
2024-02-28,Providence,SKU-2002,Health,18.7,0,0,0.684,36,258,673.2
2024-02-29,Providence,SKU-2002,Health,19.01,0,0,0.653,29,203,551.29
2024-03-01,Providence,SKU-2002,Health,19.12,0,0,0.866,32,204,611.84
2024-03-02,Providence,SKU-2002,Health,19.19,0,0,0.733,58,251,1113.02
2024-03-03,Providence,SKU-2002,Health,19.49,0,0,0.554,51,113,993.99
2024-03-04,Providence,SKU-2002,Health,19.34,0,0,0.587,29,199,560.86
2024-03-05,Providence,SKU-2002,Health,19.97,0,0,0.775,28,130,559.16
2024-03-06,Providence,SKU-2002,Health,19.12,0,0,0.778,29,311,554.48
2024-03-07,Providence,SKU-2002,Health,19.17,0,0,0.83,40,195,766.8
2024-03-08,Providence,SKU-2002,Health,17.33,1,0,0.831,63,79,1091.79
2024-03-09,Providence,SKU-2002,Health,18.23,0,0,0.781,48,151,875.04
2024-03-10,Providence,SKU-2002,Health,16.96,1,0,0.662,44,154,746.24
2024-03-11,Providence,SKU-2002,Health,19.52,0,0,0.672,35,147,683.2
2024-03-12,Providence,SKU-2002,Health,18.54,0,0,0.574,34,236,630.36
2024-03-13,Providence,SKU-2002,Health,18.6,0,0,0.686,39,169,725.4
2024-03-14,Providence,SKU-2002,Health,19.12,0,0,0.625,34,134,650.08
2024-03-15,Providence,SKU-2002,Health,16.74,1,0,0.736,49,209,820.26
2024-03-16,Providence,SKU-2002,Health,18.9,0,0,0.826,34,112,642.6
2024-03-17,Providence,SKU-2002,Health,17.07,1,0,0.614,54,71,921.78
2024-03-18,Providence,SKU-2002,Health,18.7,0,0,0.76,29,181,542.3
2024-03-19,Providence,SKU-2002,Health,19.02,0,0,0.612,30,220,570.6
2024-03-20,Providence,SKU-2002,Health,16.99,1,0,0.696,33,82,560.67
2024-03-21,Providence,SKU-2002,Health,18.48,0,0,0.751,39,225,720.72
2024-03-22,Providence,SKU-2002,Health,19.01,0,0,0.735,42,166,798.42
2024-03-23,Providence,SKU-2002,Health,19.12,0,0,0.728,42,267,803.04
2024-03-24,Providence,SKU-2002,Health,18.78,0,0,0.835,50,168,939.0
2024-03-25,Providence,SKU-2002,Health,18.74,0,0,0.656,40,235,749.6
2024-03-26,Providence,SKU-2002,Health,19.05,0,0,0.638,47,186,895.35
2024-03-27,Providence,SKU-2002,Health,18.89,0,0,0.818,23,169,434.47
2024-03-28,Providence,SKU-2002,Health,18.77,0,0,0.588,36,151,675.72
2024-03-29,Providence,SKU-2002,Health,18.84,0,0,0.457,32,184,602.88
2024-03-30,Providence,SKU-2002,Health,18.59,0,0,0.888,57,120,1059.63
2024-03-31,Providence,SKU-2002,Health,18.9,0,0,0.906,37,168,699.3
2024-04-01,Providence,SKU-2002,Health,18.06,0,0,0.634,33,146,595.98
2024-04-02,Providence,SKU-2002,Health,18.59,0,0,0.937,24,259,446.16
2024-04-03,Providence,SKU-2002,Health,18.87,0,0,0.679,34,135,641.58
2024-04-04,Providence,SKU-2002,Health,18.64,0,0,0.583,26,170,484.64
2024-04-05,Providence,SKU-2002,Health,19.55,0,0,0.414,45,169,879.75
2024-04-06,Providence,SKU-2002,Health,18.94,0,0,0.698,36,217,681.84
2024-04-07,Providence,SKU-2002,Health,18.98,0,0,0.616,40,158,759.2
2024-04-08,Providence,SKU-2002,Health,19.34,0,0,0.605,37,217,715.58
2024-04-09,Providence,SKU-2002,Health,17.07,1,0,0.767,28,151,477.96
2024-04-10,Providence,SKU-2002,Health,19.39,0,0,0.499,47,75,911.33
2024-04-11,Providence,SKU-2002,Health,18.67,0,0,0.661,32,166,597.44
2024-04-12,Providence,SKU-2002,Health,18.9,0,0,0.796,40,147,756.0
2024-04-13,Providence,SKU-2002,Health,18.63,0,0,0.499,45,76,838.35
2024-04-14,Providence,SKU-2002,Health,18.98,0,0,0.534,47,176,892.06
2024-04-15,Providence,SKU-2002,Health,18.51,0,0,0.46,26,218,481.26
2024-04-16,Providence,SKU-2002,Health,18.73,0,0,0.722,32,143,599.36
2024-04-17,Providence,SKU-2002,Health,18.81,0,0,0.656,32,193,601.92
2024-04-18,Providence,SKU-2002,Health,19.01,0,0,0.552,27,178,513.27
2024-04-19,Providence,SKU-2002,Health,18.84,0,0,0.577,46,35,866.64
2024-04-20,Providence,SKU-2002,Health,18.59,0,0,0.581,57,267,1059.63
2024-04-21,Providence,SKU-2002,Health,18.46,0,0,0.659,37,141,683.02
2024-04-22,Providence,SKU-2002,Health,19.24,0,0,0.405,33,152,634.92
2024-04-23,Providence,SKU-2002,Health,16.8,1,0,0.655,38,143,638.4
2024-04-24,Providence,SKU-2002,Health,18.77,0,0,0.633,31,163,581.87
