data/raw/retail_daily_sales.csv
date,store,sku,category,price,promotion,holiday,weather_index,units_sold,inventory_on_hand,revenue
2024-04-25,Providence,SKU-2002,Health,18.88,0,0,0.647,26,172,490.88
2024-04-26,Providence,SKU-2002,Health,19.1,0,0,0.566,38,167,725.8
2024-04-27,Providence,SKU-2002,Health,16.56,1,0,0.432,57,230,943.92
2024-04-28,Providence,SKU-2002,Health,19.2,0,0,0.598,39,186,748.8
2024-04-29,Providence,SKU-2002,Health,16.92,1,0,0.597,54,196,913.68
2024-04-30,Providence,SKU-2002,Health,19.07,0,0,0.628,38,228,724.66
2024-05-01,Providence,SKU-2002,Health,19.1,0,0,0.604,30,341,573.0
2024-05-02,Providence,SKU-2002,Health,18.74,0,0,0.625,47,130,880.78
2024-05-03,Providence,SKU-2002,Health,17.51,1,0,0.505,58,131,1015.58
2024-05-04,Providence,SKU-2002,Health,18.48,0,0,0.576,29,277,535.92
2024-05-05,Providence,SKU-2002,Health,19.11,0,0,0.53,29,307,554.19
2024-05-06,Providence,SKU-2002,Health,18.93,0,0,0.683,35,153,662.55
2024-05-07,Providence,SKU-2002,Health,19.2,0,0,0.454,44,140,844.8
2024-05-08,Providence,SKU-2002,Health,18.62,0,0,0.487,26,167,484.12
2024-05-09,Providence,SKU-2002,Health,18.71,0,0,0.672,27,146,505.17
2024-05-10,Providence,SKU-2002,Health,19.05,0,0,0.573,30,122,571.5
2024-05-11,Providence,SKU-2002,Health,19.14,0,0,0.479,36,127,689.04
2024-05-12,Providence,SKU-2002,Health,18.91,0,0,0.829,49,254,926.59
2024-05-13,Providence,SKU-2002,Health,19.16,0,0,0.534,41,219,785.56
2024-05-14,Providence,SKU-2002,Health,17.54,1,0,0.401,52,168,912.08
2024-05-15,Providence,SKU-2002,Health,18.52,0,0,0.649,26,203,481.52
2024-05-16,Providence,SKU-2002,Health,18.91,0,0,0.411,29,319,548.39
2024-05-17,Providence,SKU-2002,Health,18.82,0,0,0.559,41,150,771.62
2024-05-18,Providence,SKU-2002,Health,18.72,0,0,0.605,31,243,580.32
2024-05-19,Providence,SKU-2002,Health,19.02,0,0,0.356,45,158,855.9
2024-05-20,Providence,SKU-2002,Health,18.69,0,0,0.312,27,132,504.63
2024-05-21,Providence,SKU-2002,Health,19.26,0,0,0.517,30,176,577.8
2024-05-22,Providence,SKU-2002,Health,18.69,0,0,0.743,29,163,542.01
2024-05-23,Providence,SKU-2002,Health,19.02,0,0,0.557,29,152,551.58
2024-05-24,Providence,SKU-2002,Health,19.17,0,0,0.515,46,157,881.82
2024-05-25,Providence,SKU-2002,Health,18.6,0,0,0.567,28,129,520.8
2024-05-26,Providence,SKU-2002,Health,18.94,0,0,0.729,38,213,719.72
2024-05-27,Providence,SKU-2002,Health,18.77,0,0,0.458,31,150,581.87
2024-05-28,Providence,SKU-2002,Health,17.35,1,0,0.332,32,156,555.2
2024-05-29,Providence,SKU-2002,Health,17.78,1,0,0.471,35,230,622.3
2024-05-30,Providence,SKU-2002,Health,18.87,0,0,0.209,32,188,603.84
2024-05-31,Providence,SKU-2002,Health,18.63,0,0,0.49,24,138,447.12
2024-06-01,Providence,SKU-2002,Health,17.33,1,0,0.282,45,173,779.85
2024-06-02,Providence,SKU-2002,Health,19.17,0,0,0.7,36,268,690.12
2024-06-03,Providence,SKU-2002,Health,19.2,0,0,0.331,34,199,652.8
2024-06-04,Providence,SKU-2002,Health,19.01,0,0,0.57,27,165,513.27
2024-06-05,Providence,SKU-2002,Health,16.99,1,0,0.496,48,153,815.52
2024-06-06,Providence,SKU-2002,Health,18.98,0,0,0.581,35,183,664.3
2024-06-07,Providence,SKU-2002,Health,19.31,0,0,0.618,49,183,946.19
2024-06-08,Providence,SKU-2002,Health,19.21,0,0,0.685,46,300,883.66
2024-06-09,Providence,SKU-2002,Health,18.6,0,0,0.531,34,203,632.4
2024-06-10,Providence,SKU-2002,Health,17.07,1,0,0.603,18,215,307.26
2024-06-11,Providence,SKU-2002,Health,17.28,1,0,0.69,37,198,639.36
2024-06-12,Providence,SKU-2002,Health,18.77,0,0,0.423,24,234,450.48
2024-06-13,Providence,SKU-2002,Health,18.83,0,0,0.543,34,131,640.22
2024-06-14,Providence,SKU-2002,Health,18.6,0,0,0.545,48,284,892.8
2024-06-15,Providence,SKU-2002,Health,19.2,0,0,0.561,52,36,998.4
2024-06-16,Providence,SKU-2002,Health,17.0,1,0,0.622,45,172,765.0
2024-06-17,Providence,SKU-2002,Health,18.83,0,0,0.503,25,237,470.75
2024-06-18,Providence,SKU-2002,Health,18.67,0,0,0.264,30,343,560.1
2024-06-19,Providence,SKU-2002,Health,19.11,0,0,0.553,22,268,420.42
2024-06-20,Providence,SKU-2002,Health,19.0,0,0,0.6,25,102,475.0
2024-06-21,Providence,SKU-2002,Health,17.01,1,0,0.602,49,255,833.49
2024-06-22,Providence,SKU-2002,Health,16.94,1,0,0.505,41,236,694.54
2024-06-23,Providence,SKU-2002,Health,16.95,1,0,0.623,49,186,830.55
2024-06-24,Providence,SKU-2002,Health,19.09,0,0,0.427,25,181,477.25
2024-06-25,Providence,SKU-2002,Health,18.64,0,0,0.423,32,242,596.48
2024-06-26,Providence,SKU-2002,Health,19.12,0,0,0.453,36,143,688.32
2024-06-27,Providence,SKU-2002,Health,18.84,0,0,0.233,28,263,527.52
2024-06-28,Providence,SKU-2002,Health,18.75,0,0,0.452,28,207,525.0
2024-06-29,Providence,SKU-2002,Health,19.79,0,0,0.38,33,253,653.07
2024-06-30,Providence,SKU-2002,Health,18.65,0,0,0.462,24,237,447.6
2024-07-01,Providence,SKU-2002,Health,17.09,1,0,0.488,33,268,563.97
2024-07-02,Providence,SKU-2002,Health,18.64,0,0,0.636,24,292,447.36
2024-07-03,Providence,SKU-2002,Health,19.28,0,0,0.06,28,254,539.84
2024-07-04,Providence,SKU-2002,Health,18.91,0,1,0.123,36,77,680.76
2024-07-05,Providence,SKU-2002,Health,18.85,0,0,0.488,34,187,640.9
2024-07-06,Providence,SKU-2002,Health,18.52,0,0,0.203,35,186,648.2
2024-07-07,Providence,SKU-2002,Health,19.53,0,0,0.44,37,189,722.61
2024-07-08,Providence,SKU-2002,Health,19.12,0,0,0.507,18,107,344.16
2024-07-09,Providence,SKU-2002,Health,19.16,0,0,0.419,31,114,593.96
2024-07-10,Providence,SKU-2002,Health,19.1,0,0,0.189,30,109,573.0
2024-07-11,Providence,SKU-2002,Health,19.05,0,0,0.215,24,114,457.2
2024-07-12,Providence,SKU-2002,Health,19.15,0,0,0.463,38,201,727.7
2024-07-13,Providence,SKU-2002,Health,18.86,0,0,0.25,29,199,546.94
2024-07-14,Providence,SKU-2002,Health,18.61,0,0,0.392,26,182,483.86
2024-07-15,Providence,SKU-2002,Health,18.86,0,0,0.382,25,126,471.5
2024-07-16,Providence,SKU-2002,Health,19.01,0,0,0.47,26,174,494.26
2024-07-17,Providence,SKU-2002,Health,18.79,0,0,0.491,34,186,638.86
2024-07-18,Providence,SKU-2002,Health,19.09,0,0,0.362,24,218,458.16
2024-07-19,Providence,SKU-2002,Health,18.52,0,0,0.453,29,199,537.08
2024-07-20,Providence,SKU-2002,Health,19.01,0,0,0.458,38,201,722.38
2024-07-21,Providence,SKU-2002,Health,19.11,0,0,0.25,29,209,554.19
2024-07-22,Providence,SKU-2002,Health,19.23,0,0,0.178,22,87,423.06
2024-07-23,Providence,SKU-2002,Health,19.58,0,0,0.42,24,181,469.92
2024-07-24,Providence,SKU-2002,Health,18.83,0,0,0.562,21,163,395.43
2024-07-25,Providence,SKU-2002,Health,18.81,0,0,0.398,30,301,564.3
2024-07-26,Providence,SKU-2002,Health,19.43,0,0,0.321,25,214,485.75
2024-07-27,Providence,SKU-2002,Health,18.96,0,0,0.212,33,261,625.68
2024-07-28,Providence,SKU-2002,Health,18.88,0,0,0.301,35,214,660.8
2024-07-29,Providence,SKU-2002,Health,18.52,0,0,0.415,24,298,444.48
2024-07-30,Providence,SKU-2002,Health,18.72,0,0,0.451,30,242,561.6
2024-07-31,Providence,SKU-2002,Health,18.99,0,0,0.397,19,226,360.81
2024-08-01,Providence,SKU-2002,Health,19.06,0,0,0.402,26,227,495.56
2024-08-02,Providence,SKU-2002,Health,19.15,0,0,0.282,25,143,478.75
2024-08-03,Providence,SKU-2002,Health,18.38,0,0,0.332,40,176,735.2
2024-08-04,Providence,SKU-2002,Health,17.29,1,0,0.5,20,283,345.8
2024-08-05,Providence,SKU-2002,Health,18.77,0,0,0.165,26,187,488.02
2024-08-06,Providence,SKU-2002,Health,18.97,0,0,0.347,28,180,531.16
2024-08-07,Providence,SKU-2002,Health,19.35,0,0,0.505,25,83,483.75
2024-08-08,Providence,SKU-2002,Health,18.95,0,0,0.294,26,132,492.7
2024-08-09,Providence,SKU-2002,Health,18.71,0,0,0.374,38,224,710.98
2024-08-10,Providence,SKU-2002,Health,19.2,0,0,0.538,34,80,652.8
2024-08-11,Providence,SKU-2002,Health,16.93,1,0,0.567,39,195,660.27
2024-08-12,Providence,SKU-2002,Health,19.04,0,0,0.48,18,186,342.72
2024-08-13,Providence,SKU-2002,Health,17.47,1,0,0.182,22,247,384.34
2024-08-14,Providence,SKU-2002,Health,19.1,0,0,0.461,21,150,401.1
2024-08-15,Providence,SKU-2002,Health,18.66,0,0,0.347,24,220,447.84
2024-08-16,Providence,SKU-2002,Health,19.35,0,0,0.306,30,109,580.5
2024-08-17,Providence,SKU-2002,Health,19.08,0,0,0.442,35,295,667.8
2024-08-18,Providence,SKU-2002,Health,18.69,0,0,0.286,26,193,485.94
2024-08-19,Providence,SKU-2002,Health,19.13,0,0,0.627,23,107,439.99
2024-08-20,Providence,SKU-2002,Health,18.77,0,0,0.432,24,184,450.48
2024-08-21,Providence,SKU-2002,Health,19.28,0,0,0.372,21,136,404.88
2024-08-22,Providence,SKU-2002,Health,19.09,0,0,0.274,15,221,286.35
2024-08-23,Providence,SKU-2002,Health,18.77,0,0,0.252,32,312,600.64
2024-08-24,Providence,SKU-2002,Health,19.09,0,0,0.16,25,51,477.25
2024-08-25,Providence,SKU-2002,Health,19.1,0,0,0.387,22,178,420.2
2024-08-26,Providence,SKU-2002,Health,18.83,0,0,0.16,31,194,583.73
2024-08-27,Providence,SKU-2002,Health,18.63,0,0,0.355,26,164,484.38
2024-08-28,Providence,SKU-2002,Health,17.36,1,0,0.329,47,157,815.92
2024-08-29,Providence,SKU-2002,Health,18.93,0,0,0.165,26,91,492.18
2024-08-30,Providence,SKU-2002,Health,18.88,0,0,0.445,44,132,830.72
2024-08-31,Providence,SKU-2002,Health,18.74,0,0,0.287,36,161,674.64
2024-09-01,Providence,SKU-2002,Health,18.7,0,0,0.329,26,246,486.2
2024-09-02,Providence,SKU-2002,Health,18.82,0,0,0.456,30,273,564.6
2024-09-03,Providence,SKU-2002,Health,17.29,1,0,0.237,20,219,345.8
2024-09-04,Providence,SKU-2002,Health,19.02,0,0,0.405,28,249,532.56
2024-09-05,Providence,SKU-2002,Health,19.02,0,0,0.305,23,345,437.46
2024-09-06,Providence,SKU-2002,Health,18.79,0,0,0.499,35,224,657.65
2024-09-07,Providence,SKU-2002,Health,19.35,0,0,0.412,30,227,580.5
2024-09-08,Providence,SKU-2002,Health,18.97,0,0,0.17,35,130,663.95
2024-09-09,Providence,SKU-2002,Health,19.0,0,0,0.339,24,195,456.0
2024-09-10,Providence,SKU-2002,Health,19.3,0,0,0.128,23,176,443.9
2024-09-11,Providence,SKU-2002,Health,18.85,0,0,0.37,29,220,546.65
2024-09-12,Providence,SKU-2002,Health,19.24,0,0,0.239,24,199,461.76
2024-09-13,Providence,SKU-2002,Health,18.87,0,0,0.438,26,223,490.62
2024-09-14,Providence,SKU-2002,Health,18.97,0,0,0.278,24,261,455.28
2024-09-15,Providence,SKU-2002,Health,19.49,0,0,0.29,29,270,565.21
2024-09-16,Providence,SKU-2002,Health,18.64,0,0,0.192,23,221,428.72
2024-09-17,Providence,SKU-2002,Health,19.0,0,0,0.169,26,197,494.0
2024-09-18,Providence,SKU-2002,Health,18.72,0,0,0.385,23,224,430.56
2024-09-19,Providence,SKU-2002,Health,18.52,0,0,0.424,30,207,555.6
2024-09-20,Providence,SKU-2002,Health,19.07,0,0,0.296,31,268,591.17
2024-09-21,Providence,SKU-2002,Health,18.86,0,0,0.371,30,200,565.8
2024-09-22,Providence,SKU-2002,Health,19.0,0,0,0.387,23,233,437.0
2024-09-23,Providence,SKU-2002,Health,19.52,0,0,0.52,26,207,507.52
2024-09-24,Providence,SKU-2002,Health,19.22,0,0,0.31,18,225,345.96
2024-09-25,Providence,SKU-2002,Health,19.11,0,0,0.37,26,211,496.86
2024-09-26,Providence,SKU-2002,Health,18.85,0,0,0.352,22,254,414.7
2024-09-27,Providence,SKU-2002,Health,19.5,0,0,0.317,14,253,273.0
2024-09-28,Providence,SKU-2002,Health,18.82,0,0,0.358,37,188,696.34
2024-09-29,Providence,SKU-2002,Health,17.01,1,0,0.363,41,221,697.41
2024-09-30,Providence,SKU-2002,Health,19.04,0,0,0.482,22,141,418.88
2024-10-01,Providence,SKU-2002,Health,19.18,0,0,0.565,18,165,345.24
2024-10-02,Providence,SKU-2002,Health,18.84,0,0,0.364,18,220,339.12
2024-10-03,Providence,SKU-2002,Health,18.92,0,0,0.553,19,155,359.48
2024-10-04,Providence,SKU-2002,Health,19.18,0,0,0.468,30,180,575.4
2024-10-05,Providence,SKU-2002,Health,19.3,0,0,0.28,37,169,714.1
2024-10-06,Providence,SKU-2002,Health,19.23,0,0,0.489,29,243,557.67
2024-10-07,Providence,SKU-2002,Health,16.91,1,0,0.476,29,117,490.39
2024-10-08,Providence,SKU-2002,Health,19.44,0,0,0.26,23,166,447.12
2024-10-09,Providence,SKU-2002,Health,19.49,0,0,0.448,20,102,389.8
2024-10-10,Providence,SKU-2002,Health,18.81,0,0,0.406,14,191,263.34
2024-10-11,Providence,SKU-2002,Health,19.28,0,0,0.63,20,145,385.6
2024-10-12,Providence,SKU-2002,Health,18.64,0,0,0.64,30,182,559.2
2024-10-13,Providence,SKU-2002,Health,19.1,0,0,0.35,23,162,439.3
2024-10-14,Providence,SKU-2002,Health,19.07,0,0,0.326,28,124,533.96
2024-10-15,Providence,SKU-2002,Health,17.59,1,0,0.673,27,144,474.93
2024-10-16,Providence,SKU-2002,Health,19.04,0,0,0.543,28,180,533.12
2024-10-17,Providence,SKU-2002,Health,19.14,0,0,0.39,26,210,497.64
2024-10-18,Providence,SKU-2002,Health,18.54,0,0,0.325,29,107,537.66
2024-10-19,Providence,SKU-2002,Health,19.36,0,0,0.473,36,197,696.96
2024-10-20,Providence,SKU-2002,Health,19.2,0,0,0.602,29,89,556.8
2024-10-21,Providence,SKU-2002,Health,18.32,0,0,0.677,27,166,494.64
2024-10-22,Providence,SKU-2002,Health,16.81,1,0,0.342,26,189,437.06
2024-10-23,Providence,SKU-2002,Health,19.29,0,0,0.467,29,155,559.41
2024-10-24,Providence,SKU-2002,Health,18.76,0,0,0.393,20,166,375.2
2024-10-25,Providence,SKU-2002,Health,18.5,0,0,0.318,26,228,481.0
2024-10-26,Providence,SKU-2002,Health,19.19,0,0,0.59,30,139,575.7
2024-10-27,Providence,SKU-2002,Health,18.92,0,0,0.416,36,185,681.12
2024-10-28,Providence,SKU-2002,Health,19.12,0,0,0.42,29,217,554.48
2024-10-29,Providence,SKU-2002,Health,19.19,0,0,0.518,24,190,460.56
2024-10-30,Providence,SKU-2002,Health,19.32,0,0,0.523,22,169,425.04
2024-10-31,Providence,SKU-2002,Health,18.84,0,0,0.605,26,209,489.84
2024-11-01,Providence,SKU-2002,Health,16.84,1,0,0.7,38,252,639.92
2024-11-02,Providence,SKU-2002,Health,19.11,0,0,0.501,24,194,458.64
2024-11-03,Providence,SKU-2002,Health,18.9,0,0,0.477,43,84,812.7
2024-11-04,Providence,SKU-2002,Health,18.81,0,0,0.468,28,228,526.68
2024-11-05,Providence,SKU-2002,Health,19.35,0,0,0.602,22,228,425.7
2024-11-06,Providence,SKU-2002,Health,18.54,0,0,0.264,25,216,463.5
2024-11-07,Providence,SKU-2002,Health,19.03,0,0,0.672,26,136,494.78
2024-11-08,Providence,SKU-2002,Health,18.83,0,0,0.34,32,128,602.56
2024-11-09,Providence,SKU-2002,Health,19.48,0,0,0.261,32,261,623.36
2024-11-10,Providence,SKU-2002,Health,18.88,0,0,0.437,33,117,623.04
2024-11-11,Providence,SKU-2002,Health,18.93,0,0,0.402,30,218,567.9
2024-11-12,Providence,SKU-2002,Health,18.72,0,0,0.591,26,241,486.72
2024-11-13,Providence,SKU-2002,Health,19.25,0,0,0.462,26,113,500.5
2024-11-14,Providence,SKU-2002,Health,18.79,0,0,0.629,14,173,263.06
2024-11-15,Providence,SKU-2002,Health,18.66,0,0,0.615,38,153,709.08
2024-11-16,Providence,SKU-2002,Health,18.57,0,0,0.483,39,204,724.23
2024-11-17,Providence,SKU-2002,Health,17.24,1,0,0.633,35,276,603.4
2024-11-18,Providence,SKU-2002,Health,18.75,0,0,0.421,24,203,450.0
2024-11-19,Providence,SKU-2002,Health,19.36,0,0,0.616,22,146,425.92
2024-11-20,Providence,SKU-2002,Health,19.12,0,0,0.622,30,118,573.6
2024-11-21,Providence,SKU-2002,Health,18.96,0,0,0.657,30,270,568.8
2024-11-22,Providence,SKU-2002,Health,18.92,0,0,0.348,40,183,756.8
2024-11-23,Providence,SKU-2002,Health,16.77,1,0,0.448,51,178,855.27
2024-11-24,Providence,SKU-2002,Health,19.3,0,0,0.675,24,287,463.2
2024-11-25,Providence,SKU-2002,Health,18.65,0,0,0.692,28,112,522.2
2024-11-26,Providence,SKU-2002,Health,18.99,0,0,0.48,21,286,398.79
2024-11-27,Providence,SKU-2002,Health,19.06,0,0,0.722,22,214,419.32
2024-11-28,Providence,SKU-2002,Health,17.17,1,0,0.5,32,105,549.44
2024-11-29,Providence,SKU-2002,Health,16.99,1,1,0.546,54,241,917.46
2024-11-30,Providence,SKU-2002,Health,19.13,0,0,0.617,34,120,650.42
2024-12-01,Providence,SKU-2002,Health,18.82,0,1,0.587,33,158,621.06
2024-12-02,Providence,SKU-2002,Health,18.79,0,1,0.531,24,224,450.96
2024-12-03,Providence,SKU-2002,Health,19.02,0,1,0.643,36,186,684.72
2024-12-04,Providence,SKU-2002,Health,18.88,0,1,0.831,31,225,585.28
2024-12-05,Providence,SKU-2002,Health,18.58,0,1,0.541,24,151,445.92
2024-12-06,Providence,SKU-2002,Health,19.19,0,1,0.781,39,244,748.41
2024-12-07,Providence,SKU-2002,Health,19.2,0,1,0.823,35,135,672.0
2024-12-08,Providence,SKU-2002,Health,19.31,0,1,0.54,24,157,463.44
2024-12-09,Providence,SKU-2002,Health,19.04,0,1,0.545,37,203,704.48
2024-12-10,Providence,SKU-2002,Health,19.14,0,1,0.666,26,215,497.64
2024-12-11,Providence,SKU-2002,Health,19.11,0,1,0.498,27,177,515.97
2024-12-12,Providence,SKU-2002,Health,18.67,0,1,0.481,20,19,373.4
2024-12-13,Providence,SKU-2002,Health,19.5,0,1,0.502,41,92,799.5
2024-12-14,Providence,SKU-2002,Health,18.93,0,1,0.6,42,237,795.06
2024-12-15,Providence,SKU-2002,Health,18.68,0,1,0.464,29,223,541.72
2024-12-16,Providence,SKU-2002,Health,18.97,0,1,0.478,42,159,796.74
2024-12-17,Providence,SKU-2002,Health,18.72,0,1,0.64,35,188,655.2
2024-12-18,Providence,SKU-2002,Health,19.15,0,1,0.575,34,232,651.1
2024-12-19,Providence,SKU-2002,Health,17.26,1,1,0.719,50,187,863.0
2024-12-20,Providence,SKU-2002,Health,18.85,0,1,0.479,45,171,848.25
2024-12-21,Providence,SKU-2002,Health,19.4,0,1,0.446,49,49,950.6
2024-12-22,Providence,SKU-2002,Health,18.9,0,1,0.655,47,96,888.3
2024-12-23,Providence,SKU-2002,Health,19.52,0,1,0.499,31,133,605.12
2024-12-24,Providence,SKU-2002,Health,19.0,0,1,0.583,30,158,570.0
2024-12-25,Providence,SKU-2002,Health,18.92,0,1,0.609,28,202,529.76
2024-12-26,Providence,SKU-2002,Health,18.95,0,1,0.914,45,130,852.75
2024-12-27,Providence,SKU-2002,Health,19.29,0,1,0.609,44,281,848.76
2024-12-28,Providence,SKU-2002,Health,19.14,0,1,0.589,50,109,957.0
2024-12-29,Providence,SKU-2002,Health,18.85,0,1,0.531,35,172,659.75
2024-12-30,Providence,SKU-2002,Health,18.85,0,1,0.759,36,159,678.6
2024-12-31,Providence,SKU-2002,Health,19.41,0,1,0.568,29,120,562.89
2025-01-01,Providence,SKU-2002,Health,19.05,0,0,0.821,33,322,628.65
2025-01-02,Providence,SKU-2002,Health,18.62,0,0,0.753,29,230,539.98
2025-01-03,Providence,SKU-2002,Health,19.05,0,0,0.688,31,266,590.55
2025-01-04,Providence,SKU-2002,Health,19.2,0,0,0.328,41,70,787.2
2025-01-05,Providence,SKU-2002,Health,18.93,0,0,0.777,24,166,454.32
2025-01-06,Providence,SKU-2002,Health,19.11,0,0,0.537,26,282,496.86
2025-01-07,Providence,SKU-2002,Health,18.91,0,0,0.652,26,110,491.66
2025-01-08,Providence,SKU-2002,Health,16.99,1,0,0.67,36,300,611.64
2025-01-09,Providence,SKU-2002,Health,18.82,0,0,0.653,29,155,545.78
2025-01-10,Providence,SKU-2002,Health,18.76,0,0,0.687,41,135,769.16
2025-01-11,Providence,SKU-2002,Health,17.05,1,0,0.448,42,195,716.1
2025-01-12,Providence,SKU-2002,Health,19.31,0,0,0.545,36,247,695.16
2025-01-13,Providence,SKU-2002,Health,19.2,0,0,0.725,27,130,518.4
2025-01-14,Providence,SKU-2002,Health,17.18,1,0,0.645,36,198,618.48
