data/raw/retail_daily_sales.csv
date,store,sku,category,price,promotion,holiday,weather_index,units_sold,inventory_on_hand,revenue
2025-01-15,Providence,SKU-2002,Health,18.77,0,0,0.52,30,108,563.1
2025-01-16,Providence,SKU-2002,Health,19.13,0,0,0.936,19,319,363.47
2025-01-17,Providence,SKU-2002,Health,18.59,0,0,0.819,37,172,687.83
2025-01-18,Providence,SKU-2002,Health,19.23,0,0,0.673,45,256,865.35
2025-01-19,Providence,SKU-2002,Health,17.1,1,0,0.709,46,189,786.6
2025-01-20,Providence,SKU-2002,Health,18.6,0,0,0.9,38,239,706.8
2025-01-21,Providence,SKU-2002,Health,18.8,0,0,0.939,26,75,488.8
2025-01-22,Providence,SKU-2002,Health,19.46,0,0,0.832,36,181,700.56
2025-01-23,Providence,SKU-2002,Health,19.17,0,0,0.693,29,140,555.93
2025-01-24,Providence,SKU-2002,Health,19.52,0,0,0.71,40,120,780.8
2025-01-25,Providence,SKU-2002,Health,18.55,0,0,0.768,41,217,760.55
2025-01-26,Providence,SKU-2002,Health,18.92,0,0,0.794,38,158,718.96
2025-01-27,Providence,SKU-2002,Health,17.15,1,0,0.609,34,173,583.1
2025-01-28,Providence,SKU-2002,Health,19.11,0,0,0.833,25,166,477.75
2025-01-29,Providence,SKU-2002,Health,19.0,0,0,0.696,37,246,703.0
2025-01-30,Providence,SKU-2002,Health,18.74,0,0,0.949,35,149,655.9
2025-01-31,Providence,SKU-2002,Health,19.39,0,0,0.897,32,219,620.48
2025-02-01,Providence,SKU-2002,Health,18.78,0,0,0.892,38,113,713.64
2025-02-02,Providence,SKU-2002,Health,18.69,0,0,0.759,45,191,841.05
2025-02-03,Providence,SKU-2002,Health,18.99,0,0,0.748,37,198,702.63
2025-02-04,Providence,SKU-2002,Health,19.04,0,0,0.858,38,298,723.52
2025-02-05,Providence,SKU-2002,Health,18.58,0,0,0.775,25,182,464.5
2025-02-06,Providence,SKU-2002,Health,18.74,0,0,0.774,28,128,524.72
2025-02-07,Providence,SKU-2002,Health,19.09,0,0,0.678,37,286,706.33
2025-02-08,Providence,SKU-2002,Health,19.68,0,0,0.748,41,255,806.88
2025-02-09,Providence,SKU-2002,Health,18.87,0,0,0.579,41,278,773.67
2025-02-10,Providence,SKU-2002,Health,19.34,0,0,0.672,29,180,560.86
2025-02-11,Providence,SKU-2002,Health,18.84,0,0,0.755,32,264,602.88
2025-02-12,Providence,SKU-2002,Health,19.25,0,0,0.71,28,182,539.0
2025-02-13,Providence,SKU-2002,Health,19.17,0,0,0.714,36,257,690.12
2025-02-14,Providence,SKU-2002,Health,18.75,0,0,0.626,35,208,656.25
2025-02-15,Providence,SKU-2002,Health,18.85,0,0,0.758,33,211,622.05
2025-02-16,Providence,SKU-2002,Health,19.01,0,0,0.777,33,181,627.33
2025-02-17,Providence,SKU-2002,Health,18.52,0,0,0.545,29,115,537.08
2025-02-18,Providence,SKU-2002,Health,18.6,0,0,0.696,44,201,818.4
2025-02-19,Providence,SKU-2002,Health,19.11,0,0,0.933,28,154,535.08
2025-02-20,Providence,SKU-2002,Health,18.59,0,0,0.674,26,250,483.34
2025-02-21,Providence,SKU-2002,Health,18.53,0,0,0.746,31,160,574.43
2025-02-22,Providence,SKU-2002,Health,17.06,1,0,1.0,40,235,682.4
2025-02-23,Providence,SKU-2002,Health,18.61,0,0,0.761,40,160,744.4
2025-02-24,Providence,SKU-2002,Health,19.08,0,0,0.828,23,149,438.84
2025-02-25,Providence,SKU-2002,Health,19.39,0,0,0.703,30,149,581.7
2025-02-26,Providence,SKU-2002,Health,17.02,1,0,0.718,43,138,731.86
2025-02-27,Providence,SKU-2002,Health,18.13,0,0,0.656,25,269,453.25
2025-02-28,Providence,SKU-2002,Health,18.98,0,0,0.657,37,198,702.26
2025-03-01,Providence,SKU-2002,Health,19.3,0,0,0.676,33,118,636.9
2025-03-02,Providence,SKU-2002,Health,18.58,0,0,0.819,46,253,854.68
2025-03-03,Providence,SKU-2002,Health,19.61,0,0,0.691,26,107,509.86
2025-03-04,Providence,SKU-2002,Health,18.73,0,0,0.639,30,247,561.9
2025-03-05,Providence,SKU-2002,Health,19.61,0,0,0.763,35,186,686.35
2025-03-06,Providence,SKU-2002,Health,18.75,0,0,0.738,19,183,356.25
2025-03-07,Providence,SKU-2002,Health,18.83,0,0,0.605,27,205,508.41
2025-03-08,Providence,SKU-2002,Health,19.01,0,0,0.688,37,66,703.37
2025-03-09,Providence,SKU-2002,Health,19.01,0,0,0.626,38,257,722.38
2025-03-10,Providence,SKU-2002,Health,19.08,0,0,0.769,22,170,419.76
2025-03-11,Providence,SKU-2002,Health,18.85,0,0,0.752,34,249,640.9
2025-03-12,Providence,SKU-2002,Health,17.3,1,0,0.515,28,67,484.4
2025-03-13,Providence,SKU-2002,Health,19.18,0,0,0.826,28,163,537.04
2025-03-14,Providence,SKU-2002,Health,19.47,0,0,0.813,43,263,837.21
2025-03-15,Providence,SKU-2002,Health,18.95,0,0,0.599,40,115,758.0
2025-03-16,Providence,SKU-2002,Health,19.4,0,0,0.52,56,71,1086.4
2025-03-17,Providence,SKU-2002,Health,19.36,0,0,0.741,31,148,600.16
2025-03-18,Providence,SKU-2002,Health,19.22,0,0,0.875,35,48,672.7
2025-03-19,Providence,SKU-2002,Health,18.88,0,0,0.644,26,241,490.88
2025-03-20,Providence,SKU-2002,Health,18.81,0,0,0.731,25,178,470.25
2025-03-21,Providence,SKU-2002,Health,18.9,0,0,0.993,27,127,510.3
2025-03-22,Providence,SKU-2002,Health,19.05,0,0,0.791,38,162,723.9
2025-03-23,Providence,SKU-2002,Health,19.2,0,0,0.513,48,192,921.6
2025-03-24,Providence,SKU-2002,Health,18.71,0,0,0.848,31,217,580.01
2025-03-25,Providence,SKU-2002,Health,16.74,1,0,0.714,43,186,719.82
2025-03-26,Providence,SKU-2002,Health,19.14,0,0,0.675,31,285,593.34
2025-03-27,Providence,SKU-2002,Health,18.66,0,0,0.777,37,168,690.42
2025-03-28,Providence,SKU-2002,Health,18.81,0,0,0.76,33,202,620.73
2025-03-29,Providence,SKU-2002,Health,18.66,0,0,0.686,37,108,690.42
2025-03-30,Providence,SKU-2002,Health,18.62,0,0,0.823,38,62,707.56
2025-03-31,Providence,SKU-2002,Health,18.77,0,0,0.871,27,222,506.79
2025-04-01,Providence,SKU-2002,Health,18.6,0,0,0.576,40,146,744.0
2025-04-02,Providence,SKU-2002,Health,19.03,0,0,0.521,29,149,551.87
2025-04-03,Providence,SKU-2002,Health,19.12,0,0,0.627,27,203,516.24
2025-04-04,Providence,SKU-2002,Health,18.96,0,0,0.644,45,188,853.2
2025-04-05,Providence,SKU-2002,Health,19.29,0,0,0.691,29,212,559.41
2025-04-06,Providence,SKU-2002,Health,18.66,0,0,0.799,26,153,485.16
2025-04-07,Providence,SKU-2002,Health,19.15,0,0,0.575,42,118,804.3
2025-04-08,Providence,SKU-2002,Health,18.74,0,0,0.759,30,220,562.2
2025-04-09,Providence,SKU-2002,Health,18.87,0,0,0.811,32,260,603.84
2025-04-10,Providence,SKU-2002,Health,19.21,0,0,0.766,35,76,672.35
2025-04-11,Providence,SKU-2002,Health,16.77,1,0,0.774,57,122,955.89
2025-04-12,Providence,SKU-2002,Health,19.58,0,0,0.562,35,139,685.3
2025-04-13,Providence,SKU-2002,Health,16.93,1,0,0.833,55,140,931.15
2025-04-14,Providence,SKU-2002,Health,18.99,0,0,0.475,22,129,417.78
2025-04-15,Providence,SKU-2002,Health,18.68,0,0,0.548,30,289,560.4
2025-04-16,Providence,SKU-2002,Health,19.14,0,0,0.627,35,195,669.9
2025-04-17,Providence,SKU-2002,Health,19.25,0,0,0.523,35,138,673.75
2025-04-18,Providence,SKU-2002,Health,18.67,0,0,0.692,48,207,896.16
2025-04-19,Providence,SKU-2002,Health,17.14,1,0,0.588,58,215,994.12
2025-04-20,Providence,SKU-2002,Health,17.5,1,0,0.643,51,197,892.5
2025-04-21,Providence,SKU-2002,Health,19.1,0,0,0.638,43,208,821.3
2025-04-22,Providence,SKU-2002,Health,17.17,1,0,0.797,36,213,618.12
2025-04-23,Providence,SKU-2002,Health,18.74,0,0,0.707,35,254,655.9
2025-04-24,Providence,SKU-2002,Health,19.21,0,0,0.54,39,250,749.19
2025-04-25,Providence,SKU-2002,Health,18.85,0,0,0.645,44,141,829.4
2025-04-26,Providence,SKU-2002,Health,18.74,0,0,0.855,41,111,768.34
2025-04-27,Providence,SKU-2002,Health,19.51,0,0,0.748,50,234,975.5
2025-04-28,Providence,SKU-2002,Health,19.14,0,0,0.712,28,236,535.92
2025-04-29,Providence,SKU-2002,Health,18.9,0,0,0.678,28,128,529.2
2025-04-30,Providence,SKU-2002,Health,18.87,0,0,0.62,29,262,547.23
2024-01-01,Providence,SKU-3001,Electronics,78.57,0,0,0.625,7,61,549.99
2024-01-02,Providence,SKU-3001,Electronics,80.9,0,0,0.664,7,40,566.3
2024-01-03,Providence,SKU-3001,Electronics,80.23,0,0,0.739,5,58,401.15
2024-01-04,Providence,SKU-3001,Electronics,80.52,0,0,0.476,10,66,805.2
2024-01-05,Providence,SKU-3001,Electronics,79.04,0,0,0.843,16,67,1264.64
2024-01-06,Providence,SKU-3001,Electronics,78.97,0,0,0.798,6,37,473.82
2024-01-07,Providence,SKU-3001,Electronics,79.92,0,0,0.692,8,41,639.36
2024-01-08,Providence,SKU-3001,Electronics,70.47,1,0,0.622,6,63,422.82
2024-01-09,Providence,SKU-3001,Electronics,79.63,0,0,0.907,4,66,318.52
2024-01-10,Providence,SKU-3001,Electronics,80.34,0,0,0.635,6,58,482.04
2024-01-11,Providence,SKU-3001,Electronics,81.48,0,0,0.816,4,54,325.92
2024-01-12,Providence,SKU-3001,Electronics,77.75,0,0,0.61,7,30,544.25
2024-01-13,Providence,SKU-3001,Electronics,81.0,0,0,0.677,4,68,324.0
2024-01-14,Providence,SKU-3001,Electronics,82.31,0,0,0.595,2,42,164.62
2024-01-15,Providence,SKU-3001,Electronics,78.53,0,0,0.526,6,35,471.18
2024-01-16,Providence,SKU-3001,Electronics,79.24,0,0,0.607,7,54,554.68
2024-01-17,Providence,SKU-3001,Electronics,79.9,0,0,0.576,5,51,399.5
2024-01-18,Providence,SKU-3001,Electronics,79.49,0,0,0.713,6,72,476.94
2024-01-19,Providence,SKU-3001,Electronics,80.97,0,0,0.92,11,48,890.67
2024-01-20,Providence,SKU-3001,Electronics,80.17,0,0,0.603,10,55,801.7
2024-01-21,Providence,SKU-3001,Electronics,80.06,0,0,0.479,7,47,560.42
2024-01-22,Providence,SKU-3001,Electronics,80.68,0,0,0.881,8,75,645.44
2024-01-23,Providence,SKU-3001,Electronics,79.03,0,0,0.789,6,60,474.18
2024-01-24,Providence,SKU-3001,Electronics,81.93,0,0,0.579,8,66,655.44
2024-01-25,Providence,SKU-3001,Electronics,79.19,0,0,0.78,6,53,475.14
2024-01-26,Providence,SKU-3001,Electronics,80.08,0,0,0.773,7,43,560.56
2024-01-27,Providence,SKU-3001,Electronics,80.32,0,0,0.569,8,48,642.56
2024-01-28,Providence,SKU-3001,Electronics,76.91,0,0,0.678,8,30,615.28
2024-01-29,Providence,SKU-3001,Electronics,71.73,1,0,0.646,8,72,573.84
2024-01-30,Providence,SKU-3001,Electronics,81.3,0,0,0.924,7,81,569.1
2024-01-31,Providence,SKU-3001,Electronics,72.37,1,0,0.501,9,31,651.33
2024-02-01,Providence,SKU-3001,Electronics,78.65,0,0,0.719,7,59,550.55
2024-02-02,Providence,SKU-3001,Electronics,79.88,0,0,0.774,6,56,479.28
2024-02-03,Providence,SKU-3001,Electronics,79.03,0,0,0.657,6,45,474.18
2024-02-04,Providence,SKU-3001,Electronics,80.75,0,0,0.629,8,54,646.0
2024-02-05,Providence,SKU-3001,Electronics,79.3,0,0,0.622,4,66,317.2
2024-02-06,Providence,SKU-3001,Electronics,81.52,0,0,0.884,3,69,244.56
2024-02-07,Providence,SKU-3001,Electronics,80.38,0,0,0.518,10,60,803.8
2024-02-08,Providence,SKU-3001,Electronics,77.95,0,0,0.688,6,36,467.7
2024-02-09,Providence,SKU-3001,Electronics,79.96,0,0,0.69,9,55,719.64
2024-02-10,Providence,SKU-3001,Electronics,79.63,0,0,0.757,9,61,716.67
2024-02-11,Providence,SKU-3001,Electronics,79.99,0,0,1.0,8,60,639.92
2024-02-12,Providence,SKU-3001,Electronics,79.91,0,0,0.61,10,38,799.1
2024-02-13,Providence,SKU-3001,Electronics,79.76,0,0,0.558,9,48,717.84
2024-02-14,Providence,SKU-3001,Electronics,79.39,0,0,0.769,8,61,635.12
2024-02-15,Providence,SKU-3001,Electronics,79.87,0,0,0.69,7,33,559.09
2024-02-16,Providence,SKU-3001,Electronics,79.65,0,0,0.748,11,37,876.15
2024-02-17,Providence,SKU-3001,Electronics,79.47,0,0,0.597,6,62,476.82
2024-02-18,Providence,SKU-3001,Electronics,79.17,0,0,0.622,9,42,712.53
2024-02-19,Providence,SKU-3001,Electronics,80.13,0,0,0.744,7,31,560.91
2024-02-20,Providence,SKU-3001,Electronics,81.06,0,0,0.803,6,72,486.36
2024-02-21,Providence,SKU-3001,Electronics,71.66,1,0,0.785,8,83,573.28
2024-02-22,Providence,SKU-3001,Electronics,81.84,0,0,0.545,4,51,327.36
2024-02-23,Providence,SKU-3001,Electronics,78.02,0,0,0.868,13,65,1014.26
2024-02-24,Providence,SKU-3001,Electronics,78.98,0,0,0.738,13,45,1026.74
2024-02-25,Providence,SKU-3001,Electronics,81.4,0,0,0.628,8,48,651.2
2024-02-26,Providence,SKU-3001,Electronics,79.03,0,0,0.86,7,93,553.21
2024-02-27,Providence,SKU-3001,Electronics,72.61,1,0,0.688,5,55,363.05
2024-02-28,Providence,SKU-3001,Electronics,79.9,0,0,0.48,6,61,479.4
2024-02-29,Providence,SKU-3001,Electronics,79.89,0,0,0.634,7,53,559.23
2024-03-01,Providence,SKU-3001,Electronics,80.3,0,0,0.708,14,45,1124.2
2024-03-02,Providence,SKU-3001,Electronics,70.94,1,0,0.809,9,46,638.46
2024-03-03,Providence,SKU-3001,Electronics,77.89,0,0,0.671,11,54,856.79
2024-03-04,Providence,SKU-3001,Electronics,80.62,0,0,0.952,7,54,564.34
2024-03-05,Providence,SKU-3001,Electronics,79.99,0,0,0.647,8,39,639.92
2024-03-06,Providence,SKU-3001,Electronics,79.76,0,0,0.792,4,59,319.04
2024-03-07,Providence,SKU-3001,Electronics,80.18,0,0,0.652,4,78,320.72
2024-03-08,Providence,SKU-3001,Electronics,80.39,0,0,0.801,10,52,803.9
2024-03-09,Providence,SKU-3001,Electronics,72.35,1,0,0.773,13,54,940.55
2024-03-10,Providence,SKU-3001,Electronics,80.89,0,0,0.506,5,70,404.45
2024-03-11,Providence,SKU-3001,Electronics,80.11,0,0,0.672,7,58,560.77
2024-03-12,Providence,SKU-3001,Electronics,79.63,0,0,0.701,5,67,398.15
2024-03-13,Providence,SKU-3001,Electronics,80.33,0,0,0.702,9,36,722.97
2024-03-14,Providence,SKU-3001,Electronics,80.06,0,0,0.567,4,58,320.24
2024-03-15,Providence,SKU-3001,Electronics,81.15,0,0,0.639,11,52,892.65
2024-03-16,Providence,SKU-3001,Electronics,76.8,0,0,0.577,9,60,691.2
2024-03-17,Providence,SKU-3001,Electronics,78.64,0,0,0.741,9,63,707.76
2024-03-18,Providence,SKU-3001,Electronics,81.02,0,0,0.669,13,30,1053.26
2024-03-19,Providence,SKU-3001,Electronics,80.89,0,0,0.768,8,23,647.12
2024-03-20,Providence,SKU-3001,Electronics,81.48,0,0,0.464,8,46,651.84
2024-03-21,Providence,SKU-3001,Electronics,80.43,0,0,0.58,7,52,563.01
2024-03-22,Providence,SKU-3001,Electronics,80.17,0,0,0.552,9,94,721.53
2024-03-23,Providence,SKU-3001,Electronics,80.32,0,0,0.347,9,69,722.88
2024-03-24,Providence,SKU-3001,Electronics,79.67,0,0,0.768,7,74,557.69
2024-03-25,Providence,SKU-3001,Electronics,81.34,0,0,0.515,6,49,488.04
2024-03-26,Providence,SKU-3001,Electronics,77.4,0,0,0.629,8,66,619.2
2024-03-27,Providence,SKU-3001,Electronics,80.22,0,0,0.59,10,50,802.2
2024-03-28,Providence,SKU-3001,Electronics,78.49,0,0,0.639,7,69,549.43
2024-03-29,Providence,SKU-3001,Electronics,78.07,0,0,0.718,9,46,702.63
2024-03-30,Providence,SKU-3001,Electronics,81.66,0,0,0.598,9,68,734.94
2024-03-31,Providence,SKU-3001,Electronics,79.94,0,0,0.532,9,58,719.46
2024-04-01,Providence,SKU-3001,Electronics,80.0,0,0,0.853,11,71,880.0
2024-04-02,Providence,SKU-3001,Electronics,79.41,0,0,0.72,6,29,476.46
2024-04-03,Providence,SKU-3001,Electronics,80.34,0,0,0.732,8,58,642.72
2024-04-04,Providence,SKU-3001,Electronics,80.09,0,0,0.891,7,55,560.63
2024-04-05,Providence,SKU-3001,Electronics,79.47,0,0,0.704,8,54,635.76
2024-04-06,Providence,SKU-3001,Electronics,72.62,1,0,0.652,7,66,508.34
2024-04-07,Providence,SKU-3001,Electronics,80.92,0,0,0.507,11,56,890.12
2024-04-08,Providence,SKU-3001,Electronics,71.55,1,0,0.606,7,54,500.85
2024-04-09,Providence,SKU-3001,Electronics,81.52,0,0,0.641,6,37,489.12
2024-04-10,Providence,SKU-3001,Electronics,80.15,0,0,0.598,6,38,480.9
2024-04-11,Providence,SKU-3001,Electronics,80.27,0,0,0.571,7,70,561.89
2024-04-12,Providence,SKU-3001,Electronics,78.85,0,0,0.537,10,48,788.5
2024-04-13,Providence,SKU-3001,Electronics,81.09,0,0,0.429,6,68,486.54
2024-04-14,Providence,SKU-3001,Electronics,80.73,0,0,0.694,7,63,565.11
2024-04-15,Providence,SKU-3001,Electronics,80.5,0,0,0.557,9,87,724.5
2024-04-16,Providence,SKU-3001,Electronics,79.47,0,0,0.664,4,58,317.88
2024-04-17,Providence,SKU-3001,Electronics,77.84,0,0,0.617,10,51,778.4
2024-04-18,Providence,SKU-3001,Electronics,78.87,0,0,0.429,6,39,473.22
2024-04-19,Providence,SKU-3001,Electronics,79.41,0,0,0.591,9,44,714.69
2024-04-20,Providence,SKU-3001,Electronics,73.14,1,0,0.658,10,50,731.4
2024-04-21,Providence,SKU-3001,Electronics,79.51,0,0,0.528,8,48,636.08
2024-04-22,Providence,SKU-3001,Electronics,78.88,0,0,0.575,6,71,473.28
2024-04-23,Providence,SKU-3001,Electronics,80.63,0,0,0.563,10,53,806.3
2024-04-24,Providence,SKU-3001,Electronics,81.47,0,0,0.581,9,43,733.23
2024-04-25,Providence,SKU-3001,Electronics,78.94,0,0,0.728,8,39,631.52
2024-04-26,Providence,SKU-3001,Electronics,80.41,0,0,0.853,8,64,643.28
2024-04-27,Providence,SKU-3001,Electronics,79.79,0,0,0.521,10,51,797.9
2024-04-28,Providence,SKU-3001,Electronics,80.11,0,0,0.593,12,19,961.32
2024-04-29,Providence,SKU-3001,Electronics,80.24,0,0,0.547,5,77,401.2
2024-04-30,Providence,SKU-3001,Electronics,80.39,0,0,0.622,10,22,803.9
2024-05-01,Providence,SKU-3001,Electronics,77.16,0,0,0.569,11,46,848.76
2024-05-02,Providence,SKU-3001,Electronics,79.97,0,0,0.624,4,46,319.88
2024-05-03,Providence,SKU-3001,Electronics,80.43,0,0,0.622,13,47,1045.59
2024-05-04,Providence,SKU-3001,Electronics,82.02,0,0,0.456,9,49,738.18
2024-05-05,Providence,SKU-3001,Electronics,80.44,0,0,0.747,7,41,563.08
2024-05-06,Providence,SKU-3001,Electronics,79.77,0,0,0.482,9,51,717.93
2024-05-07,Providence,SKU-3001,Electronics,80.77,0,0,0.661,5,62,403.85
2024-05-08,Providence,SKU-3001,Electronics,81.07,0,0,0.675,8,57,648.56
2024-05-09,Providence,SKU-3001,Electronics,78.37,0,0,0.618,7,47,548.59
2024-05-10,Providence,SKU-3001,Electronics,78.32,0,0,0.681,6,25,469.92
2024-05-11,Providence,SKU-3001,Electronics,72.5,1,0,0.529,8,36,580.0
2024-05-12,Providence,SKU-3001,Electronics,80.36,0,0,0.524,9,58,723.24
2024-05-13,Providence,SKU-3001,Electronics,79.58,0,0,0.598,7,17,557.06
2024-05-14,Providence,SKU-3001,Electronics,80.67,0,0,0.419,6,40,484.02
2024-05-15,Providence,SKU-3001,Electronics,78.88,0,0,0.634,6,42,473.28
2024-05-16,Providence,SKU-3001,Electronics,72.77,1,0,0.669,8,48,582.16
2024-05-17,Providence,SKU-3001,Electronics,79.36,0,0,0.512,10,71,793.6
2024-05-18,Providence,SKU-3001,Electronics,79.14,0,0,0.34,10,44,791.4
2024-05-19,Providence,SKU-3001,Electronics,78.91,0,0,0.377,8,47,631.28
2024-05-20,Providence,SKU-3001,Electronics,80.8,0,0,0.36,8,54,646.4
2024-05-21,Providence,SKU-3001,Electronics,79.96,0,0,0.576,5,53,399.8
2024-05-22,Providence,SKU-3001,Electronics,78.75,0,0,0.541,4,32,315.0
2024-05-23,Providence,SKU-3001,Electronics,79.94,0,0,0.567,2,65,159.88
2024-05-24,Providence,SKU-3001,Electronics,80.21,0,0,0.563,6,63,481.26
2024-05-25,Providence,SKU-3001,Electronics,78.95,0,0,0.518,10,37,789.5
2024-05-26,Providence,SKU-3001,Electronics,80.68,0,0,0.455,9,49,726.12
2024-05-27,Providence,SKU-3001,Electronics,78.3,0,0,0.591,10,60,783.0
2024-05-28,Providence,SKU-3001,Electronics,79.09,0,0,0.549,7,35,553.63
2024-05-29,Providence,SKU-3001,Electronics,79.77,0,0,0.765,5,42,398.85
2024-05-30,Providence,SKU-3001,Electronics,79.94,0,0,0.416,6,42,479.64
