data/raw/retail_daily_sales.csv
date,store,sku,category,price,promotion,holiday,weather_index,units_sold,inventory_on_hand,revenue
2025-02-08,Providence,SKU-3001,Electronics,79.78,0,0,0.823,10,86,797.8
2025-02-09,Providence,SKU-3001,Electronics,79.62,0,0,0.602,7,44,557.34
2025-02-10,Providence,SKU-3001,Electronics,81.91,0,0,0.771,6,61,491.46
2025-02-11,Providence,SKU-3001,Electronics,81.52,0,0,0.713,3,50,244.56
2025-02-12,Providence,SKU-3001,Electronics,78.29,0,0,1.0,4,55,313.16
2025-02-13,Providence,SKU-3001,Electronics,79.45,0,0,0.805,9,47,715.05
2025-02-14,Providence,SKU-3001,Electronics,80.6,0,0,0.758,9,57,725.4
2025-02-15,Providence,SKU-3001,Electronics,81.27,0,0,0.997,9,53,731.43
2025-02-16,Providence,SKU-3001,Electronics,80.91,0,0,0.782,8,72,647.28
2025-02-17,Providence,SKU-3001,Electronics,80.41,0,0,0.758,9,69,723.69
2025-02-18,Providence,SKU-3001,Electronics,79.99,0,0,0.773,8,58,639.92
2025-02-19,Providence,SKU-3001,Electronics,79.18,0,0,1.0,8,39,633.44
2025-02-20,Providence,SKU-3001,Electronics,79.57,0,0,0.551,5,64,397.85
2025-02-21,Providence,SKU-3001,Electronics,80.63,0,0,0.703,7,49,564.41
2025-02-22,Providence,SKU-3001,Electronics,71.12,1,0,0.666,12,45,853.44
2025-02-23,Providence,SKU-3001,Electronics,80.43,0,0,0.739,8,41,643.44
2025-02-24,Providence,SKU-3001,Electronics,80.11,0,0,0.926,8,55,640.88
2025-02-25,Providence,SKU-3001,Electronics,80.04,0,0,0.885,5,59,400.2
2025-02-26,Providence,SKU-3001,Electronics,79.55,0,0,0.524,2,91,159.1
2025-02-27,Providence,SKU-3001,Electronics,80.41,0,0,0.615,6,43,482.46
2025-02-28,Providence,SKU-3001,Electronics,78.07,0,0,0.851,7,62,546.49
2025-03-01,Providence,SKU-3001,Electronics,79.63,0,0,0.744,8,74,637.04
2025-03-02,Providence,SKU-3001,Electronics,77.41,0,0,0.675,9,61,696.69
2025-03-03,Providence,SKU-3001,Electronics,81.56,0,0,0.66,4,39,326.24
2025-03-04,Providence,SKU-3001,Electronics,80.28,0,0,0.609,4,81,321.12
2025-03-05,Providence,SKU-3001,Electronics,79.36,0,0,0.901,8,71,634.88
2025-03-06,Providence,SKU-3001,Electronics,80.47,0,0,0.659,7,47,563.29
2025-03-07,Providence,SKU-3001,Electronics,80.68,0,0,0.762,8,63,645.44
2025-03-08,Providence,SKU-3001,Electronics,80.64,0,0,0.794,8,43,645.12
2025-03-09,Providence,SKU-3001,Electronics,81.82,0,0,0.761,9,42,736.38
2025-03-10,Providence,SKU-3001,Electronics,79.21,0,0,0.814,8,13,633.68
2025-03-11,Providence,SKU-3001,Electronics,79.58,0,0,0.74,3,14,238.74
2025-03-12,Providence,SKU-3001,Electronics,76.12,0,0,0.618,3,54,228.36
2025-03-13,Providence,SKU-3001,Electronics,79.86,0,0,0.819,7,49,559.02
2025-03-14,Providence,SKU-3001,Electronics,80.34,0,0,0.701,8,68,642.72
2025-03-15,Providence,SKU-3001,Electronics,73.32,1,0,0.591,14,62,1026.48
2025-03-16,Providence,SKU-3001,Electronics,79.21,0,0,0.719,8,54,633.68
2025-03-17,Providence,SKU-3001,Electronics,78.64,0,0,0.586,8,57,629.12
2025-03-18,Providence,SKU-3001,Electronics,80.97,0,0,0.638,6,51,485.82
2025-03-19,Providence,SKU-3001,Electronics,81.17,0,0,0.715,8,67,649.36
2025-03-20,Providence,SKU-3001,Electronics,72.63,1,0,0.768,7,45,508.41
2025-03-21,Providence,SKU-3001,Electronics,78.22,0,0,0.79,10,36,782.2
2025-03-22,Providence,SKU-3001,Electronics,80.21,0,0,0.577,6,63,481.26
2025-03-23,Providence,SKU-3001,Electronics,79.6,0,0,0.691,10,74,796.0
2025-03-24,Providence,SKU-3001,Electronics,76.98,0,0,0.871,3,96,230.94
2025-03-25,Providence,SKU-3001,Electronics,81.29,0,0,0.65,6,43,487.74
2025-03-26,Providence,SKU-3001,Electronics,79.01,0,0,0.765,5,51,395.05
2025-03-27,Providence,SKU-3001,Electronics,79.4,0,0,0.883,7,52,555.8
2025-03-28,Providence,SKU-3001,Electronics,78.75,0,0,0.748,10,24,787.5
2025-03-29,Providence,SKU-3001,Electronics,79.03,0,0,0.56,10,33,790.3
2025-03-30,Providence,SKU-3001,Electronics,81.94,0,0,0.594,9,75,737.46
2025-03-31,Providence,SKU-3001,Electronics,81.3,0,0,0.625,5,35,406.5
2025-04-01,Providence,SKU-3001,Electronics,81.26,0,0,0.657,4,19,325.04
2025-04-02,Providence,SKU-3001,Electronics,80.15,0,0,0.721,4,46,320.6
2025-04-03,Providence,SKU-3001,Electronics,71.17,1,0,0.538,8,49,569.36
2025-04-04,Providence,SKU-3001,Electronics,78.56,0,0,0.676,10,33,785.6
2025-04-05,Providence,SKU-3001,Electronics,80.16,0,0,0.586,8,26,641.28
2025-04-06,Providence,SKU-3001,Electronics,78.91,0,0,0.912,11,29,868.01
2025-04-07,Providence,SKU-3001,Electronics,81.88,0,0,0.784,10,53,818.8
2025-04-08,Providence,SKU-3001,Electronics,80.41,0,0,0.651,7,84,562.87
2025-04-09,Providence,SKU-3001,Electronics,78.08,0,0,0.995,6,67,468.48
2025-04-10,Providence,SKU-3001,Electronics,80.97,0,0,0.775,6,48,485.82
2025-04-11,Providence,SKU-3001,Electronics,81.66,0,0,0.752,9,66,734.94
2025-04-12,Providence,SKU-3001,Electronics,80.34,0,0,0.799,9,75,723.06
2025-04-13,Providence,SKU-3001,Electronics,79.82,0,0,0.712,8,79,638.56
2025-04-14,Providence,SKU-3001,Electronics,80.87,0,0,0.623,6,56,485.22
2025-04-15,Providence,SKU-3001,Electronics,70.84,1,0,0.796,9,72,637.56
2025-04-16,Providence,SKU-3001,Electronics,81.33,0,0,0.569,8,46,650.64
2025-04-17,Providence,SKU-3001,Electronics,79.65,0,0,0.719,7,37,557.55
2025-04-18,Providence,SKU-3001,Electronics,80.38,0,0,0.552,10,84,803.8
2025-04-19,Providence,SKU-3001,Electronics,83.17,0,0,0.426,9,35,748.53
2025-04-20,Providence,SKU-3001,Electronics,77.51,0,0,0.635,11,38,852.61
2025-04-21,Providence,SKU-3001,Electronics,79.58,0,0,0.571,5,66,397.9
2025-04-22,Providence,SKU-3001,Electronics,78.88,0,0,0.657,5,60,394.4
2025-04-23,Providence,SKU-3001,Electronics,78.53,0,0,0.685,7,56,549.71
2025-04-24,Providence,SKU-3001,Electronics,80.03,0,0,0.628,11,68,880.33
2025-04-25,Providence,SKU-3001,Electronics,80.54,0,0,0.511,11,53,885.94
2025-04-26,Providence,SKU-3001,Electronics,78.83,0,0,0.756,10,58,788.3
2025-04-27,Providence,SKU-3001,Electronics,79.94,0,0,0.545,5,33,399.7
2025-04-28,Providence,SKU-3001,Electronics,80.34,0,0,0.721,7,77,562.38
2025-04-29,Providence,SKU-3001,Electronics,79.93,0,0,0.752,7,58,559.51
2025-04-30,Providence,SKU-3001,Electronics,81.3,0,0,0.369,10,63,813.0
2024-01-01,Providence,SKU-3002,Electronics,120.32,1,0,0.836,5,38,601.6
2024-01-02,Providence,SKU-3002,Electronics,115.81,1,0,0.66,8,37,926.48
2024-01-03,Providence,SKU-3002,Electronics,130.24,0,0,0.58,4,23,520.96
2024-01-04,Providence,SKU-3002,Electronics,130.08,0,0,0.633,7,35,910.56
2024-01-05,Providence,SKU-3002,Electronics,132.77,0,0,0.651,6,47,796.62
2024-01-06,Providence,SKU-3002,Electronics,129.35,0,0,0.659,7,49,905.45
2024-01-07,Providence,SKU-3002,Electronics,115.4,1,0,0.78,4,48,461.6
2024-01-08,Providence,SKU-3002,Electronics,133.04,0,0,0.507,7,38,931.28
2024-01-09,Providence,SKU-3002,Electronics,131.89,0,0,0.633,2,22,263.78
2024-01-10,Providence,SKU-3002,Electronics,127.53,0,0,0.719,1,29,127.53
2024-01-11,Providence,SKU-3002,Electronics,129.24,0,0,0.691,3,37,387.72
2024-01-12,Providence,SKU-3002,Electronics,128.8,0,0,0.603,7,44,901.6
2024-01-13,Providence,SKU-3002,Electronics,129.68,0,0,0.951,3,38,389.04
2024-01-14,Providence,SKU-3002,Electronics,129.1,0,0,0.833,6,44,774.6
2024-01-15,Providence,SKU-3002,Electronics,133.08,0,0,0.856,9,49,1197.72
2024-01-16,Providence,SKU-3002,Electronics,131.38,0,0,0.928,2,44,262.76
2024-01-17,Providence,SKU-3002,Electronics,129.57,0,0,0.757,1,48,129.57
2024-01-18,Providence,SKU-3002,Electronics,133.79,0,0,0.655,5,39,668.95
2024-01-19,Providence,SKU-3002,Electronics,130.11,0,0,0.635,9,33,1170.99
2024-01-20,Providence,SKU-3002,Electronics,127.56,0,0,0.489,5,37,637.8
2024-01-21,Providence,SKU-3002,Electronics,131.13,0,0,0.599,7,50,917.91
2024-01-22,Providence,SKU-3002,Electronics,127.52,0,0,0.834,8,42,1020.16
2024-01-23,Providence,SKU-3002,Electronics,129.17,0,0,0.666,5,37,645.85
2024-01-24,Providence,SKU-3002,Electronics,128.31,0,0,0.65,3,37,384.93
2024-01-25,Providence,SKU-3002,Electronics,131.62,0,0,0.726,1,42,131.62
2024-01-26,Providence,SKU-3002,Electronics,126.86,0,0,0.759,4,38,507.44
2024-01-27,Providence,SKU-3002,Electronics,129.87,0,0,0.806,4,39,519.48
2024-01-28,Providence,SKU-3002,Electronics,128.96,0,0,0.682,7,23,902.72
2024-01-29,Providence,SKU-3002,Electronics,129.13,0,0,0.543,7,21,903.91
2024-01-30,Providence,SKU-3002,Electronics,129.41,0,0,0.612,6,36,776.46
2024-01-31,Providence,SKU-3002,Electronics,134.15,0,0,0.491,1,57,134.15
2024-02-01,Providence,SKU-3002,Electronics,130.83,0,0,0.789,5,27,654.15
2024-02-02,Providence,SKU-3002,Electronics,132.78,0,0,0.933,6,24,796.68
2024-02-03,Providence,SKU-3002,Electronics,130.65,0,0,0.691,5,46,653.25
2024-02-04,Providence,SKU-3002,Electronics,128.4,0,0,0.702,4,35,513.6
2024-02-05,Providence,SKU-3002,Electronics,129.48,0,0,0.469,7,38,906.36
2024-02-06,Providence,SKU-3002,Electronics,128.14,0,0,0.957,4,18,512.56
2024-02-07,Providence,SKU-3002,Electronics,130.3,0,0,0.617,2,29,260.6
2024-02-08,Providence,SKU-3002,Electronics,114.05,1,0,0.772,6,32,684.3
2024-02-09,Providence,SKU-3002,Electronics,132.11,0,0,0.756,6,41,792.66
2024-02-10,Providence,SKU-3002,Electronics,129.59,0,0,0.867,8,22,1036.72
2024-02-11,Providence,SKU-3002,Electronics,133.66,0,0,0.942,4,50,534.64
2024-02-12,Providence,SKU-3002,Electronics,131.53,0,0,0.577,5,47,657.65
2024-02-13,Providence,SKU-3002,Electronics,126.93,0,0,0.811,5,29,634.65
2024-02-14,Providence,SKU-3002,Electronics,128.9,0,0,0.729,1,54,128.9
2024-02-15,Providence,SKU-3002,Electronics,125.19,0,0,0.853,5,40,625.95
2024-02-16,Providence,SKU-3002,Electronics,130.37,0,0,0.699,5,42,651.85
2024-02-17,Providence,SKU-3002,Electronics,132.87,0,0,0.774,6,60,797.22
2024-02-18,Providence,SKU-3002,Electronics,128.43,0,0,0.993,5,33,642.15
2024-02-19,Providence,SKU-3002,Electronics,115.09,1,0,0.779,3,57,345.27
2024-02-20,Providence,SKU-3002,Electronics,128.0,0,0,0.916,1,42,128.0
2024-02-21,Providence,SKU-3002,Electronics,128.98,0,0,0.62,2,35,257.96
2024-02-22,Providence,SKU-3002,Electronics,130.57,0,0,0.87,1,35,130.57
2024-02-23,Providence,SKU-3002,Electronics,128.31,0,0,0.842,5,27,641.55
2024-02-24,Providence,SKU-3002,Electronics,128.97,0,0,0.663,4,33,515.88
2024-02-25,Providence,SKU-3002,Electronics,131.86,0,0,0.791,4,18,527.44
2024-02-26,Providence,SKU-3002,Electronics,128.53,0,0,0.847,6,58,771.18
2024-02-27,Providence,SKU-3002,Electronics,133.09,0,0,0.701,5,49,665.45
2024-02-28,Providence,SKU-3002,Electronics,128.77,0,0,0.445,5,31,643.85
2024-02-29,Providence,SKU-3002,Electronics,127.16,0,0,0.825,5,33,635.8
2024-03-01,Providence,SKU-3002,Electronics,131.45,0,0,0.75,6,41,788.7
2024-03-02,Providence,SKU-3002,Electronics,131.86,0,0,0.81,5,39,659.3
2024-03-03,Providence,SKU-3002,Electronics,128.89,0,0,0.548,3,36,386.67
2024-03-04,Providence,SKU-3002,Electronics,128.83,0,0,0.652,3,36,386.49
2024-03-05,Providence,SKU-3002,Electronics,129.71,0,0,1.0,2,55,259.42
2024-03-06,Providence,SKU-3002,Electronics,132.7,0,0,0.675,4,29,530.8
2024-03-07,Providence,SKU-3002,Electronics,130.03,0,0,0.531,9,33,1170.27
2024-03-08,Providence,SKU-3002,Electronics,129.47,0,0,0.68,6,37,776.82
2024-03-09,Providence,SKU-3002,Electronics,131.36,0,0,0.72,6,35,788.16
2024-03-10,Providence,SKU-3002,Electronics,130.09,0,0,0.702,5,36,650.45
2024-03-11,Providence,SKU-3002,Electronics,128.9,0,0,0.811,6,53,773.4
2024-03-12,Providence,SKU-3002,Electronics,126.27,0,0,0.818,2,27,252.54
2024-03-13,Providence,SKU-3002,Electronics,128.51,0,0,0.659,6,25,771.06
2024-03-14,Providence,SKU-3002,Electronics,131.59,0,0,0.818,1,50,131.59
2024-03-15,Providence,SKU-3002,Electronics,128.16,0,0,0.76,11,38,1409.76
2024-03-16,Providence,SKU-3002,Electronics,114.41,1,0,0.888,8,26,915.28
2024-03-17,Providence,SKU-3002,Electronics,131.81,0,0,0.574,8,37,1054.48
2024-03-18,Providence,SKU-3002,Electronics,133.4,0,0,0.545,3,46,400.2
2024-03-19,Providence,SKU-3002,Electronics,131.87,0,0,0.831,5,29,659.35
2024-03-20,Providence,SKU-3002,Electronics,127.43,0,0,0.868,8,29,1019.44
2024-03-21,Providence,SKU-3002,Electronics,133.8,0,0,0.894,1,36,133.8
2024-03-22,Providence,SKU-3002,Electronics,129.03,0,0,0.919,9,26,1161.27
2024-03-23,Providence,SKU-3002,Electronics,129.61,0,0,0.677,8,26,1036.88
2024-03-24,Providence,SKU-3002,Electronics,127.98,0,0,0.623,6,27,767.88
2024-03-25,Providence,SKU-3002,Electronics,127.81,0,0,0.634,3,46,383.43
2024-03-26,Providence,SKU-3002,Electronics,128.93,0,0,0.796,4,47,515.72
2024-03-27,Providence,SKU-3002,Electronics,115.98,1,0,0.55,6,56,695.88
2024-03-28,Providence,SKU-3002,Electronics,127.43,0,0,0.52,3,34,382.29
2024-03-29,Providence,SKU-3002,Electronics,126.78,0,0,0.618,7,22,887.46
2024-03-30,Providence,SKU-3002,Electronics,128.46,0,0,0.732,3,48,385.38
2024-03-31,Providence,SKU-3002,Electronics,118.96,1,0,0.65,6,51,713.76
2024-04-01,Providence,SKU-3002,Electronics,129.77,0,0,0.813,4,44,519.08
2024-04-02,Providence,SKU-3002,Electronics,130.81,0,0,0.685,2,29,261.62
2024-04-03,Providence,SKU-3002,Electronics,131.86,0,0,0.773,5,42,659.3
2024-04-04,Providence,SKU-3002,Electronics,130.92,0,0,0.513,3,28,392.76
2024-04-05,Providence,SKU-3002,Electronics,125.76,0,0,0.867,6,46,754.56
2024-04-06,Providence,SKU-3002,Electronics,130.4,0,0,0.513,6,43,782.4
2024-04-07,Providence,SKU-3002,Electronics,129.86,0,0,0.603,4,31,519.44
2024-04-08,Providence,SKU-3002,Electronics,128.47,0,0,0.433,3,50,385.41
2024-04-09,Providence,SKU-3002,Electronics,135.54,0,0,0.845,5,44,677.7
2024-04-10,Providence,SKU-3002,Electronics,130.05,0,0,0.716,7,33,910.35
2024-04-11,Providence,SKU-3002,Electronics,129.73,0,0,0.657,3,40,389.19
2024-04-12,Providence,SKU-3002,Electronics,131.29,0,0,0.787,7,26,919.03
2024-04-13,Providence,SKU-3002,Electronics,130.18,0,0,0.552,8,40,1041.44
2024-04-14,Providence,SKU-3002,Electronics,129.46,0,0,0.607,9,33,1165.14
2024-04-15,Providence,SKU-3002,Electronics,130.27,0,0,0.837,5,38,651.35
2024-04-16,Providence,SKU-3002,Electronics,128.85,0,0,0.547,0,49,0.0
2024-04-17,Providence,SKU-3002,Electronics,130.75,0,0,0.724,4,29,523.0
2024-04-18,Providence,SKU-3002,Electronics,116.9,1,0,0.564,3,40,350.7
2024-04-19,Providence,SKU-3002,Electronics,129.52,0,0,0.592,6,44,777.12
2024-04-20,Providence,SKU-3002,Electronics,133.1,0,0,0.545,3,39,399.3
2024-04-21,Providence,SKU-3002,Electronics,132.35,0,0,0.336,8,37,1058.8
2024-04-22,Providence,SKU-3002,Electronics,117.29,1,0,0.683,8,38,938.32
2024-04-23,Providence,SKU-3002,Electronics,126.84,0,0,0.713,7,23,887.88
2024-04-24,Providence,SKU-3002,Electronics,129.1,0,0,0.682,4,45,516.4
2024-04-25,Providence,SKU-3002,Electronics,127.81,0,0,0.796,7,53,894.67
2024-04-26,Providence,SKU-3002,Electronics,128.07,0,0,0.494,6,44,768.42
2024-04-27,Providence,SKU-3002,Electronics,129.91,0,0,0.611,5,43,649.55
2024-04-28,Providence,SKU-3002,Electronics,130.69,0,0,0.695,7,24,914.83
2024-04-29,Providence,SKU-3002,Electronics,129.14,0,0,0.646,5,46,645.7
2024-04-30,Providence,SKU-3002,Electronics,130.04,0,0,0.554,3,28,390.12
2024-05-01,Providence,SKU-3002,Electronics,133.85,0,0,0.418,3,46,401.55
2024-05-02,Providence,SKU-3002,Electronics,129.79,0,0,0.54,4,14,519.16
2024-05-03,Providence,SKU-3002,Electronics,119.08,1,0,0.775,8,8,952.64
2024-05-04,Providence,SKU-3002,Electronics,133.15,0,0,0.767,5,25,665.75
2024-05-05,Providence,SKU-3002,Electronics,133.04,0,0,0.628,6,38,798.24
2024-05-06,Providence,SKU-3002,Electronics,128.58,0,0,0.471,7,20,900.06
2024-05-07,Providence,SKU-3002,Electronics,128.85,0,0,0.711,4,25,515.4
2024-05-08,Providence,SKU-3002,Electronics,129.57,0,0,0.517,4,31,518.28
2024-05-09,Providence,SKU-3002,Electronics,129.26,0,0,0.523,8,16,1034.08
2024-05-10,Providence,SKU-3002,Electronics,127.21,0,0,0.487,6,28,763.26
2024-05-11,Providence,SKU-3002,Electronics,130.32,0,0,0.408,4,35,521.28
2024-05-12,Providence,SKU-3002,Electronics,130.6,0,0,0.787,6,26,783.6
2024-05-13,Providence,SKU-3002,Electronics,130.44,0,0,0.547,6,32,782.64
2024-05-14,Providence,SKU-3002,Electronics,118.56,1,0,0.746,4,40,474.24
2024-05-15,Providence,SKU-3002,Electronics,130.21,0,0,0.575,5,45,651.05
2024-05-16,Providence,SKU-3002,Electronics,129.65,0,0,0.516,3,23,388.95
2024-05-17,Providence,SKU-3002,Electronics,129.69,0,0,0.563,6,52,778.14
2024-05-18,Providence,SKU-3002,Electronics,129.81,0,0,0.787,3,44,389.43
2024-05-19,Providence,SKU-3002,Electronics,130.79,0,0,0.63,5,30,653.95
2024-05-20,Providence,SKU-3002,Electronics,129.4,0,0,0.496,4,48,517.6
2024-05-21,Providence,SKU-3002,Electronics,132.34,0,0,0.529,4,36,529.36
2024-05-22,Providence,SKU-3002,Electronics,130.98,0,0,0.433,4,13,523.92
2024-05-23,Providence,SKU-3002,Electronics,131.3,0,0,0.603,5,37,656.5
2024-05-24,Providence,SKU-3002,Electronics,127.71,0,0,0.53,4,53,510.84
2024-05-25,Providence,SKU-3002,Electronics,129.46,0,0,0.555,5,41,647.3
2024-05-26,Providence,SKU-3002,Electronics,125.8,0,0,0.491,7,30,880.6
2024-05-27,Providence,SKU-3002,Electronics,132.64,0,0,0.671,6,26,795.84
2024-05-28,Providence,SKU-3002,Electronics,130.52,0,0,0.596,1,59,130.52
2024-05-29,Providence,SKU-3002,Electronics,129.31,0,0,0.233,2,66,258.62
2024-05-30,Providence,SKU-3002,Electronics,130.04,0,0,0.416,6,26,780.24
2024-05-31,Providence,SKU-3002,Electronics,135.06,0,0,0.581,5,32,675.3
2024-06-01,Providence,SKU-3002,Electronics,128.45,0,0,0.719,4,15,513.8
2024-06-02,Providence,SKU-3002,Electronics,129.5,0,0,0.499,8,29,1036.0
2024-06-03,Providence,SKU-3002,Electronics,131.11,0,0,0.465,4,46,524.44
2024-06-04,Providence,SKU-3002,Electronics,131.45,0,0,0.489,3,54,394.35
2024-06-05,Providence,SKU-3002,Electronics,128.72,0,0,0.629,4,36,514.88
2024-06-06,Providence,SKU-3002,Electronics,129.88,0,0,0.647,7,38,909.16
2024-06-07,Providence,SKU-3002,Electronics,118.2,1,0,0.62,9,47,1063.8
2024-06-08,Providence,SKU-3002,Electronics,128.94,0,0,0.478,5,33,644.7
2024-06-09,Providence,SKU-3002,Electronics,127.99,0,0,0.514,2,45,255.98
2024-06-10,Providence,SKU-3002,Electronics,130.37,0,0,0.407,3,39,391.11
2024-06-11,Providence,SKU-3002,Electronics,115.25,1,0,0.491,6,51,691.5
2024-06-12,Providence,SKU-3002,Electronics,132.28,0,0,0.722,2,32,264.56
2024-06-13,Providence,SKU-3002,Electronics,115.66,1,0,0.511,8,18,925.28
2024-06-14,Providence,SKU-3002,Electronics,130.66,0,0,0.67,6,31,783.96
2024-06-15,Providence,SKU-3002,Electronics,131.01,0,0,0.452,7,20,917.07
2024-06-16,Providence,SKU-3002,Electronics,129.88,0,0,0.29,4,26,519.52
