data/raw/retail_daily_sales.csv
date,store,sku,category,price,promotion,holiday,weather_index,units_sold,inventory_on_hand,revenue
2024-06-17,Providence,SKU-3002,Electronics,127.48,0,0,0.501,7,32,892.36
2024-06-18,Providence,SKU-3002,Electronics,131.7,0,0,0.519,3,44,395.1
2024-06-19,Providence,SKU-3002,Electronics,132.78,0,0,0.621,5,14,663.9
2024-06-20,Providence,SKU-3002,Electronics,129.66,0,0,0.312,4,54,518.64
2024-06-21,Providence,SKU-3002,Electronics,128.01,0,0,0.263,3,20,384.03
2024-06-22,Providence,SKU-3002,Electronics,128.11,0,0,0.475,8,59,1024.88
2024-06-23,Providence,SKU-3002,Electronics,131.43,0,0,0.617,1,55,131.43
2024-06-24,Providence,SKU-3002,Electronics,129.3,0,0,0.49,2,36,258.6
2024-06-25,Providence,SKU-3002,Electronics,117.66,1,0,0.41,6,46,705.96
2024-06-26,Providence,SKU-3002,Electronics,131.82,0,0,0.551,9,46,1186.38
2024-06-27,Providence,SKU-3002,Electronics,129.48,0,0,0.404,5,31,647.4
2024-06-28,Providence,SKU-3002,Electronics,114.13,1,0,0.425,5,21,570.65
2024-06-29,Providence,SKU-3002,Electronics,130.01,0,0,0.365,4,37,520.04
2024-06-30,Providence,SKU-3002,Electronics,130.28,0,0,0.464,5,44,651.4
2024-07-01,Providence,SKU-3002,Electronics,126.31,0,0,0.406,5,35,631.55
2024-07-02,Providence,SKU-3002,Electronics,131.56,0,0,0.341,0,48,0.0
2024-07-03,Providence,SKU-3002,Electronics,128.21,0,0,0.416,6,17,769.26
2024-07-04,Providence,SKU-3002,Electronics,129.94,0,1,0.368,6,49,779.64
2024-07-05,Providence,SKU-3002,Electronics,130.52,0,0,0.426,2,29,261.04
2024-07-06,Providence,SKU-3002,Electronics,117.4,1,0,0.249,6,28,704.4
2024-07-07,Providence,SKU-3002,Electronics,127.81,0,0,0.494,5,45,639.05
2024-07-08,Providence,SKU-3002,Electronics,133.64,0,0,0.224,6,52,801.84
2024-07-09,Providence,SKU-3002,Electronics,132.77,0,0,0.378,2,34,265.54
2024-07-10,Providence,SKU-3002,Electronics,132.15,0,0,0.322,4,21,528.6
2024-07-11,Providence,SKU-3002,Electronics,127.69,0,0,0.399,6,43,766.14
2024-07-12,Providence,SKU-3002,Electronics,129.34,0,0,0.505,4,46,517.36
2024-07-13,Providence,SKU-3002,Electronics,128.64,0,0,0.343,2,34,257.28
2024-07-14,Providence,SKU-3002,Electronics,132.57,0,0,0.355,9,30,1193.13
2024-07-15,Providence,SKU-3002,Electronics,128.22,0,0,0.322,6,39,769.32
2024-07-16,Providence,SKU-3002,Electronics,131.27,0,0,0.286,1,42,131.27
2024-07-17,Providence,SKU-3002,Electronics,118.25,1,0,0.506,8,21,946.0
2024-07-18,Providence,SKU-3002,Electronics,129.28,0,0,0.199,1,34,129.28
2024-07-19,Providence,SKU-3002,Electronics,128.79,0,0,0.316,2,49,257.58
2024-07-20,Providence,SKU-3002,Electronics,131.21,0,0,0.496,4,24,524.84
2024-07-21,Providence,SKU-3002,Electronics,131.77,0,0,0.348,7,37,922.39
2024-07-22,Providence,SKU-3002,Electronics,130.58,0,0,0.367,5,27,652.9
2024-07-23,Providence,SKU-3002,Electronics,130.52,0,0,0.486,5,55,652.6
2024-07-24,Providence,SKU-3002,Electronics,129.92,0,0,0.297,1,53,129.92
2024-07-25,Providence,SKU-3002,Electronics,130.8,0,0,0.499,3,31,392.4
2024-07-26,Providence,SKU-3002,Electronics,127.59,0,0,0.62,3,29,382.77
2024-07-27,Providence,SKU-3002,Electronics,125.77,0,0,0.526,3,40,377.31
2024-07-28,Providence,SKU-3002,Electronics,130.23,0,0,0.3,4,37,520.92
2024-07-29,Providence,SKU-3002,Electronics,129.99,0,0,0.218,3,43,389.97
2024-07-30,Providence,SKU-3002,Electronics,130.05,0,0,0.356,6,18,780.3
2024-07-31,Providence,SKU-3002,Electronics,133.56,0,0,0.656,4,41,534.24
2024-08-01,Providence,SKU-3002,Electronics,130.6,0,0,0.491,4,41,522.4
2024-08-02,Providence,SKU-3002,Electronics,116.07,1,0,0.237,2,34,232.14
2024-08-03,Providence,SKU-3002,Electronics,131.07,0,0,0.401,4,27,524.28
2024-08-04,Providence,SKU-3002,Electronics,129.14,0,0,0.355,3,32,387.42
2024-08-05,Providence,SKU-3002,Electronics,131.27,0,0,0.425,7,50,918.89
2024-08-06,Providence,SKU-3002,Electronics,131.05,0,0,0.317,5,28,655.25
2024-08-07,Providence,SKU-3002,Electronics,127.55,0,0,0.428,2,51,255.1
2024-08-08,Providence,SKU-3002,Electronics,132.42,0,0,0.375,8,40,1059.36
2024-08-09,Providence,SKU-3002,Electronics,129.69,0,0,0.344,1,44,129.69
2024-08-10,Providence,SKU-3002,Electronics,129.32,0,0,0.282,3,5,387.96
2024-08-11,Providence,SKU-3002,Electronics,128.75,0,0,0.419,7,44,901.25
2024-08-12,Providence,SKU-3002,Electronics,128.0,0,0,0.425,5,30,640.0
2024-08-13,Providence,SKU-3002,Electronics,127.1,0,0,0.241,2,44,254.2
2024-08-14,Providence,SKU-3002,Electronics,128.19,0,0,0.254,4,31,512.76
2024-08-15,Providence,SKU-3002,Electronics,130.56,0,0,0.556,1,50,130.56
2024-08-16,Providence,SKU-3002,Electronics,128.25,0,0,0.256,4,41,513.0
2024-08-17,Providence,SKU-3002,Electronics,129.04,0,0,0.263,2,40,258.08
2024-08-18,Providence,SKU-3002,Electronics,130.03,0,0,0.226,4,50,520.12
2024-08-19,Providence,SKU-3002,Electronics,128.96,0,0,0.378,5,41,644.8
2024-08-20,Providence,SKU-3002,Electronics,127.42,0,0,0.282,5,43,637.1
2024-08-21,Providence,SKU-3002,Electronics,130.98,0,0,0.342,1,54,130.98
2024-08-22,Providence,SKU-3002,Electronics,134.22,0,0,0.216,1,9,134.22
2024-08-23,Providence,SKU-3002,Electronics,130.18,0,0,0.223,4,39,520.72
2024-08-24,Providence,SKU-3002,Electronics,131.28,0,0,0.355,7,41,918.96
2024-08-25,Providence,SKU-3002,Electronics,132.38,0,0,0.426,5,56,661.9
2024-08-26,Providence,SKU-3002,Electronics,129.06,0,0,0.502,4,27,516.24
2024-08-27,Providence,SKU-3002,Electronics,129.58,0,0,0.296,2,45,259.16
2024-08-28,Providence,SKU-3002,Electronics,135.45,0,0,0.396,4,34,541.8
2024-08-29,Providence,SKU-3002,Electronics,127.94,0,0,0.275,6,18,767.64
2024-08-30,Providence,SKU-3002,Electronics,128.12,0,0,0.609,2,27,256.24
2024-08-31,Providence,SKU-3002,Electronics,117.0,1,0,0.391,6,35,702.0
2024-09-01,Providence,SKU-3002,Electronics,129.77,0,0,0.314,7,36,908.39
2024-09-02,Providence,SKU-3002,Electronics,132.5,0,0,0.457,3,37,397.5
2024-09-03,Providence,SKU-3002,Electronics,131.39,0,0,0.404,5,33,656.95
2024-09-04,Providence,SKU-3002,Electronics,127.71,0,0,0.078,3,30,383.13
2024-09-05,Providence,SKU-3002,Electronics,129.16,0,0,0.204,8,34,1033.28
2024-09-06,Providence,SKU-3002,Electronics,129.65,0,0,0.356,7,34,907.55
2024-09-07,Providence,SKU-3002,Electronics,130.82,0,0,0.501,7,46,915.74
2024-09-08,Providence,SKU-3002,Electronics,125.16,0,0,0.355,6,48,750.96
2024-09-09,Providence,SKU-3002,Electronics,129.24,0,0,0.294,2,27,258.48
2024-09-10,Providence,SKU-3002,Electronics,118.06,1,0,0.331,4,15,472.24
2024-09-11,Providence,SKU-3002,Electronics,127.84,0,0,0.369,3,57,383.52
2024-09-12,Providence,SKU-3002,Electronics,127.86,0,0,0.316,4,35,511.44
2024-09-13,Providence,SKU-3002,Electronics,129.03,0,0,0.49,4,35,516.12
2024-09-14,Providence,SKU-3002,Electronics,131.25,0,0,0.423,5,34,656.25
2024-09-15,Providence,SKU-3002,Electronics,126.73,0,0,0.598,0,52,0.0
2024-09-16,Providence,SKU-3002,Electronics,125.7,0,0,0.36,6,41,754.2
2024-09-17,Providence,SKU-3002,Electronics,127.41,0,0,0.556,3,37,382.23
2024-09-18,Providence,SKU-3002,Electronics,130.78,0,0,0.341,4,31,523.12
2024-09-19,Providence,SKU-3002,Electronics,131.24,0,0,0.44,3,48,393.72
2024-09-20,Providence,SKU-3002,Electronics,129.05,0,0,0.509,5,31,645.25
2024-09-21,Providence,SKU-3002,Electronics,128.54,0,0,0.404,9,42,1156.86
2024-09-22,Providence,SKU-3002,Electronics,132.08,0,0,0.4,5,60,660.4
2024-09-23,Providence,SKU-3002,Electronics,128.23,0,0,0.505,2,49,256.46
2024-09-24,Providence,SKU-3002,Electronics,128.73,0,0,0.488,3,31,386.19
2024-09-25,Providence,SKU-3002,Electronics,131.62,0,0,0.276,3,43,394.86
2024-09-26,Providence,SKU-3002,Electronics,129.52,0,0,0.437,0,27,0.0
2024-09-27,Providence,SKU-3002,Electronics,126.87,0,0,0.509,5,39,634.35
2024-09-28,Providence,SKU-3002,Electronics,130.99,0,0,0.376,5,27,654.95
2024-09-29,Providence,SKU-3002,Electronics,132.39,0,0,0.569,5,36,661.95
2024-09-30,Providence,SKU-3002,Electronics,127.37,0,0,0.391,3,53,382.11
2024-10-01,Providence,SKU-3002,Electronics,131.59,0,0,0.356,5,47,657.95
2024-10-02,Providence,SKU-3002,Electronics,131.97,0,0,0.191,6,36,791.82
2024-10-03,Providence,SKU-3002,Electronics,129.23,0,0,0.58,2,47,258.46
2024-10-04,Providence,SKU-3002,Electronics,130.36,0,0,0.308,4,55,521.44
2024-10-05,Providence,SKU-3002,Electronics,134.39,0,0,0.561,6,41,806.34
2024-10-06,Providence,SKU-3002,Electronics,125.73,0,0,0.471,4,31,502.92
2024-10-07,Providence,SKU-3002,Electronics,126.47,0,0,0.576,4,11,505.88
2024-10-08,Providence,SKU-3002,Electronics,129.44,0,0,0.578,5,22,647.2
2024-10-09,Providence,SKU-3002,Electronics,127.28,0,0,0.256,2,33,254.56
2024-10-10,Providence,SKU-3002,Electronics,130.99,0,0,0.523,3,44,392.97
2024-10-11,Providence,SKU-3002,Electronics,133.69,0,0,0.156,0,43,0.0
2024-10-12,Providence,SKU-3002,Electronics,127.93,0,0,0.327,6,50,767.58
2024-10-13,Providence,SKU-3002,Electronics,130.59,0,0,0.25,1,25,130.59
2024-10-14,Providence,SKU-3002,Electronics,130.15,0,0,0.471,3,28,390.45
2024-10-15,Providence,SKU-3002,Electronics,127.65,0,0,0.514,2,40,255.3
2024-10-16,Providence,SKU-3002,Electronics,117.38,1,0,0.342,5,38,586.9
2024-10-17,Providence,SKU-3002,Electronics,128.79,0,0,0.531,0,38,0.0
2024-10-18,Providence,SKU-3002,Electronics,129.69,0,0,0.526,1,36,129.69
2024-10-19,Providence,SKU-3002,Electronics,128.69,0,0,0.465,4,22,514.76
2024-10-20,Providence,SKU-3002,Electronics,130.16,0,0,0.182,3,48,390.48
2024-10-21,Providence,SKU-3002,Electronics,128.07,0,0,0.615,3,54,384.21
2024-10-22,Providence,SKU-3002,Electronics,131.65,0,0,0.411,3,23,394.95
2024-10-23,Providence,SKU-3002,Electronics,133.06,0,0,0.415,1,53,133.06
2024-10-24,Providence,SKU-3002,Electronics,127.49,0,0,0.414,4,23,509.96
2024-10-25,Providence,SKU-3002,Electronics,130.12,0,0,0.65,4,31,520.48
2024-10-26,Providence,SKU-3002,Electronics,116.66,1,0,0.432,5,37,583.3
2024-10-27,Providence,SKU-3002,Electronics,132.09,0,0,0.603,5,41,660.45
2024-10-28,Providence,SKU-3002,Electronics,134.86,0,0,0.419,3,25,404.58
2024-10-29,Providence,SKU-3002,Electronics,134.42,0,0,0.415,4,39,537.68
2024-10-30,Providence,SKU-3002,Electronics,132.96,0,0,0.458,4,43,531.84
2024-10-31,Providence,SKU-3002,Electronics,128.43,0,0,0.627,6,33,770.58
2024-11-01,Providence,SKU-3002,Electronics,126.67,0,0,0.439,8,35,1013.36
2024-11-02,Providence,SKU-3002,Electronics,131.98,0,0,0.19,5,32,659.9
2024-11-03,Providence,SKU-3002,Electronics,129.72,0,0,0.495,4,27,518.88
2024-11-04,Providence,SKU-3002,Electronics,130.82,0,0,0.418,5,39,654.1
2024-11-05,Providence,SKU-3002,Electronics,129.26,0,0,0.592,4,32,517.04
2024-11-06,Providence,SKU-3002,Electronics,129.05,0,0,0.398,3,47,387.15
2024-11-07,Providence,SKU-3002,Electronics,127.05,0,0,0.473,0,35,0.0
2024-11-08,Providence,SKU-3002,Electronics,130.79,0,0,0.635,3,28,392.37
2024-11-09,Providence,SKU-3002,Electronics,133.52,0,0,0.566,4,35,534.08
2024-11-10,Providence,SKU-3002,Electronics,132.4,0,0,0.55,5,39,662.0
2024-11-11,Providence,SKU-3002,Electronics,128.34,0,0,0.646,3,49,385.02
2024-11-12,Providence,SKU-3002,Electronics,130.69,0,0,0.909,4,25,522.76
2024-11-13,Providence,SKU-3002,Electronics,127.47,0,0,0.438,6,32,764.82
2024-11-14,Providence,SKU-3002,Electronics,128.59,0,0,0.355,1,46,128.59
2024-11-15,Providence,SKU-3002,Electronics,127.73,0,0,0.502,7,26,894.11
2024-11-16,Providence,SKU-3002,Electronics,130.08,0,0,0.494,5,56,650.4
2024-11-17,Providence,SKU-3002,Electronics,131.67,0,0,0.624,3,63,395.01
2024-11-18,Providence,SKU-3002,Electronics,131.07,0,0,0.585,6,27,786.42
2024-11-19,Providence,SKU-3002,Electronics,131.91,0,0,0.521,3,46,395.73
2024-11-20,Providence,SKU-3002,Electronics,119.35,1,0,0.638,4,33,477.4
2024-11-21,Providence,SKU-3002,Electronics,126.88,0,0,0.598,5,12,634.4
2024-11-22,Providence,SKU-3002,Electronics,131.12,0,0,0.652,4,27,524.48
2024-11-23,Providence,SKU-3002,Electronics,131.36,0,0,0.7,3,47,394.08
2024-11-24,Providence,SKU-3002,Electronics,130.24,0,0,0.642,8,33,1041.92
2024-11-25,Providence,SKU-3002,Electronics,128.65,0,0,0.832,5,48,643.25
2024-11-26,Providence,SKU-3002,Electronics,131.35,0,0,0.508,3,29,394.05
2024-11-27,Providence,SKU-3002,Electronics,129.12,0,0,0.578,2,42,258.24
2024-11-28,Providence,SKU-3002,Electronics,128.38,0,0,0.587,3,38,385.14
2024-11-29,Providence,SKU-3002,Electronics,134.23,0,1,0.569,6,27,805.38
2024-11-30,Providence,SKU-3002,Electronics,129.22,0,0,0.512,4,43,516.88
2024-12-01,Providence,SKU-3002,Electronics,128.6,0,1,0.492,5,41,643.0
2024-12-02,Providence,SKU-3002,Electronics,116.99,1,1,0.633,5,17,584.95
2024-12-03,Providence,SKU-3002,Electronics,115.17,1,1,0.522,6,27,691.02
2024-12-04,Providence,SKU-3002,Electronics,126.86,0,1,0.571,2,31,253.72
2024-12-05,Providence,SKU-3002,Electronics,131.11,0,1,0.758,6,49,786.66
2024-12-06,Providence,SKU-3002,Electronics,130.9,0,1,0.703,9,49,1178.1
2024-12-07,Providence,SKU-3002,Electronics,130.18,0,1,0.567,6,24,781.08
2024-12-08,Providence,SKU-3002,Electronics,128.96,0,1,0.591,8,48,1031.68
2024-12-09,Providence,SKU-3002,Electronics,130.28,0,1,0.637,1,33,130.28
2024-12-10,Providence,SKU-3002,Electronics,130.2,0,1,0.638,1,38,130.2
2024-12-11,Providence,SKU-3002,Electronics,129.75,0,1,0.801,2,28,259.5
2024-12-12,Providence,SKU-3002,Electronics,129.43,0,1,0.61,3,42,388.29
2024-12-13,Providence,SKU-3002,Electronics,114.96,1,1,0.651,6,24,689.76
2024-12-14,Providence,SKU-3002,Electronics,133.78,0,1,0.7,5,38,668.9
2024-12-15,Providence,SKU-3002,Electronics,132.56,0,1,0.381,5,45,662.8
2024-12-16,Providence,SKU-3002,Electronics,131.15,0,1,0.81,2,24,262.3
2024-12-17,Providence,SKU-3002,Electronics,127.13,0,1,0.514,7,33,889.91
2024-12-18,Providence,SKU-3002,Electronics,131.23,0,1,0.859,3,55,393.69
2024-12-19,Providence,SKU-3002,Electronics,130.77,0,1,0.683,8,43,1046.16
2024-12-20,Providence,SKU-3002,Electronics,131.63,0,1,0.524,6,64,789.78
2024-12-21,Providence,SKU-3002,Electronics,130.52,0,1,0.614,5,35,652.6
2024-12-22,Providence,SKU-3002,Electronics,129.04,0,1,0.887,5,41,645.2
2024-12-23,Providence,SKU-3002,Electronics,128.69,0,1,0.759,6,43,772.14
2024-12-24,Providence,SKU-3002,Electronics,133.28,0,1,0.558,6,25,799.68
2024-12-25,Providence,SKU-3002,Electronics,128.11,0,1,0.567,3,44,384.33
2024-12-26,Providence,SKU-3002,Electronics,129.94,0,1,0.517,6,47,779.64
2024-12-27,Providence,SKU-3002,Electronics,133.41,0,1,0.638,4,44,533.64
2024-12-28,Providence,SKU-3002,Electronics,128.82,0,1,0.575,5,46,644.1
2024-12-29,Providence,SKU-3002,Electronics,130.65,0,1,0.631,1,43,130.65
2024-12-30,Providence,SKU-3002,Electronics,129.67,0,1,0.696,4,51,518.68
2024-12-31,Providence,SKU-3002,Electronics,132.69,0,1,0.855,6,27,796.14
2025-01-01,Providence,SKU-3002,Electronics,129.91,0,0,0.541,3,40,389.73
2025-01-02,Providence,SKU-3002,Electronics,129.0,0,0,0.663,3,34,387.0
2025-01-03,Providence,SKU-3002,Electronics,128.95,0,0,0.646,4,40,515.8
2025-01-04,Providence,SKU-3002,Electronics,128.75,0,0,0.485,8,36,1030.0
2025-01-05,Providence,SKU-3002,Electronics,132.07,0,0,0.883,6,47,792.42
2025-01-06,Providence,SKU-3002,Electronics,129.34,0,0,0.719,7,40,905.38
2025-01-07,Providence,SKU-3002,Electronics,133.2,0,0,0.742,5,33,666.0
2025-01-08,Providence,SKU-3002,Electronics,117.67,1,0,0.541,4,31,470.68
2025-01-09,Providence,SKU-3002,Electronics,128.24,0,0,0.659,4,57,512.96
2025-01-10,Providence,SKU-3002,Electronics,130.96,0,0,0.791,6,41,785.76
2025-01-11,Providence,SKU-3002,Electronics,134.06,0,0,0.879,6,19,804.36
2025-01-12,Providence,SKU-3002,Electronics,131.03,0,0,0.537,10,19,1310.3
2025-01-13,Providence,SKU-3002,Electronics,129.91,0,0,0.641,6,30,779.46
2025-01-14,Providence,SKU-3002,Electronics,116.5,1,0,0.663,6,42,699.0
2025-01-15,Providence,SKU-3002,Electronics,131.28,0,0,0.588,5,51,656.4
2025-01-16,Providence,SKU-3002,Electronics,131.31,0,0,0.873,5,40,656.55
2025-01-17,Providence,SKU-3002,Electronics,129.23,0,0,0.539,8,36,1033.84
2025-01-18,Providence,SKU-3002,Electronics,132.25,0,0,0.82,3,5,396.75
2025-01-19,Providence,SKU-3002,Electronics,118.08,1,0,0.817,9,55,1062.72
2025-01-20,Providence,SKU-3002,Electronics,132.68,0,0,0.881,4,22,530.72
2025-01-21,Providence,SKU-3002,Electronics,132.39,0,0,0.64,6,9,794.34
2025-01-22,Providence,SKU-3002,Electronics,130.89,0,0,0.836,2,46,261.78
2025-01-23,Providence,SKU-3002,Electronics,131.37,0,0,0.654,2,58,262.74
2025-01-24,Providence,SKU-3002,Electronics,126.83,0,0,0.599,7,38,887.81
2025-01-25,Providence,SKU-3002,Electronics,126.93,0,0,0.874,6,33,761.58
2025-01-26,Providence,SKU-3002,Electronics,132.57,0,0,0.723,6,35,795.42
2025-01-27,Providence,SKU-3002,Electronics,129.01,0,0,0.792,2,17,258.02
2025-01-28,Providence,SKU-3002,Electronics,129.78,0,0,0.536,5,41,648.9
2025-01-29,Providence,SKU-3002,Electronics,129.5,0,0,0.795,5,27,647.5
2025-01-30,Providence,SKU-3002,Electronics,127.7,0,0,0.726,7,25,893.9
2025-01-31,Providence,SKU-3002,Electronics,129.56,0,0,0.678,7,33,906.92
2025-02-01,Providence,SKU-3002,Electronics,130.91,0,0,0.809,4,36,523.64
2025-02-02,Providence,SKU-3002,Electronics,127.01,0,0,0.87,5,47,635.05
2025-02-03,Providence,SKU-3002,Electronics,130.98,0,0,0.712,2,15,261.96
2025-02-04,Providence,SKU-3002,Electronics,132.27,0,0,0.834,5,34,661.35
2025-02-05,Providence,SKU-3002,Electronics,130.15,0,0,0.952,1,23,130.15
2025-02-06,Providence,SKU-3002,Electronics,133.97,0,0,0.885,7,44,937.79
2025-02-07,Providence,SKU-3002,Electronics,132.91,0,0,0.545,9,45,1196.19
2025-02-08,Providence,SKU-3002,Electronics,130.9,0,0,0.702,8,48,1047.2
2025-02-09,Providence,SKU-3002,Electronics,128.55,0,0,0.655,8,17,1028.4
2025-02-10,Providence,SKU-3002,Electronics,115.54,1,0,0.844,5,33,577.7
2025-02-11,Providence,SKU-3002,Electronics,131.68,0,0,0.49,5,39,658.4
2025-02-12,Providence,SKU-3002,Electronics,128.05,0,0,0.719,6,42,768.3
2025-02-13,Providence,SKU-3002,Electronics,129.07,0,0,0.692,5,35,645.35
2025-02-14,Providence,SKU-3002,Electronics,130.72,0,0,0.561,8,25,1045.76
2025-02-15,Providence,SKU-3002,Electronics,131.35,0,0,0.847,6,33,788.1
2025-02-16,Providence,SKU-3002,Electronics,132.2,0,0,0.721,10,29,1322.0
2025-02-17,Providence,SKU-3002,Electronics,126.7,0,0,0.68,4,45,506.8
2025-02-18,Providence,SKU-3002,Electronics,117.07,1,0,0.731,4,51,468.28
2025-02-19,Providence,SKU-3002,Electronics,116.67,1,0,0.824,5,39,583.35
2025-02-20,Providence,SKU-3002,Electronics,129.99,0,0,0.966,5,38,649.95
