data/raw/retail_daily_sales.csv
date,store,sku,category,price,promotion,holiday,weather_index,units_sold,inventory_on_hand,revenue
2025-02-21,Providence,SKU-3002,Electronics,128.84,0,0,0.747,6,39,773.04
2025-02-22,Providence,SKU-3002,Electronics,130.18,0,0,0.918,6,62,781.08
2025-02-23,Providence,SKU-3002,Electronics,128.57,0,0,0.898,4,44,514.28
2025-02-24,Providence,SKU-3002,Electronics,129.53,0,0,0.635,4,54,518.12
2025-02-25,Providence,SKU-3002,Electronics,132.13,0,0,0.622,6,40,792.78
2025-02-26,Providence,SKU-3002,Electronics,128.37,0,0,0.802,7,27,898.59
2025-02-27,Providence,SKU-3002,Electronics,130.62,0,0,0.56,6,19,783.72
2025-02-28,Providence,SKU-3002,Electronics,133.72,0,0,0.809,5,26,668.6
2025-03-01,Providence,SKU-3002,Electronics,119.07,1,0,0.617,11,44,1309.77
2025-03-02,Providence,SKU-3002,Electronics,128.46,0,0,0.752,3,58,385.38
2025-03-03,Providence,SKU-3002,Electronics,128.75,0,0,0.886,6,39,772.5
2025-03-04,Providence,SKU-3002,Electronics,130.81,0,0,0.925,4,30,523.24
2025-03-05,Providence,SKU-3002,Electronics,130.21,0,0,0.846,4,37,520.84
2025-03-06,Providence,SKU-3002,Electronics,129.43,0,0,0.919,5,35,647.15
2025-03-07,Providence,SKU-3002,Electronics,131.5,0,0,0.81,3,13,394.5
2025-03-08,Providence,SKU-3002,Electronics,129.95,0,0,0.807,10,46,1299.5
2025-03-09,Providence,SKU-3002,Electronics,128.51,0,0,0.436,7,48,899.57
2025-03-10,Providence,SKU-3002,Electronics,129.69,0,0,0.654,3,35,389.07
2025-03-11,Providence,SKU-3002,Electronics,127.45,0,0,0.697,1,43,127.45
2025-03-12,Providence,SKU-3002,Electronics,128.17,0,0,0.72,3,37,384.51
2025-03-13,Providence,SKU-3002,Electronics,131.03,0,0,0.663,3,37,393.09
2025-03-14,Providence,SKU-3002,Electronics,130.69,0,0,0.618,0,31,0.0
2025-03-15,Providence,SKU-3002,Electronics,133.19,0,0,0.675,1,28,133.19
2025-03-16,Providence,SKU-3002,Electronics,129.97,0,0,0.652,8,32,1039.76
2025-03-17,Providence,SKU-3002,Electronics,129.27,0,0,0.608,4,58,517.08
2025-03-18,Providence,SKU-3002,Electronics,128.46,0,0,0.54,7,44,899.22
2025-03-19,Providence,SKU-3002,Electronics,127.14,0,0,0.815,7,30,889.98
2025-03-20,Providence,SKU-3002,Electronics,128.74,0,0,0.923,4,35,514.96
2025-03-21,Providence,SKU-3002,Electronics,130.78,0,0,0.662,8,42,1046.24
2025-03-22,Providence,SKU-3002,Electronics,129.1,0,0,0.706,5,51,645.5
2025-03-23,Providence,SKU-3002,Electronics,128.18,0,0,0.89,6,33,769.08
2025-03-24,Providence,SKU-3002,Electronics,129.37,0,0,0.676,2,43,258.74
2025-03-25,Providence,SKU-3002,Electronics,128.62,0,0,0.632,3,41,385.86
2025-03-26,Providence,SKU-3002,Electronics,134.58,0,0,0.682,6,42,807.48
2025-03-27,Providence,SKU-3002,Electronics,130.03,0,0,0.723,3,32,390.09
2025-03-28,Providence,SKU-3002,Electronics,132.91,0,0,0.956,6,43,797.46
2025-03-29,Providence,SKU-3002,Electronics,131.8,0,0,0.644,10,29,1318.0
2025-03-30,Providence,SKU-3002,Electronics,120.85,1,0,0.632,10,41,1208.5
2025-03-31,Providence,SKU-3002,Electronics,128.69,0,0,0.381,7,30,900.83
2025-04-01,Providence,SKU-3002,Electronics,132.33,0,0,0.786,0,46,0.0
2025-04-02,Providence,SKU-3002,Electronics,131.14,0,0,0.76,4,28,524.56
2025-04-03,Providence,SKU-3002,Electronics,128.84,0,0,0.51,2,40,257.68
2025-04-04,Providence,SKU-3002,Electronics,129.02,0,0,0.57,5,29,645.1
2025-04-05,Providence,SKU-3002,Electronics,131.36,0,0,0.613,7,42,919.52
2025-04-06,Providence,SKU-3002,Electronics,125.96,0,0,0.62,8,37,1007.68
2025-04-07,Providence,SKU-3002,Electronics,130.57,0,0,0.647,3,33,391.71
2025-04-08,Providence,SKU-3002,Electronics,128.2,0,0,0.723,8,47,1025.6
2025-04-09,Providence,SKU-3002,Electronics,130.67,0,0,0.668,4,36,522.68
2025-04-10,Providence,SKU-3002,Electronics,128.57,0,0,0.577,5,40,642.85
2025-04-11,Providence,SKU-3002,Electronics,132.43,0,0,0.793,2,52,264.86
2025-04-12,Providence,SKU-3002,Electronics,132.21,0,0,0.864,8,36,1057.68
2025-04-13,Providence,SKU-3002,Electronics,131.7,0,0,0.824,4,34,526.8
2025-04-14,Providence,SKU-3002,Electronics,132.09,0,0,0.687,4,66,528.36
2025-04-15,Providence,SKU-3002,Electronics,127.94,0,0,0.639,5,46,639.7
2025-04-16,Providence,SKU-3002,Electronics,129.45,0,0,0.526,6,40,776.7
2025-04-17,Providence,SKU-3002,Electronics,130.84,0,0,0.645,4,50,523.36
2025-04-18,Providence,SKU-3002,Electronics,131.24,0,0,0.821,7,50,918.68
2025-04-19,Providence,SKU-3002,Electronics,132.32,0,0,0.749,5,27,661.6
2025-04-20,Providence,SKU-3002,Electronics,133.35,0,0,0.737,4,27,533.4
2025-04-21,Providence,SKU-3002,Electronics,129.66,0,0,0.777,3,61,388.98
2025-04-22,Providence,SKU-3002,Electronics,133.28,0,0,0.799,4,42,533.12
2025-04-23,Providence,SKU-3002,Electronics,127.46,0,0,0.34,3,57,382.38
2025-04-24,Providence,SKU-3002,Electronics,128.12,0,0,0.668,5,41,640.6
2025-04-25,Providence,SKU-3002,Electronics,127.33,0,0,0.768,5,28,636.65
2025-04-26,Providence,SKU-3002,Electronics,130.17,0,0,0.684,6,39,781.02
2025-04-27,Providence,SKU-3002,Electronics,130.56,0,0,0.794,3,30,391.68
2025-04-28,Providence,SKU-3002,Electronics,129.22,0,0,0.778,4,20,516.88
2025-04-29,Providence,SKU-3002,Electronics,130.07,0,0,0.688,5,36,650.35
2025-04-30,Providence,SKU-3002,Electronics,128.78,0,0,0.584,6,41,772.68
2024-01-01,Providence,SKU-4001,Home,25.56,0,0,0.747,23,186,587.88
2024-01-02,Providence,SKU-4001,Home,22.29,1,0,0.759,29,132,646.41
2024-01-03,Providence,SKU-4001,Home,25.52,0,0,0.646,21,134,535.92
2024-01-04,Providence,SKU-4001,Home,24.63,0,0,0.813,23,128,566.49
2024-01-05,Providence,SKU-4001,Home,24.49,0,0,0.769,28,171,685.72
2024-01-06,Providence,SKU-4001,Home,24.22,0,0,0.574,32,85,775.04
2024-01-07,Providence,SKU-4001,Home,25.0,0,0,0.873,34,64,850.0
2024-01-08,Providence,SKU-4001,Home,26.04,0,0,0.739,17,183,442.68
2024-01-09,Providence,SKU-4001,Home,25.38,0,0,0.584,25,45,634.5
2024-01-10,Providence,SKU-4001,Home,24.85,0,0,0.53,21,178,521.85
2024-01-11,Providence,SKU-4001,Home,25.26,0,0,0.647,29,102,732.54
2024-01-12,Providence,SKU-4001,Home,24.86,0,0,0.656,31,188,770.66
2024-01-13,Providence,SKU-4001,Home,25.15,0,0,0.438,28,223,704.2
2024-01-14,Providence,SKU-4001,Home,25.07,0,0,0.861,32,59,802.24
2024-01-15,Providence,SKU-4001,Home,24.55,0,0,0.712,25,130,613.75
2024-01-16,Providence,SKU-4001,Home,25.44,0,0,0.808,23,138,585.12
2024-01-17,Providence,SKU-4001,Home,24.75,0,0,0.907,21,158,519.75
2024-01-18,Providence,SKU-4001,Home,25.8,0,0,0.649,22,136,567.6
2024-01-19,Providence,SKU-4001,Home,24.57,0,0,0.652,33,198,810.81
2024-01-20,Providence,SKU-4001,Home,24.85,0,0,0.644,25,75,621.25
2024-01-21,Providence,SKU-4001,Home,24.83,0,0,0.665,28,207,695.24
2024-01-22,Providence,SKU-4001,Home,24.64,0,0,0.741,24,155,591.36
2024-01-23,Providence,SKU-4001,Home,25.29,0,0,0.706,32,137,809.28
2024-01-24,Providence,SKU-4001,Home,25.14,0,0,0.714,23,65,578.22
2024-01-25,Providence,SKU-4001,Home,24.77,0,0,0.828,17,114,421.09
2024-01-26,Providence,SKU-4001,Home,25.19,0,0,0.712,30,131,755.7
2024-01-27,Providence,SKU-4001,Home,25.58,0,0,0.59,24,141,613.92
2024-01-28,Providence,SKU-4001,Home,25.18,0,0,0.71,30,251,755.4
2024-01-29,Providence,SKU-4001,Home,25.53,0,0,0.777,16,154,408.48
2024-01-30,Providence,SKU-4001,Home,24.59,0,0,0.809,29,198,713.11
2024-01-31,Providence,SKU-4001,Home,25.12,0,0,0.93,26,175,653.12
2024-02-01,Providence,SKU-4001,Home,25.24,0,0,0.707,27,180,681.48
2024-02-02,Providence,SKU-4001,Home,22.2,1,0,0.612,38,130,843.6
2024-02-03,Providence,SKU-4001,Home,25.33,0,0,0.865,40,84,1013.2
2024-02-04,Providence,SKU-4001,Home,25.02,0,0,0.694,28,144,700.56
2024-02-05,Providence,SKU-4001,Home,25.87,0,0,0.726,30,131,776.1
2024-02-06,Providence,SKU-4001,Home,25.31,0,0,0.701,32,89,809.92
2024-02-07,Providence,SKU-4001,Home,24.61,0,0,0.96,34,48,836.74
2024-02-08,Providence,SKU-4001,Home,25.16,0,0,0.908,32,150,805.12
2024-02-09,Providence,SKU-4001,Home,24.86,0,0,0.66,39,113,969.54
2024-02-10,Providence,SKU-4001,Home,25.12,0,0,0.704,24,202,602.88
2024-02-11,Providence,SKU-4001,Home,25.1,0,0,0.88,36,200,903.6
2024-02-12,Providence,SKU-4001,Home,25.4,0,0,1.0,25,200,635.0
2024-02-13,Providence,SKU-4001,Home,25.01,0,0,0.47,24,190,600.24
2024-02-14,Providence,SKU-4001,Home,25.06,0,0,0.706,30,180,751.8
2024-02-15,Providence,SKU-4001,Home,24.87,0,0,0.851,27,92,671.49
2024-02-16,Providence,SKU-4001,Home,25.24,0,0,0.837,38,156,959.12
2024-02-17,Providence,SKU-4001,Home,24.95,0,0,0.56,30,216,748.5
2024-02-18,Providence,SKU-4001,Home,24.92,0,0,0.611,33,184,822.36
2024-02-19,Providence,SKU-4001,Home,25.03,0,0,0.5,29,121,725.87
2024-02-20,Providence,SKU-4001,Home,25.2,0,0,0.758,36,169,907.2
2024-02-21,Providence,SKU-4001,Home,24.88,0,0,0.882,27,172,671.76
2024-02-22,Providence,SKU-4001,Home,24.97,0,0,0.607,24,182,599.28
2024-02-23,Providence,SKU-4001,Home,24.89,0,0,0.674,33,148,821.37
2024-02-24,Providence,SKU-4001,Home,25.02,0,0,0.845,35,211,875.7
2024-02-25,Providence,SKU-4001,Home,25.5,0,0,0.917,26,185,663.0
2024-02-26,Providence,SKU-4001,Home,24.7,0,0,0.808,26,230,642.2
2024-02-27,Providence,SKU-4001,Home,24.31,0,0,0.746,37,144,899.47
2024-02-28,Providence,SKU-4001,Home,24.95,0,0,0.772,28,127,698.6
2024-02-29,Providence,SKU-4001,Home,25.34,0,0,0.884,28,155,709.52
2024-03-01,Providence,SKU-4001,Home,24.75,0,0,0.712,25,181,618.75
2024-03-02,Providence,SKU-4001,Home,25.15,0,0,0.651,27,234,679.05
2024-03-03,Providence,SKU-4001,Home,25.07,0,0,0.759,37,241,927.59
2024-03-04,Providence,SKU-4001,Home,25.59,0,0,0.838,30,117,767.7
2024-03-05,Providence,SKU-4001,Home,25.06,0,0,0.655,26,221,651.56
2024-03-06,Providence,SKU-4001,Home,24.75,0,0,0.675,26,186,643.5
2024-03-07,Providence,SKU-4001,Home,25.09,0,0,0.798,18,200,451.62
2024-03-08,Providence,SKU-4001,Home,25.12,0,0,0.714,36,165,904.32
2024-03-09,Providence,SKU-4001,Home,25.26,0,0,0.758,37,128,934.62
2024-03-10,Providence,SKU-4001,Home,25.03,0,0,0.686,31,141,775.93
2024-03-11,Providence,SKU-4001,Home,24.54,0,0,0.838,30,145,736.2
2024-03-12,Providence,SKU-4001,Home,22.12,1,0,0.588,36,188,796.32
2024-03-13,Providence,SKU-4001,Home,24.92,0,0,0.678,18,155,448.56
2024-03-14,Providence,SKU-4001,Home,25.19,0,0,0.724,35,94,881.65
2024-03-15,Providence,SKU-4001,Home,25.08,0,0,0.487,36,162,902.88
2024-03-16,Providence,SKU-4001,Home,22.22,1,0,0.66,31,161,688.82
2024-03-17,Providence,SKU-4001,Home,24.18,0,0,0.747,32,114,773.76
2024-03-18,Providence,SKU-4001,Home,24.74,0,0,0.514,16,126,395.84
2024-03-19,Providence,SKU-4001,Home,24.73,0,0,0.778,29,168,717.17
2024-03-20,Providence,SKU-4001,Home,24.58,0,0,0.646,23,64,565.34
2024-03-21,Providence,SKU-4001,Home,25.29,0,0,0.77,27,218,682.83
2024-03-22,Providence,SKU-4001,Home,25.41,0,0,0.709,29,171,736.89
2024-03-23,Providence,SKU-4001,Home,24.67,0,0,0.742,35,221,863.45
2024-03-24,Providence,SKU-4001,Home,25.53,0,0,0.82,35,84,893.55
2024-03-25,Providence,SKU-4001,Home,25.0,0,0,0.639,34,68,850.0
2024-03-26,Providence,SKU-4001,Home,22.67,1,0,0.388,21,148,476.07
2024-03-27,Providence,SKU-4001,Home,24.83,0,0,0.676,22,189,546.26
2024-03-28,Providence,SKU-4001,Home,24.98,0,0,0.595,26,209,649.48
2024-03-29,Providence,SKU-4001,Home,24.86,0,0,0.66,22,170,546.92
2024-03-30,Providence,SKU-4001,Home,24.49,0,0,0.779,40,150,979.6
2024-03-31,Providence,SKU-4001,Home,25.03,0,0,0.7,30,210,750.9
2024-04-01,Providence,SKU-4001,Home,24.91,0,0,0.745,28,171,697.48
2024-04-02,Providence,SKU-4001,Home,24.83,0,0,0.871,17,157,422.11
2024-04-03,Providence,SKU-4001,Home,25.24,0,0,0.766,22,211,555.28
2024-04-04,Providence,SKU-4001,Home,25.14,0,0,0.622,27,166,678.78
2024-04-05,Providence,SKU-4001,Home,25.18,0,0,0.731,30,181,755.4
2024-04-06,Providence,SKU-4001,Home,25.01,0,0,0.725,23,63,575.23
2024-04-07,Providence,SKU-4001,Home,24.56,0,0,0.763,30,143,736.8
2024-04-08,Providence,SKU-4001,Home,25.21,0,0,0.719,33,129,831.93
2024-04-09,Providence,SKU-4001,Home,25.32,0,0,0.652,24,117,607.68
2024-04-10,Providence,SKU-4001,Home,25.13,0,0,0.641,28,171,703.64
2024-04-11,Providence,SKU-4001,Home,24.9,0,0,0.573,22,224,547.8
2024-04-12,Providence,SKU-4001,Home,25.1,0,0,0.782,39,173,978.9
2024-04-13,Providence,SKU-4001,Home,24.93,0,0,0.558,23,134,573.39
2024-04-14,Providence,SKU-4001,Home,23.16,1,0,0.909,64,206,1482.24
2024-04-15,Providence,SKU-4001,Home,25.08,0,0,0.691,26,155,652.08
2024-04-16,Providence,SKU-4001,Home,24.47,0,0,0.697,23,131,562.81
2024-04-17,Providence,SKU-4001,Home,25.41,0,0,0.631,32,158,813.12
2024-04-18,Providence,SKU-4001,Home,24.51,0,0,0.689,30,191,735.3
2024-04-19,Providence,SKU-4001,Home,24.79,0,0,0.812,35,122,867.65
2024-04-20,Providence,SKU-4001,Home,24.71,0,0,0.755,39,113,963.69
2024-04-21,Providence,SKU-4001,Home,24.55,0,0,0.63,35,144,859.25
2024-04-22,Providence,SKU-4001,Home,25.23,0,0,0.827,23,130,580.29
2024-04-23,Providence,SKU-4001,Home,25.03,0,0,0.707,21,174,525.63
2024-04-24,Providence,SKU-4001,Home,25.63,0,0,0.464,24,92,615.12
2024-04-25,Providence,SKU-4001,Home,25.05,0,0,0.615,32,162,801.6
2024-04-26,Providence,SKU-4001,Home,23.91,0,0,0.617,26,112,621.66
2024-04-27,Providence,SKU-4001,Home,25.7,0,0,0.455,26,195,668.2
2024-04-28,Providence,SKU-4001,Home,24.95,0,0,0.604,31,152,773.45
2024-04-29,Providence,SKU-4001,Home,24.91,0,0,0.571,23,213,572.93
2024-04-30,Providence,SKU-4001,Home,24.26,0,0,0.516,27,155,655.02
2024-05-01,Providence,SKU-4001,Home,25.51,0,0,0.705,26,210,663.26
2024-05-02,Providence,SKU-4001,Home,25.04,0,0,0.682,18,150,450.72
2024-05-03,Providence,SKU-4001,Home,25.43,0,0,0.698,32,182,813.76
2024-05-04,Providence,SKU-4001,Home,25.29,0,0,0.598,34,178,859.86
2024-05-05,Providence,SKU-4001,Home,25.86,0,0,0.685,30,165,775.8
2024-05-06,Providence,SKU-4001,Home,25.55,0,0,0.395,32,230,817.6
2024-05-07,Providence,SKU-4001,Home,24.9,0,0,0.595,29,174,722.1
2024-05-08,Providence,SKU-4001,Home,25.33,0,0,0.686,21,186,531.93
2024-05-09,Providence,SKU-4001,Home,25.55,0,0,0.478,25,120,638.75
2024-05-10,Providence,SKU-4001,Home,24.95,0,0,0.726,42,150,1047.9
2024-05-11,Providence,SKU-4001,Home,24.67,0,0,0.596,44,112,1085.48
2024-05-12,Providence,SKU-4001,Home,24.93,0,0,0.606,42,173,1047.06
2024-05-13,Providence,SKU-4001,Home,24.88,0,0,0.451,33,161,821.04
2024-05-14,Providence,SKU-4001,Home,22.62,1,0,0.442,31,127,701.22
2024-05-15,Providence,SKU-4001,Home,24.13,0,0,0.431,28,172,675.64
2024-05-16,Providence,SKU-4001,Home,24.66,0,0,0.654,25,136,616.5
2024-05-17,Providence,SKU-4001,Home,24.71,0,0,0.591,36,90,889.56
2024-05-18,Providence,SKU-4001,Home,25.27,0,0,0.52,30,196,758.1
2024-05-19,Providence,SKU-4001,Home,21.98,1,0,0.596,40,168,879.2
2024-05-20,Providence,SKU-4001,Home,22.06,1,0,0.525,39,140,860.34
2024-05-21,Providence,SKU-4001,Home,24.39,0,0,0.396,27,100,658.53
2024-05-22,Providence,SKU-4001,Home,24.79,0,0,0.576,21,185,520.59
2024-05-23,Providence,SKU-4001,Home,24.8,0,0,0.628,27,40,669.6
2024-05-24,Providence,SKU-4001,Home,24.86,0,0,0.529,29,166,720.94
2024-05-25,Providence,SKU-4001,Home,24.69,0,0,0.535,22,143,543.18
2024-05-26,Providence,SKU-4001,Home,24.86,0,0,0.465,42,113,1044.12
2024-05-27,Providence,SKU-4001,Home,24.99,0,0,0.565,21,199,524.79
2024-05-28,Providence,SKU-4001,Home,24.87,0,0,0.559,23,229,572.01
2024-05-29,Providence,SKU-4001,Home,24.82,0,0,0.465,25,186,620.5
2024-05-30,Providence,SKU-4001,Home,22.55,1,0,0.567,21,112,473.55
2024-05-31,Providence,SKU-4001,Home,24.65,0,0,0.461,24,138,591.6
2024-06-01,Providence,SKU-4001,Home,25.17,0,0,0.536,29,63,729.93
2024-06-02,Providence,SKU-4001,Home,25.08,0,0,0.589,32,207,802.56
2024-06-03,Providence,SKU-4001,Home,25.38,0,0,0.532,23,238,583.74
2024-06-04,Providence,SKU-4001,Home,22.26,1,0,0.668,31,161,690.06
2024-06-05,Providence,SKU-4001,Home,25.2,0,0,0.612,26,170,655.2
2024-06-06,Providence,SKU-4001,Home,24.53,0,0,0.54,18,160,441.54
2024-06-07,Providence,SKU-4001,Home,25.12,0,0,0.385,29,208,728.48
2024-06-08,Providence,SKU-4001,Home,25.31,0,0,0.506,31,183,784.61
2024-06-09,Providence,SKU-4001,Home,24.75,0,0,0.452,37,75,915.75
2024-06-10,Providence,SKU-4001,Home,25.52,0,0,0.417,22,81,561.44
2024-06-11,Providence,SKU-4001,Home,25.08,0,0,0.475,17,152,426.36
2024-06-12,Providence,SKU-4001,Home,25.24,0,0,0.591,21,182,530.04
2024-06-13,Providence,SKU-4001,Home,25.75,0,0,0.351,26,210,669.5
2024-06-14,Providence,SKU-4001,Home,24.77,0,0,0.463,27,148,668.79
2024-06-15,Providence,SKU-4001,Home,24.62,0,0,0.557,32,113,787.84
2024-06-16,Providence,SKU-4001,Home,24.97,0,0,0.353,33,213,824.01
2024-06-17,Providence,SKU-4001,Home,25.4,0,0,0.485,16,181,406.4
2024-06-18,Providence,SKU-4001,Home,24.34,0,0,0.611,20,174,486.8
2024-06-19,Providence,SKU-4001,Home,25.1,0,0,0.511,24,119,602.4
2024-06-20,Providence,SKU-4001,Home,24.94,0,0,0.514,28,157,698.32
2024-06-21,Providence,SKU-4001,Home,24.7,0,0,0.298,25,161,617.5
2024-06-22,Providence,SKU-4001,Home,25.17,0,0,0.686,33,199,830.61
2024-06-23,Providence,SKU-4001,Home,24.82,0,0,0.453,25,109,620.5
2024-06-24,Providence,SKU-4001,Home,24.42,0,0,0.317,21,112,512.82
2024-06-25,Providence,SKU-4001,Home,25.21,0,0,0.37,17,134,428.57
2024-06-26,Providence,SKU-4001,Home,25.12,0,0,0.591,30,130,753.6
2024-06-27,Providence,SKU-4001,Home,25.37,0,0,0.529,14,113,355.18
2024-06-28,Providence,SKU-4001,Home,25.32,0,0,0.69,27,181,683.64
2024-06-29,Providence,SKU-4001,Home,24.98,0,0,0.41,31,199,774.38
2024-06-30,Providence,SKU-4001,Home,24.97,0,0,0.246,32,91,799.04
2024-07-01,Providence,SKU-4001,Home,22.11,1,0,0.361,37,140,818.07
2024-07-02,Providence,SKU-4001,Home,24.7,0,0,0.202,24,108,592.8
2024-07-03,Providence,SKU-4001,Home,22.73,1,0,0.452,14,178,318.22
2024-07-04,Providence,SKU-4001,Home,25.14,0,1,0.518,23,126,578.22
2024-07-05,Providence,SKU-4001,Home,25.49,0,0,0.407,21,125,535.29
2024-07-06,Providence,SKU-4001,Home,24.91,0,0,0.55,23,50,572.93
2024-07-07,Providence,SKU-4001,Home,24.9,0,0,0.234,32,159,796.8
2024-07-08,Providence,SKU-4001,Home,24.5,0,0,0.455,25,211,612.5
2024-07-09,Providence,SKU-4001,Home,24.34,0,0,0.415,18,213,438.12
2024-07-10,Providence,SKU-4001,Home,24.97,0,0,0.444,25,71,624.25
2024-07-11,Providence,SKU-4001,Home,24.04,0,0,0.432,24,207,576.96
2024-07-12,Providence,SKU-4001,Home,25.23,0,0,0.269,31,154,782.13
2024-07-13,Providence,SKU-4001,Home,24.94,0,0,0.502,25,158,623.5
2024-07-14,Providence,SKU-4001,Home,25.05,0,0,0.299,30,186,751.5
2024-07-15,Providence,SKU-4001,Home,24.7,0,0,0.212,19,154,469.3
