data/raw/retail_daily_sales.csv
date,store,sku,category,price,promotion,holiday,weather_index,units_sold,inventory_on_hand,revenue
2024-07-16,Providence,SKU-4001,Home,25.33,0,0,0.285,19,237,481.27
2024-07-17,Providence,SKU-4001,Home,24.59,0,0,0.378,19,186,467.21
2024-07-18,Providence,SKU-4001,Home,24.77,0,0,0.4,24,271,594.48
2024-07-19,Providence,SKU-4001,Home,24.95,0,0,0.42,24,173,598.8
2024-07-20,Providence,SKU-4001,Home,24.81,0,0,0.383,33,88,818.73
2024-07-21,Providence,SKU-4001,Home,25.05,0,0,0.201,32,138,801.6
2024-07-22,Providence,SKU-4001,Home,24.85,0,0,0.25,21,138,521.85
2024-07-23,Providence,SKU-4001,Home,25.6,0,0,0.366,18,92,460.8
2024-07-24,Providence,SKU-4001,Home,24.73,0,0,0.593,26,90,642.98
2024-07-25,Providence,SKU-4001,Home,24.59,0,0,0.377,23,105,565.57
2024-07-26,Providence,SKU-4001,Home,25.14,0,0,0.378,23,181,578.22
2024-07-27,Providence,SKU-4001,Home,25.0,0,0,0.521,23,129,575.0
2024-07-28,Providence,SKU-4001,Home,24.83,0,0,0.281,22,183,546.26
2024-07-29,Providence,SKU-4001,Home,25.33,0,0,0.364,24,150,607.92
2024-07-30,Providence,SKU-4001,Home,25.51,0,0,0.539,25,127,637.75
2024-07-31,Providence,SKU-4001,Home,25.51,0,0,0.521,21,188,535.71
2024-08-01,Providence,SKU-4001,Home,25.06,0,0,0.392,17,122,426.02
2024-08-02,Providence,SKU-4001,Home,25.04,0,0,0.374,29,218,726.16
2024-08-03,Providence,SKU-4001,Home,24.71,0,0,0.207,29,204,716.59
2024-08-04,Providence,SKU-4001,Home,24.24,0,0,0.421,28,199,678.72
2024-08-05,Providence,SKU-4001,Home,24.77,0,0,0.253,22,121,544.94
2024-08-06,Providence,SKU-4001,Home,25.2,0,0,0.414,19,115,478.8
2024-08-07,Providence,SKU-4001,Home,24.8,0,0,0.508,17,174,421.6
2024-08-08,Providence,SKU-4001,Home,24.15,0,0,0.626,20,41,483.0
2024-08-09,Providence,SKU-4001,Home,24.74,0,0,0.33,22,123,544.28
2024-08-10,Providence,SKU-4001,Home,25.44,0,0,0.343,25,112,636.0
2024-08-11,Providence,SKU-4001,Home,24.91,0,0,0.42,26,101,647.66
2024-08-12,Providence,SKU-4001,Home,25.62,0,0,0.422,27,215,691.74
2024-08-13,Providence,SKU-4001,Home,24.73,0,0,0.436,20,127,494.6
2024-08-14,Providence,SKU-4001,Home,25.3,0,0,0.254,23,180,581.9
2024-08-15,Providence,SKU-4001,Home,24.96,0,0,0.351,26,137,648.96
2024-08-16,Providence,SKU-4001,Home,24.29,0,0,0.223,26,189,631.54
2024-08-17,Providence,SKU-4001,Home,24.56,0,0,0.508,27,110,663.12
2024-08-18,Providence,SKU-4001,Home,24.77,0,0,0.427,25,118,619.25
2024-08-19,Providence,SKU-4001,Home,25.51,0,0,0.393,20,92,510.2
2024-08-20,Providence,SKU-4001,Home,25.27,0,0,0.097,19,144,480.13
2024-08-21,Providence,SKU-4001,Home,24.9,0,0,0.444,17,135,423.3
2024-08-22,Providence,SKU-4001,Home,25.29,0,0,0.499,20,219,505.8
2024-08-23,Providence,SKU-4001,Home,25.8,0,0,0.425,28,153,722.4
2024-08-24,Providence,SKU-4001,Home,24.97,0,0,0.437,26,235,649.22
2024-08-25,Providence,SKU-4001,Home,25.61,0,0,0.224,21,165,537.81
2024-08-26,Providence,SKU-4001,Home,24.71,0,0,0.193,21,207,518.91
2024-08-27,Providence,SKU-4001,Home,25.34,0,0,0.292,12,119,304.08
2024-08-28,Providence,SKU-4001,Home,24.95,0,0,0.251,19,108,474.05
2024-08-29,Providence,SKU-4001,Home,24.68,0,0,0.417,25,244,617.0
2024-08-30,Providence,SKU-4001,Home,25.18,0,0,0.513,15,163,377.7
2024-08-31,Providence,SKU-4001,Home,24.49,0,0,0.305,24,201,587.76
2024-09-01,Providence,SKU-4001,Home,25.0,0,0,0.289,23,191,575.0
2024-09-02,Providence,SKU-4001,Home,24.64,0,0,0.414,21,203,517.44
2024-09-03,Providence,SKU-4001,Home,25.27,0,0,0.326,17,221,429.59
2024-09-04,Providence,SKU-4001,Home,24.76,0,0,0.479,19,171,470.44
2024-09-05,Providence,SKU-4001,Home,24.86,0,0,0.307,25,160,621.5
2024-09-06,Providence,SKU-4001,Home,25.69,0,0,0.311,32,177,822.08
2024-09-07,Providence,SKU-4001,Home,23.24,1,0,0.115,29,145,673.96
2024-09-08,Providence,SKU-4001,Home,24.89,0,0,0.401,24,87,597.36
2024-09-09,Providence,SKU-4001,Home,24.79,0,0,0.604,24,199,594.96
2024-09-10,Providence,SKU-4001,Home,25.42,0,0,0.569,22,128,559.24
2024-09-11,Providence,SKU-4001,Home,25.3,0,0,0.373,17,232,430.1
2024-09-12,Providence,SKU-4001,Home,24.49,0,0,0.27,23,222,563.27
2024-09-13,Providence,SKU-4001,Home,24.99,0,0,0.241,33,205,824.67
2024-09-14,Providence,SKU-4001,Home,24.91,0,0,0.302,24,158,597.84
2024-09-15,Providence,SKU-4001,Home,25.79,0,0,0.415,25,127,644.75
2024-09-16,Providence,SKU-4001,Home,24.87,0,0,0.473,22,183,547.14
2024-09-17,Providence,SKU-4001,Home,25.14,0,0,0.521,21,82,527.94
2024-09-18,Providence,SKU-4001,Home,25.08,0,0,0.296,20,192,501.6
2024-09-19,Providence,SKU-4001,Home,24.36,0,0,0.248,28,186,682.08
2024-09-20,Providence,SKU-4001,Home,24.97,0,0,0.162,20,149,499.4
2024-09-21,Providence,SKU-4001,Home,25.95,0,0,0.365,24,159,622.8
2024-09-22,Providence,SKU-4001,Home,22.91,1,0,0.45,22,143,504.02
2024-09-23,Providence,SKU-4001,Home,25.18,0,0,0.475,20,178,503.6
2024-09-24,Providence,SKU-4001,Home,25.28,0,0,0.459,15,178,379.2
2024-09-25,Providence,SKU-4001,Home,25.18,0,0,0.441,22,141,553.96
2024-09-26,Providence,SKU-4001,Home,25.41,0,0,0.211,21,150,533.61
2024-09-27,Providence,SKU-4001,Home,25.02,0,0,0.413,25,112,625.5
2024-09-28,Providence,SKU-4001,Home,24.74,0,0,0.22,26,160,643.24
2024-09-29,Providence,SKU-4001,Home,24.87,0,0,0.483,24,141,596.88
2024-09-30,Providence,SKU-4001,Home,24.83,0,0,0.512,20,167,496.6
2024-10-01,Providence,SKU-4001,Home,23.65,0,0,0.598,16,154,378.4
2024-10-02,Providence,SKU-4001,Home,25.08,0,0,0.41,16,170,401.28
2024-10-03,Providence,SKU-4001,Home,24.49,0,0,0.321,21,134,514.29
2024-10-04,Providence,SKU-4001,Home,24.95,0,0,0.408,22,114,548.9
2024-10-05,Providence,SKU-4001,Home,24.27,0,0,0.235,27,211,655.29
2024-10-06,Providence,SKU-4001,Home,25.6,0,0,0.321,30,136,768.0
2024-10-07,Providence,SKU-4001,Home,25.37,0,0,0.526,25,217,634.25
2024-10-08,Providence,SKU-4001,Home,25.5,0,0,0.493,15,88,382.5
2024-10-09,Providence,SKU-4001,Home,25.51,0,0,0.489,17,146,433.67
2024-10-10,Providence,SKU-4001,Home,24.66,0,0,0.475,20,120,493.2
2024-10-11,Providence,SKU-4001,Home,22.16,1,0,0.538,29,181,642.64
2024-10-12,Providence,SKU-4001,Home,25.8,0,0,0.286,25,117,645.0
2024-10-13,Providence,SKU-4001,Home,25.1,0,0,0.293,19,184,476.9
2024-10-14,Providence,SKU-4001,Home,24.99,0,0,0.459,20,139,499.8
2024-10-15,Providence,SKU-4001,Home,25.22,0,0,0.471,21,204,529.62
2024-10-16,Providence,SKU-4001,Home,24.36,0,0,0.206,18,149,438.48
2024-10-17,Providence,SKU-4001,Home,25.56,0,0,0.556,15,144,383.4
2024-10-18,Providence,SKU-4001,Home,22.22,1,0,0.413,35,198,777.7
2024-10-19,Providence,SKU-4001,Home,24.99,0,0,0.335,22,108,549.78
2024-10-20,Providence,SKU-4001,Home,24.84,0,0,0.381,28,212,695.52
2024-10-21,Providence,SKU-4001,Home,22.47,1,0,0.369,25,117,561.75
2024-10-22,Providence,SKU-4001,Home,21.99,1,0,0.217,26,112,571.74
2024-10-23,Providence,SKU-4001,Home,24.8,0,0,0.747,23,135,570.4
2024-10-24,Providence,SKU-4001,Home,25.0,0,0,0.521,18,109,450.0
2024-10-25,Providence,SKU-4001,Home,24.86,0,0,0.429,17,167,422.62
2024-10-26,Providence,SKU-4001,Home,24.71,0,0,0.439,33,141,815.43
2024-10-27,Providence,SKU-4001,Home,24.32,0,0,0.628,29,175,705.28
2024-10-28,Providence,SKU-4001,Home,24.51,0,0,0.615,23,171,563.73
2024-10-29,Providence,SKU-4001,Home,24.89,0,0,0.7,20,174,497.8
2024-10-30,Providence,SKU-4001,Home,25.22,0,0,0.659,20,156,504.4
2024-10-31,Providence,SKU-4001,Home,25.37,0,0,0.506,13,202,329.81
2024-11-01,Providence,SKU-4001,Home,22.45,1,0,0.322,31,238,695.95
2024-11-02,Providence,SKU-4001,Home,25.87,0,0,0.599,22,160,569.14
2024-11-03,Providence,SKU-4001,Home,25.45,0,0,0.166,20,154,509.0
2024-11-04,Providence,SKU-4001,Home,24.89,0,0,0.444,17,161,423.13
2024-11-05,Providence,SKU-4001,Home,25.01,0,0,0.545,18,212,450.18
2024-11-06,Providence,SKU-4001,Home,24.66,0,0,0.372,18,214,443.88
2024-11-07,Providence,SKU-4001,Home,25.03,0,0,0.749,21,129,525.63
2024-11-08,Providence,SKU-4001,Home,24.84,0,0,0.373,27,160,670.68
2024-11-09,Providence,SKU-4001,Home,24.75,0,0,0.334,23,210,569.25
2024-11-10,Providence,SKU-4001,Home,25.09,0,0,0.591,25,112,627.25
2024-11-11,Providence,SKU-4001,Home,25.52,0,0,0.651,16,163,408.32
2024-11-12,Providence,SKU-4001,Home,24.79,0,0,0.694,20,170,495.8
2024-11-13,Providence,SKU-4001,Home,25.03,0,0,0.656,25,99,625.75
2024-11-14,Providence,SKU-4001,Home,25.41,0,0,0.575,22,89,559.02
2024-11-15,Providence,SKU-4001,Home,24.94,0,0,0.275,30,226,748.2
2024-11-16,Providence,SKU-4001,Home,25.13,0,0,0.761,28,197,703.64
2024-11-17,Providence,SKU-4001,Home,24.96,0,0,0.31,35,159,873.6
2024-11-18,Providence,SKU-4001,Home,21.97,1,0,0.715,20,164,439.4
2024-11-19,Providence,SKU-4001,Home,24.7,0,0,0.529,16,198,395.2
2024-11-20,Providence,SKU-4001,Home,24.78,0,0,0.803,16,89,396.48
2024-11-21,Providence,SKU-4001,Home,25.4,0,0,0.631,20,175,508.0
2024-11-22,Providence,SKU-4001,Home,25.08,0,0,0.474,26,43,652.08
2024-11-23,Providence,SKU-4001,Home,25.22,0,0,0.595,29,190,731.38
2024-11-24,Providence,SKU-4001,Home,24.87,0,0,0.285,29,186,721.23
2024-11-25,Providence,SKU-4001,Home,25.35,0,0,0.535,20,161,507.0
2024-11-26,Providence,SKU-4001,Home,25.2,0,0,0.482,18,195,453.6
2024-11-27,Providence,SKU-4001,Home,25.03,0,0,0.374,25,158,625.75
2024-11-28,Providence,SKU-4001,Home,25.55,0,0,0.599,23,180,587.65
2024-11-29,Providence,SKU-4001,Home,25.07,0,1,0.743,35,108,877.45
2024-11-30,Providence,SKU-4001,Home,24.21,0,0,0.703,22,230,532.62
2024-12-01,Providence,SKU-4001,Home,25.16,0,1,0.875,38,140,956.08
2024-12-02,Providence,SKU-4001,Home,25.21,0,1,0.475,17,148,428.57
2024-12-03,Providence,SKU-4001,Home,24.46,0,1,0.669,21,177,513.66
2024-12-04,Providence,SKU-4001,Home,24.63,0,1,0.778,29,146,714.27
2024-12-05,Providence,SKU-4001,Home,24.76,0,1,0.476,24,189,594.24
2024-12-06,Providence,SKU-4001,Home,25.44,0,1,0.573,27,94,686.88
2024-12-07,Providence,SKU-4001,Home,25.74,0,1,0.655,31,220,797.94
2024-12-08,Providence,SKU-4001,Home,25.74,0,1,0.588,46,187,1184.04
2024-12-09,Providence,SKU-4001,Home,24.99,0,1,0.549,24,111,599.76
2024-12-10,Providence,SKU-4001,Home,25.62,0,1,0.682,36,60,922.32
2024-12-11,Providence,SKU-4001,Home,25.55,0,1,0.601,18,152,459.9
2024-12-12,Providence,SKU-4001,Home,25.74,0,1,0.574,26,145,669.24
2024-12-13,Providence,SKU-4001,Home,24.87,0,1,0.66,41,200,1019.67
2024-12-14,Providence,SKU-4001,Home,25.17,0,1,0.547,33,167,830.61
2024-12-15,Providence,SKU-4001,Home,24.67,0,1,0.864,21,181,518.07
2024-12-16,Providence,SKU-4001,Home,22.25,1,1,0.768,31,105,689.75
2024-12-17,Providence,SKU-4001,Home,24.39,0,1,0.847,31,235,756.09
2024-12-18,Providence,SKU-4001,Home,22.2,1,1,0.312,28,222,621.6
2024-12-19,Providence,SKU-4001,Home,22.3,1,1,0.681,39,63,869.7
2024-12-20,Providence,SKU-4001,Home,25.26,0,1,0.608,43,79,1086.18
2024-12-21,Providence,SKU-4001,Home,25.22,0,1,0.355,30,193,756.6
2024-12-22,Providence,SKU-4001,Home,25.45,0,1,0.529,38,106,967.1
2024-12-23,Providence,SKU-4001,Home,24.68,0,1,0.741,24,126,592.32
2024-12-24,Providence,SKU-4001,Home,24.66,0,1,0.774,27,86,665.82
2024-12-25,Providence,SKU-4001,Home,24.46,0,1,0.351,30,120,733.8
2024-12-26,Providence,SKU-4001,Home,22.76,1,1,0.56,38,220,864.88
2024-12-27,Providence,SKU-4001,Home,25.11,0,1,0.604,33,176,828.63
2024-12-28,Providence,SKU-4001,Home,24.45,0,1,0.688,34,124,831.3
2024-12-29,Providence,SKU-4001,Home,24.73,0,1,0.756,40,108,989.2
2024-12-30,Providence,SKU-4001,Home,24.92,0,1,0.682,30,161,747.6
2024-12-31,Providence,SKU-4001,Home,25.14,0,1,0.733,31,127,779.34
2025-01-01,Providence,SKU-4001,Home,24.83,0,0,0.634,17,152,422.11
2025-01-02,Providence,SKU-4001,Home,24.84,0,0,0.459,31,156,770.04
2025-01-03,Providence,SKU-4001,Home,25.22,0,0,0.789,21,216,529.62
2025-01-04,Providence,SKU-4001,Home,24.95,0,0,0.301,22,174,548.9
2025-01-05,Providence,SKU-4001,Home,24.96,0,0,0.907,35,119,873.6
2025-01-06,Providence,SKU-4001,Home,24.44,0,0,0.628,20,146,488.8
2025-01-07,Providence,SKU-4001,Home,24.99,0,0,0.687,13,96,324.87
2025-01-08,Providence,SKU-4001,Home,24.9,0,0,0.851,23,87,572.7
2025-01-09,Providence,SKU-4001,Home,25.56,0,0,0.756,17,178,434.52
2025-01-10,Providence,SKU-4001,Home,24.78,0,0,0.643,26,95,644.28
2025-01-11,Providence,SKU-4001,Home,22.39,1,0,0.731,39,237,873.21
2025-01-12,Providence,SKU-4001,Home,22.5,1,0,0.638,45,162,1012.5
2025-01-13,Providence,SKU-4001,Home,25.3,0,0,0.441,19,166,480.7
2025-01-14,Providence,SKU-4001,Home,24.89,0,0,0.753,26,219,647.14
2025-01-15,Providence,SKU-4001,Home,24.5,0,0,0.65,27,194,661.5
2025-01-16,Providence,SKU-4001,Home,25.47,0,0,0.707,30,131,764.1
2025-01-17,Providence,SKU-4001,Home,25.29,0,0,0.578,28,73,708.12
2025-01-18,Providence,SKU-4001,Home,25.33,0,0,0.799,35,176,886.55
2025-01-19,Providence,SKU-4001,Home,24.74,0,0,0.679,31,139,766.94
2025-01-20,Providence,SKU-4001,Home,25.08,0,0,0.813,24,279,601.92
2025-01-21,Providence,SKU-4001,Home,25.47,0,0,0.834,27,194,687.69
2025-01-22,Providence,SKU-4001,Home,25.47,0,0,0.605,25,88,636.75
2025-01-23,Providence,SKU-4001,Home,25.5,0,0,0.696,16,283,408.0
2025-01-24,Providence,SKU-4001,Home,22.88,1,0,0.955,37,139,846.56
2025-01-25,Providence,SKU-4001,Home,24.73,0,0,0.926,31,125,766.63
2025-01-26,Providence,SKU-4001,Home,24.25,0,0,0.744,45,221,1091.25
2025-01-27,Providence,SKU-4001,Home,25.48,0,0,0.699,29,234,738.92
2025-01-28,Providence,SKU-4001,Home,22.61,1,0,0.728,30,174,678.3
2025-01-29,Providence,SKU-4001,Home,25.17,0,0,0.696,21,133,528.57
2025-01-30,Providence,SKU-4001,Home,25.34,0,0,0.77,30,127,760.2
2025-01-31,Providence,SKU-4001,Home,25.04,0,0,0.695,35,189,876.4
2025-02-01,Providence,SKU-4001,Home,24.84,0,0,0.924,24,165,596.16
2025-02-02,Providence,SKU-4001,Home,25.24,0,0,0.49,29,199,731.96
2025-02-03,Providence,SKU-4001,Home,25.29,0,0,0.692,23,209,581.67
2025-02-04,Providence,SKU-4001,Home,25.31,0,0,0.575,33,127,835.23
2025-02-05,Providence,SKU-4001,Home,24.93,0,0,0.666,25,174,623.25
2025-02-06,Providence,SKU-4001,Home,25.55,0,0,0.636,26,147,664.3
2025-02-07,Providence,SKU-4001,Home,24.96,0,0,0.683,30,133,748.8
2025-02-08,Providence,SKU-4001,Home,25.61,0,0,0.811,30,201,768.3
2025-02-09,Providence,SKU-4001,Home,25.48,0,0,0.995,39,153,993.72
2025-02-10,Providence,SKU-4001,Home,24.84,0,0,0.719,32,120,794.88
2025-02-11,Providence,SKU-4001,Home,25.26,0,0,0.643,28,217,707.28
2025-02-12,Providence,SKU-4001,Home,24.96,0,0,0.936,26,202,648.96
2025-02-13,Providence,SKU-4001,Home,24.62,0,0,0.58,24,182,590.88
2025-02-14,Providence,SKU-4001,Home,25.15,0,0,0.69,25,201,628.75
2025-02-15,Providence,SKU-4001,Home,25.0,0,0,0.61,29,156,725.0
2025-02-16,Providence,SKU-4001,Home,24.71,0,0,0.643,26,127,642.46
2025-02-17,Providence,SKU-4001,Home,22.56,1,0,0.873,43,160,970.08
2025-02-18,Providence,SKU-4001,Home,25.16,0,0,0.736,25,118,629.0
2025-02-19,Providence,SKU-4001,Home,25.53,0,0,0.84,23,211,587.19
2025-02-20,Providence,SKU-4001,Home,24.49,0,0,0.789,28,191,685.72
2025-02-21,Providence,SKU-4001,Home,24.87,0,0,0.704,20,152,497.4
2025-02-22,Providence,SKU-4001,Home,24.9,0,0,0.965,32,175,796.8
2025-02-23,Providence,SKU-4001,Home,24.91,0,0,0.82,36,147,896.76
2025-02-24,Providence,SKU-4001,Home,25.15,0,0,0.831,25,81,628.75
2025-02-25,Providence,SKU-4001,Home,25.51,0,0,0.733,26,170,663.26
2025-02-26,Providence,SKU-4001,Home,22.46,1,0,0.619,30,226,673.8
2025-02-27,Providence,SKU-4001,Home,25.57,0,0,0.63,37,114,946.09
2025-02-28,Providence,SKU-4001,Home,24.33,0,0,0.904,32,133,778.56
2025-03-01,Providence,SKU-4001,Home,25.18,0,0,0.615,33,196,830.94
2025-03-02,Providence,SKU-4001,Home,25.19,0,0,0.559,27,122,680.13
2025-03-03,Providence,SKU-4001,Home,25.19,0,0,0.724,22,218,554.18
2025-03-04,Providence,SKU-4001,Home,24.95,0,0,0.794,23,199,573.85
2025-03-05,Providence,SKU-4001,Home,25.05,0,0,0.673,39,85,976.95
2025-03-06,Providence,SKU-4001,Home,22.47,1,0,0.747,29,179,651.63
2025-03-07,Providence,SKU-4001,Home,25.39,0,0,0.786,37,224,939.43
2025-03-08,Providence,SKU-4001,Home,21.85,1,0,0.79,47,86,1026.95
2025-03-09,Providence,SKU-4001,Home,24.86,0,0,0.737,43,87,1068.98
2025-03-10,Providence,SKU-4001,Home,25.4,0,0,0.79,29,173,736.6
2025-03-11,Providence,SKU-4001,Home,24.95,0,0,0.691,33,117,823.35
2025-03-12,Providence,SKU-4001,Home,25.93,0,0,0.997,26,167,674.18
2025-03-13,Providence,SKU-4001,Home,24.86,0,0,0.733,26,79,646.36
2025-03-14,Providence,SKU-4001,Home,25.11,0,0,0.708,31,187,778.41
2025-03-15,Providence,SKU-4001,Home,25.18,0,0,0.693,37,63,931.66
2025-03-16,Providence,SKU-4001,Home,25.81,0,0,0.611,26,165,671.06
2025-03-17,Providence,SKU-4001,Home,25.06,0,0,0.639,19,169,476.14
2025-03-18,Providence,SKU-4001,Home,24.85,0,0,0.764,36,199,894.6
2025-03-19,Providence,SKU-4001,Home,25.13,0,0,1.0,21,130,527.73
2025-03-20,Providence,SKU-4001,Home,24.62,0,0,0.801,29,191,713.98
2025-03-21,Providence,SKU-4001,Home,24.97,0,0,0.772,29,116,724.13
2025-03-22,Providence,SKU-4001,Home,25.23,0,0,0.771,41,54,1034.43
2025-03-23,Providence,SKU-4001,Home,24.77,0,0,0.675,40,185,990.8
2025-03-24,Providence,SKU-4001,Home,24.59,0,0,0.794,20,147,491.8
2025-03-25,Providence,SKU-4001,Home,25.27,0,0,0.575,20,201,505.4
2025-03-26,Providence,SKU-4001,Home,25.04,0,0,1.0,25,161,626.0
2025-03-27,Providence,SKU-4001,Home,25.19,0,0,0.595,25,226,629.75
2025-03-28,Providence,SKU-4001,Home,24.85,0,0,0.928,34,145,844.9
2025-03-29,Providence,SKU-4001,Home,24.68,0,0,0.668,41,195,1011.88
2025-03-30,Providence,SKU-4001,Home,25.45,0,0,0.687,37,195,941.65
2025-03-31,Providence,SKU-4001,Home,24.89,0,0,0.859,34,129,846.26
2025-04-01,Providence,SKU-4001,Home,24.41,0,0,0.498,25,157,610.25
2025-04-02,Providence,SKU-4001,Home,25.09,0,0,0.63,36,171,903.24
2025-04-03,Providence,SKU-4001,Home,24.44,0,0,0.741,36,114,879.84
2025-04-04,Providence,SKU-4001,Home,24.72,0,0,0.707,30,104,741.6
2025-04-05,Providence,SKU-4001,Home,25.17,0,0,0.753,37,99,931.29
2025-04-06,Providence,SKU-4001,Home,24.99,0,0,0.66,29,170,724.71
2025-04-07,Providence,SKU-4001,Home,24.89,0,0,0.742,21,198,522.69
2025-04-08,Providence,SKU-4001,Home,26.1,0,0,0.606,40,163,1044.0
2025-04-09,Providence,SKU-4001,Home,25.88,0,0,0.732,24,137,621.12
2025-04-10,Providence,SKU-4001,Home,22.61,1,0,0.883,26,187,587.86
2025-04-11,Providence,SKU-4001,Home,22.85,1,0,0.493,23,169,525.55
2025-04-12,Providence,SKU-4001,Home,24.35,0,0,0.897,37,147,900.95
2025-04-13,Providence,SKU-4001,Home,25.65,0,0,0.522,25,192,641.25
2025-04-14,Providence,SKU-4001,Home,24.38,0,0,0.745,31,190,755.78
