data/raw/retail_daily_sales.csv
date,store,sku,category,price,promotion,holiday,weather_index,units_sold,inventory_on_hand,revenue
2025-04-15,Providence,SKU-4001,Home,24.7,0,0,0.623,21,130,518.7
2025-04-16,Providence,SKU-4001,Home,24.81,0,0,0.565,20,243,496.2
2025-04-17,Providence,SKU-4001,Home,24.33,0,0,0.816,27,145,656.91
2025-04-18,Providence,SKU-4001,Home,23.88,0,0,0.552,32,144,764.16
2025-04-19,Providence,SKU-4001,Home,25.36,0,0,0.866,38,122,963.68
2025-04-20,Providence,SKU-4001,Home,25.61,0,0,0.711,41,241,1050.01
2025-04-21,Providence,SKU-4001,Home,25.01,0,0,0.807,25,231,625.25
2025-04-22,Providence,SKU-4001,Home,24.86,0,0,0.659,27,86,671.22
2025-04-23,Providence,SKU-4001,Home,24.84,0,0,0.542,31,200,770.04
2025-04-24,Providence,SKU-4001,Home,24.95,0,0,0.473,25,174,623.75
2025-04-25,Providence,SKU-4001,Home,25.46,0,0,0.663,31,184,789.26
2025-04-26,Providence,SKU-4001,Home,25.13,0,0,0.594,21,169,527.73
2025-04-27,Providence,SKU-4001,Home,24.41,0,0,0.54,30,206,732.3
2025-04-28,Providence,SKU-4001,Home,25.13,0,0,0.598,30,99,753.9
2025-04-29,Providence,SKU-4001,Home,24.9,0,0,0.643,18,128,448.2
2025-04-30,Providence,SKU-4001,Home,25.22,0,0,0.669,20,202,504.4
2024-01-01,Providence,SKU-4002,Home,40.13,0,0,0.855,14,123,561.82
2024-01-02,Providence,SKU-4002,Home,40.7,0,0,0.621,20,153,814.0
2024-01-03,Providence,SKU-4002,Home,40.08,0,0,0.614,13,116,521.04
2024-01-04,Providence,SKU-4002,Home,39.92,0,0,0.745,13,114,518.96
2024-01-05,Providence,SKU-4002,Home,40.36,0,0,0.723,21,65,847.56
2024-01-06,Providence,SKU-4002,Home,39.79,0,0,0.678,20,182,795.8
2024-01-07,Providence,SKU-4002,Home,39.43,0,0,0.911,25,88,985.75
2024-01-08,Providence,SKU-4002,Home,39.63,0,0,0.699,19,75,752.97
2024-01-09,Providence,SKU-4002,Home,40.51,0,0,0.575,18,72,729.18
2024-01-10,Providence,SKU-4002,Home,39.82,0,0,0.708,19,60,756.58
2024-01-11,Providence,SKU-4002,Home,40.31,0,0,0.656,17,96,685.27
2024-01-12,Providence,SKU-4002,Home,39.75,0,0,0.703,22,80,874.5
2024-01-13,Providence,SKU-4002,Home,39.41,0,0,0.894,33,93,1300.53
2024-01-14,Providence,SKU-4002,Home,35.46,1,0,0.628,24,102,851.04
2024-01-15,Providence,SKU-4002,Home,39.57,0,0,0.818,18,129,712.26
2024-01-16,Providence,SKU-4002,Home,39.58,0,0,0.833,19,94,752.02
2024-01-17,Providence,SKU-4002,Home,40.47,0,0,0.803,24,122,971.28
2024-01-18,Providence,SKU-4002,Home,40.43,0,0,0.626,16,117,646.88
2024-01-19,Providence,SKU-4002,Home,39.8,0,0,0.464,21,101,835.8
2024-01-20,Providence,SKU-4002,Home,40.86,0,0,0.767,21,109,858.06
2024-01-21,Providence,SKU-4002,Home,40.03,0,0,0.631,23,137,920.69
2024-01-22,Providence,SKU-4002,Home,39.04,0,0,0.84,20,179,780.8
2024-01-23,Providence,SKU-4002,Home,39.83,0,0,0.821,18,98,716.94
2024-01-24,Providence,SKU-4002,Home,39.54,0,0,0.56,24,66,948.96
2024-01-25,Providence,SKU-4002,Home,40.2,0,0,0.765,22,110,884.4
2024-01-26,Providence,SKU-4002,Home,40.77,0,0,0.965,19,46,774.63
2024-01-27,Providence,SKU-4002,Home,41.16,0,0,0.803,30,164,1234.8
2024-01-28,Providence,SKU-4002,Home,39.22,0,0,0.715,25,110,980.5
2024-01-29,Providence,SKU-4002,Home,39.54,0,0,0.813,20,82,790.8
2024-01-30,Providence,SKU-4002,Home,40.28,0,0,0.711,16,52,644.48
2024-01-31,Providence,SKU-4002,Home,39.56,0,0,0.603,18,135,712.08
2024-02-01,Providence,SKU-4002,Home,39.96,0,0,0.846,19,113,759.24
2024-02-02,Providence,SKU-4002,Home,39.44,0,0,0.522,28,118,1104.32
2024-02-03,Providence,SKU-4002,Home,40.19,0,0,0.634,22,90,884.18
2024-02-04,Providence,SKU-4002,Home,40.09,0,0,0.887,30,57,1202.7
2024-02-05,Providence,SKU-4002,Home,40.36,0,0,0.697,19,110,766.84
2024-02-06,Providence,SKU-4002,Home,39.73,0,0,0.503,15,125,595.95
2024-02-07,Providence,SKU-4002,Home,40.66,0,0,0.888,19,130,772.54
2024-02-08,Providence,SKU-4002,Home,39.27,0,0,0.942,24,75,942.48
2024-02-09,Providence,SKU-4002,Home,39.79,0,0,0.792,23,169,915.17
2024-02-10,Providence,SKU-4002,Home,40.35,0,0,0.565,33,137,1331.55
2024-02-11,Providence,SKU-4002,Home,39.28,0,0,0.511,24,158,942.72
2024-02-12,Providence,SKU-4002,Home,40.78,0,0,0.731,23,159,937.94
2024-02-13,Providence,SKU-4002,Home,40.07,0,0,0.439,20,136,801.4
2024-02-14,Providence,SKU-4002,Home,39.96,0,0,0.489,25,95,999.0
2024-02-15,Providence,SKU-4002,Home,40.58,0,0,0.762,22,71,892.76
2024-02-16,Providence,SKU-4002,Home,39.58,0,0,0.61,25,122,989.5
2024-02-17,Providence,SKU-4002,Home,38.46,0,0,0.84,20,88,769.2
2024-02-18,Providence,SKU-4002,Home,40.6,0,0,0.772,26,118,1055.6
2024-02-19,Providence,SKU-4002,Home,39.72,0,0,0.64,18,133,714.96
2024-02-20,Providence,SKU-4002,Home,39.98,0,0,0.815,16,114,639.68
2024-02-21,Providence,SKU-4002,Home,40.39,0,0,0.741,18,78,727.02
2024-02-22,Providence,SKU-4002,Home,39.39,0,0,0.8,24,89,945.36
2024-02-23,Providence,SKU-4002,Home,35.08,1,0,0.97,28,93,982.24
2024-02-24,Providence,SKU-4002,Home,39.57,0,0,0.902,19,61,751.83
2024-02-25,Providence,SKU-4002,Home,35.87,1,0,0.797,31,121,1111.97
2024-02-26,Providence,SKU-4002,Home,39.57,0,0,0.599,20,63,791.4
2024-02-27,Providence,SKU-4002,Home,39.97,0,0,0.777,19,89,759.43
2024-02-28,Providence,SKU-4002,Home,40.84,0,0,0.689,20,105,816.8
2024-02-29,Providence,SKU-4002,Home,40.05,0,0,0.912,24,140,961.2
2024-03-01,Providence,SKU-4002,Home,40.12,0,0,0.82,23,98,922.76
2024-03-02,Providence,SKU-4002,Home,40.62,0,0,0.674,23,148,934.26
2024-03-03,Providence,SKU-4002,Home,39.62,0,0,0.617,22,146,871.64
2024-03-04,Providence,SKU-4002,Home,39.57,0,0,0.7,19,110,751.83
2024-03-05,Providence,SKU-4002,Home,39.65,0,0,0.883,20,114,793.0
2024-03-06,Providence,SKU-4002,Home,35.64,1,0,0.816,21,36,748.44
2024-03-07,Providence,SKU-4002,Home,39.64,0,0,0.833,10,178,396.4
2024-03-08,Providence,SKU-4002,Home,39.72,0,0,0.783,28,101,1112.16
2024-03-09,Providence,SKU-4002,Home,40.56,0,0,0.74,26,126,1054.56
2024-03-10,Providence,SKU-4002,Home,39.78,0,0,0.666,24,130,954.72
2024-03-11,Providence,SKU-4002,Home,39.58,0,0,0.738,23,178,910.34
2024-03-12,Providence,SKU-4002,Home,40.42,0,0,0.784,20,105,808.4
2024-03-13,Providence,SKU-4002,Home,40.2,0,0,0.711,18,147,723.6
2024-03-14,Providence,SKU-4002,Home,39.83,0,0,0.815,16,123,637.28
2024-03-15,Providence,SKU-4002,Home,39.81,0,0,0.527,25,68,995.25
2024-03-16,Providence,SKU-4002,Home,39.65,0,0,0.853,21,96,832.65
2024-03-17,Providence,SKU-4002,Home,41.11,0,0,0.512,21,126,863.31
2024-03-18,Providence,SKU-4002,Home,35.93,1,0,0.76,20,129,718.6
2024-03-19,Providence,SKU-4002,Home,38.95,0,0,0.661,18,154,701.1
2024-03-20,Providence,SKU-4002,Home,35.98,1,0,0.453,15,106,539.7
2024-03-21,Providence,SKU-4002,Home,39.47,0,0,0.678,19,139,749.93
2024-03-22,Providence,SKU-4002,Home,39.96,0,0,0.739,27,177,1078.92
2024-03-23,Providence,SKU-4002,Home,39.29,0,0,0.627,15,128,589.35
2024-03-24,Providence,SKU-4002,Home,40.1,0,0,0.775,28,79,1122.8
2024-03-25,Providence,SKU-4002,Home,40.34,0,0,0.685,21,158,847.14
2024-03-26,Providence,SKU-4002,Home,40.74,0,0,0.683,16,141,651.84
2024-03-27,Providence,SKU-4002,Home,40.42,0,0,0.416,17,99,687.14
2024-03-28,Providence,SKU-4002,Home,40.89,0,0,0.566,28,92,1144.92
2024-03-29,Providence,SKU-4002,Home,40.54,0,0,0.771,22,125,891.88
2024-03-30,Providence,SKU-4002,Home,39.93,0,0,0.593,30,90,1197.9
2024-03-31,Providence,SKU-4002,Home,40.61,0,0,0.61,30,139,1218.3
2024-04-01,Providence,SKU-4002,Home,39.71,0,0,0.753,20,96,794.2
2024-04-02,Providence,SKU-4002,Home,39.94,0,0,0.763,21,151,838.74
2024-04-03,Providence,SKU-4002,Home,39.32,0,0,0.635,27,121,1061.64
2024-04-04,Providence,SKU-4002,Home,39.03,0,0,0.582,23,91,897.69
2024-04-05,Providence,SKU-4002,Home,40.38,0,0,0.669,22,98,888.36
2024-04-06,Providence,SKU-4002,Home,40.87,0,0,0.467,24,87,980.88
2024-04-07,Providence,SKU-4002,Home,40.19,0,0,0.57,22,134,884.18
2024-04-08,Providence,SKU-4002,Home,40.07,0,0,0.679,21,132,841.47
2024-04-09,Providence,SKU-4002,Home,39.96,0,0,0.66,17,96,679.32
2024-04-10,Providence,SKU-4002,Home,40.48,0,0,0.662,23,137,931.04
2024-04-11,Providence,SKU-4002,Home,40.24,0,0,0.754,14,177,563.36
2024-04-12,Providence,SKU-4002,Home,40.47,0,0,0.734,24,107,971.28
2024-04-13,Providence,SKU-4002,Home,39.35,0,0,0.613,28,79,1101.8
2024-04-14,Providence,SKU-4002,Home,39.38,0,0,0.366,20,117,787.6
2024-04-15,Providence,SKU-4002,Home,40.36,0,0,0.581,17,129,686.12
2024-04-16,Providence,SKU-4002,Home,40.22,0,0,0.807,18,153,723.96
2024-04-17,Providence,SKU-4002,Home,40.29,0,0,0.539,23,147,926.67
2024-04-18,Providence,SKU-4002,Home,40.16,0,0,0.695,23,135,923.68
2024-04-19,Providence,SKU-4002,Home,40.66,0,0,0.579,25,53,1016.5
2024-04-20,Providence,SKU-4002,Home,39.84,0,0,0.659,24,102,956.16
2024-04-21,Providence,SKU-4002,Home,39.85,0,0,0.532,27,114,1075.95
2024-04-22,Providence,SKU-4002,Home,39.86,0,0,0.775,18,141,717.48
2024-04-23,Providence,SKU-4002,Home,40.61,0,0,0.765,25,127,1015.25
2024-04-24,Providence,SKU-4002,Home,39.32,0,0,0.56,14,153,550.48
2024-04-25,Providence,SKU-4002,Home,39.33,0,0,0.421,20,81,786.6
2024-04-26,Providence,SKU-4002,Home,40.0,0,0,0.402,21,123,840.0
2024-04-27,Providence,SKU-4002,Home,40.7,0,0,0.881,24,64,976.8
2024-04-28,Providence,SKU-4002,Home,39.96,0,0,0.694,35,36,1398.6
2024-04-29,Providence,SKU-4002,Home,39.68,0,0,0.713,22,166,872.96
2024-04-30,Providence,SKU-4002,Home,38.94,0,0,0.531,27,58,1051.38
2024-05-01,Providence,SKU-4002,Home,39.18,0,0,0.719,20,97,783.6
2024-05-02,Providence,SKU-4002,Home,40.41,0,0,0.575,14,116,565.74
2024-05-03,Providence,SKU-4002,Home,40.34,0,0,0.582,25,113,1008.5
2024-05-04,Providence,SKU-4002,Home,40.43,0,0,0.728,28,98,1132.04
2024-05-05,Providence,SKU-4002,Home,39.56,0,0,0.545,27,156,1068.12
2024-05-06,Providence,SKU-4002,Home,40.69,0,0,0.621,19,128,773.11
2024-05-07,Providence,SKU-4002,Home,39.11,0,0,0.385,27,109,1055.97
2024-05-08,Providence,SKU-4002,Home,39.49,0,0,0.555,20,109,789.8
2024-05-09,Providence,SKU-4002,Home,40.1,0,0,0.636,22,102,882.2
2024-05-10,Providence,SKU-4002,Home,39.42,0,0,0.361,26,93,1024.92
2024-05-11,Providence,SKU-4002,Home,39.9,0,0,0.431,32,51,1276.8
2024-05-12,Providence,SKU-4002,Home,40.15,0,0,0.502,28,122,1124.2
2024-05-13,Providence,SKU-4002,Home,35.12,1,0,0.605,22,60,772.64
2024-05-14,Providence,SKU-4002,Home,36.83,1,0,0.658,22,139,810.26
2024-05-15,Providence,SKU-4002,Home,40.23,0,0,0.59,17,123,683.91
2024-05-16,Providence,SKU-4002,Home,40.51,0,0,0.605,21,177,850.71
2024-05-17,Providence,SKU-4002,Home,39.59,0,0,0.373,23,100,910.57
2024-05-18,Providence,SKU-4002,Home,39.94,0,0,0.609,24,114,958.56
2024-05-19,Providence,SKU-4002,Home,40.91,0,0,0.562,20,163,818.2
2024-05-20,Providence,SKU-4002,Home,40.8,0,0,0.733,22,53,897.6
2024-05-21,Providence,SKU-4002,Home,40.2,0,0,0.47,18,138,723.6
2024-05-22,Providence,SKU-4002,Home,40.52,0,0,0.61,18,137,729.36
2024-05-23,Providence,SKU-4002,Home,40.08,0,0,0.704,12,134,480.96
2024-05-24,Providence,SKU-4002,Home,40.68,0,0,0.649,15,149,610.2
2024-05-25,Providence,SKU-4002,Home,39.49,0,0,0.348,22,111,868.78
2024-05-26,Providence,SKU-4002,Home,39.35,0,0,0.565,22,76,865.7
2024-05-27,Providence,SKU-4002,Home,40.26,0,0,0.6,16,131,644.16
2024-05-28,Providence,SKU-4002,Home,40.01,0,0,0.561,13,90,520.13
2024-05-29,Providence,SKU-4002,Home,39.5,0,0,0.544,19,113,750.5
2024-05-30,Providence,SKU-4002,Home,39.6,0,0,0.696,24,153,950.4
2024-05-31,Providence,SKU-4002,Home,39.42,0,0,0.483,33,88,1300.86
2024-06-01,Providence,SKU-4002,Home,40.2,0,0,0.515,18,19,723.6
2024-06-02,Providence,SKU-4002,Home,38.87,0,0,0.567,25,134,971.75
2024-06-03,Providence,SKU-4002,Home,39.47,0,0,0.473,21,52,828.87
2024-06-04,Providence,SKU-4002,Home,40.52,0,0,0.594,22,23,891.44
2024-06-05,Providence,SKU-4002,Home,40.79,0,0,0.365,12,178,489.48
2024-06-06,Providence,SKU-4002,Home,40.31,0,0,0.595,22,123,886.82
2024-06-07,Providence,SKU-4002,Home,40.42,0,0,0.282,28,34,1131.76
2024-06-08,Providence,SKU-4002,Home,40.41,0,0,0.558,23,130,929.43
2024-06-09,Providence,SKU-4002,Home,41.3,0,0,0.333,9,107,371.7
2024-06-10,Providence,SKU-4002,Home,39.43,0,0,0.595,13,137,512.59
2024-06-11,Providence,SKU-4002,Home,40.28,0,0,0.602,18,108,725.04
2024-06-12,Providence,SKU-4002,Home,40.52,0,0,0.279,17,75,688.84
2024-06-13,Providence,SKU-4002,Home,39.83,0,0,0.395,20,120,796.6
2024-06-14,Providence,SKU-4002,Home,40.59,0,0,0.507,30,107,1217.7
2024-06-15,Providence,SKU-4002,Home,39.57,0,0,0.476,24,58,949.68
2024-06-16,Providence,SKU-4002,Home,40.38,0,0,0.47,23,74,928.74
2024-06-17,Providence,SKU-4002,Home,40.3,0,0,0.498,15,113,604.5
2024-06-18,Providence,SKU-4002,Home,39.89,0,0,0.345,15,126,598.35
2024-06-19,Providence,SKU-4002,Home,40.22,0,0,0.421,16,188,643.52
2024-06-20,Providence,SKU-4002,Home,39.01,0,0,0.42,20,105,780.2
2024-06-21,Providence,SKU-4002,Home,36.59,1,0,0.369,23,120,841.57
2024-06-22,Providence,SKU-4002,Home,40.17,0,0,0.528,16,109,642.72
2024-06-23,Providence,SKU-4002,Home,40.23,0,0,0.394,14,107,563.22
2024-06-24,Providence,SKU-4002,Home,40.47,0,0,0.191,14,135,566.58
2024-06-25,Providence,SKU-4002,Home,40.62,0,0,0.43,15,38,609.3
2024-06-26,Providence,SKU-4002,Home,41.07,0,0,0.423,14,155,574.98
2024-06-27,Providence,SKU-4002,Home,40.17,0,0,0.455,20,148,803.4
2024-06-28,Providence,SKU-4002,Home,38.49,0,0,0.4,17,135,654.33
2024-06-29,Providence,SKU-4002,Home,40.48,0,0,0.487,21,175,850.08
2024-06-30,Providence,SKU-4002,Home,35.79,1,0,0.531,27,75,966.33
2024-07-01,Providence,SKU-4002,Home,40.7,0,0,0.62,24,162,976.8
2024-07-02,Providence,SKU-4002,Home,39.86,0,0,0.213,16,142,637.76
2024-07-03,Providence,SKU-4002,Home,39.82,0,0,0.507,14,127,557.48
2024-07-04,Providence,SKU-4002,Home,41.02,0,1,0.382,20,116,820.4
2024-07-05,Providence,SKU-4002,Home,40.84,0,0,0.145,22,139,898.48
2024-07-06,Providence,SKU-4002,Home,39.95,0,0,0.338,27,114,1078.65
2024-07-07,Providence,SKU-4002,Home,40.34,0,0,0.504,20,144,806.8
2024-07-08,Providence,SKU-4002,Home,40.59,0,0,0.222,12,187,487.08
2024-07-09,Providence,SKU-4002,Home,39.05,0,0,0.442,13,107,507.65
2024-07-10,Providence,SKU-4002,Home,40.67,0,0,0.635,15,78,610.05
2024-07-11,Providence,SKU-4002,Home,39.75,0,0,0.515,14,125,556.5
2024-07-12,Providence,SKU-4002,Home,39.92,0,0,0.483,27,99,1077.84
2024-07-13,Providence,SKU-4002,Home,40.17,0,0,0.433,20,160,803.4
2024-07-14,Providence,SKU-4002,Home,39.52,0,0,0.197,21,116,829.92
2024-07-15,Providence,SKU-4002,Home,39.9,0,0,0.33,14,140,558.6
2024-07-16,Providence,SKU-4002,Home,39.47,0,0,0.387,19,124,749.93
2024-07-17,Providence,SKU-4002,Home,40.81,0,0,0.46,17,146,693.77
2024-07-18,Providence,SKU-4002,Home,35.73,1,0,0.213,20,128,714.6
2024-07-19,Providence,SKU-4002,Home,39.56,0,0,0.185,17,62,672.52
2024-07-20,Providence,SKU-4002,Home,40.58,0,0,0.512,17,91,689.86
2024-07-21,Providence,SKU-4002,Home,38.78,0,0,0.428,12,99,465.36
2024-07-22,Providence,SKU-4002,Home,39.85,0,0,0.243,14,127,557.9
2024-07-23,Providence,SKU-4002,Home,39.73,0,0,0.439,15,95,595.95
2024-07-24,Providence,SKU-4002,Home,39.39,0,0,0.305,17,116,669.63
2024-07-25,Providence,SKU-4002,Home,40.24,0,0,0.223,14,99,563.36
2024-07-26,Providence,SKU-4002,Home,35.95,1,0,0.365,18,172,647.1
2024-07-27,Providence,SKU-4002,Home,40.11,0,0,0.503,20,170,802.2
2024-07-28,Providence,SKU-4002,Home,39.64,0,0,0.266,11,170,436.04
2024-07-29,Providence,SKU-4002,Home,40.64,0,0,0.254,13,176,528.32
2024-07-30,Providence,SKU-4002,Home,39.36,0,0,0.365,20,140,787.2
2024-07-31,Providence,SKU-4002,Home,36.74,1,0,0.421,29,114,1065.46
2024-08-01,Providence,SKU-4002,Home,40.53,0,0,0.35,17,202,689.01
2024-08-02,Providence,SKU-4002,Home,39.53,0,0,0.402,16,150,632.48
2024-08-03,Providence,SKU-4002,Home,40.99,0,0,0.561,20,129,819.8
2024-08-04,Providence,SKU-4002,Home,39.34,0,0,0.32,19,68,747.46
2024-08-05,Providence,SKU-4002,Home,39.99,0,0,0.053,14,76,559.86
2024-08-06,Providence,SKU-4002,Home,38.53,0,0,0.278,17,91,655.01
2024-08-07,Providence,SKU-4002,Home,40.22,0,0,0.487,17,129,683.74
2024-08-08,Providence,SKU-4002,Home,38.98,0,0,0.37,15,110,584.7
2024-08-09,Providence,SKU-4002,Home,41.14,0,0,0.506,24,75,987.36
2024-08-10,Providence,SKU-4002,Home,40.78,0,0,0.257,15,88,611.7
2024-08-11,Providence,SKU-4002,Home,39.87,0,0,0.436,15,158,598.05
2024-08-12,Providence,SKU-4002,Home,39.55,0,0,0.398,13,174,514.15
2024-08-13,Providence,SKU-4002,Home,40.59,0,0,0.324,13,157,527.67
2024-08-14,Providence,SKU-4002,Home,39.56,0,0,0.285,20,94,791.2
2024-08-15,Providence,SKU-4002,Home,40.22,0,0,0.341,14,169,563.08
2024-08-16,Providence,SKU-4002,Home,35.43,1,0,0.3,27,141,956.61
2024-08-17,Providence,SKU-4002,Home,40.44,0,0,0.527,20,191,808.8
2024-08-18,Providence,SKU-4002,Home,39.38,0,0,0.497,21,171,826.98
2024-08-19,Providence,SKU-4002,Home,39.7,0,0,0.34,13,172,516.1
2024-08-20,Providence,SKU-4002,Home,40.01,0,0,0.378,13,132,520.13
2024-08-21,Providence,SKU-4002,Home,40.8,0,0,0.284,15,101,612.0
2024-08-22,Providence,SKU-4002,Home,40.57,0,0,0.528,17,84,689.69
2024-08-23,Providence,SKU-4002,Home,40.89,0,0,0.367,13,190,531.57
2024-08-24,Providence,SKU-4002,Home,39.29,0,0,0.372,21,137,825.09
2024-08-25,Providence,SKU-4002,Home,39.62,0,0,0.57,22,96,871.64
2024-08-26,Providence,SKU-4002,Home,39.69,0,0,0.321,11,92,436.59
2024-08-27,Providence,SKU-4002,Home,41.49,0,0,0.442,11,74,456.39
2024-08-28,Providence,SKU-4002,Home,40.79,0,0,0.405,9,88,367.11
2024-08-29,Providence,SKU-4002,Home,39.36,0,0,0.39,11,119,432.96
2024-08-30,Providence,SKU-4002,Home,40.14,0,0,0.274,23,100,923.22
2024-08-31,Providence,SKU-4002,Home,40.04,0,0,0.277,19,142,760.76
2024-09-01,Providence,SKU-4002,Home,36.18,1,0,0.274,16,127,578.88
2024-09-02,Providence,SKU-4002,Home,40.3,0,0,0.453,14,85,564.2
2024-09-03,Providence,SKU-4002,Home,40.07,0,0,0.309,12,145,480.84
2024-09-04,Providence,SKU-4002,Home,40.52,0,0,0.338,17,125,688.84
2024-09-05,Providence,SKU-4002,Home,39.41,0,0,0.266,13,129,512.33
2024-09-06,Providence,SKU-4002,Home,39.58,0,0,0.46,24,109,949.92
2024-09-07,Providence,SKU-4002,Home,40.04,0,0,0.315,12,71,480.48
2024-09-08,Providence,SKU-4002,Home,40.95,0,0,0.406,15,101,614.25
2024-09-09,Providence,SKU-4002,Home,40.14,0,0,0.444,19,107,762.66
2024-09-10,Providence,SKU-4002,Home,39.82,0,0,0.322,15,82,597.3
2024-09-11,Providence,SKU-4002,Home,40.29,0,0,0.46,18,134,725.22
2024-09-12,Providence,SKU-4002,Home,39.81,0,0,0.545,11,105,437.91
2024-09-13,Providence,SKU-4002,Home,39.82,0,0,0.352,18,156,716.76
