data/raw/retail_daily_sales.csv
date,store,sku,category,price,promotion,holiday,weather_index,units_sold,inventory_on_hand,revenue
2024-09-14,Providence,SKU-4002,Home,40.65,0,0,0.426,21,84,853.65
2024-09-15,Providence,SKU-4002,Home,38.34,0,0,0.586,18,107,690.12
2024-09-16,Providence,SKU-4002,Home,39.46,0,0,0.319,13,114,512.98
2024-09-17,Providence,SKU-4002,Home,36.14,1,0,0.437,19,109,686.66
2024-09-18,Providence,SKU-4002,Home,40.55,0,0,0.584,17,102,689.35
2024-09-19,Providence,SKU-4002,Home,40.37,0,0,0.38,13,33,524.81
2024-09-20,Providence,SKU-4002,Home,39.56,0,0,0.496,15,88,593.4
2024-09-21,Providence,SKU-4002,Home,39.75,0,0,0.571,14,72,556.5
2024-09-22,Providence,SKU-4002,Home,40.19,0,0,0.28,13,131,522.47
2024-09-23,Providence,SKU-4002,Home,40.52,0,0,0.289,15,139,607.8
2024-09-24,Providence,SKU-4002,Home,39.24,0,0,0.325,15,168,588.6
2024-09-25,Providence,SKU-4002,Home,40.04,0,0,0.393,10,93,400.4
2024-09-26,Providence,SKU-4002,Home,40.56,0,0,0.492,17,127,689.52
2024-09-27,Providence,SKU-4002,Home,39.56,0,0,0.485,17,117,672.52
2024-09-28,Providence,SKU-4002,Home,40.57,0,0,0.246,18,115,730.26
2024-09-29,Providence,SKU-4002,Home,39.07,0,0,0.5,17,122,664.19
2024-09-30,Providence,SKU-4002,Home,40.17,0,0,0.44,11,137,441.87
2024-10-01,Providence,SKU-4002,Home,39.17,0,0,0.395,17,124,665.89
2024-10-02,Providence,SKU-4002,Home,40.05,0,0,0.423,15,88,600.75
2024-10-03,Providence,SKU-4002,Home,40.34,0,0,0.285,17,41,685.78
2024-10-04,Providence,SKU-4002,Home,39.27,0,0,0.456,20,106,785.4
2024-10-05,Providence,SKU-4002,Home,39.75,0,0,0.386,16,50,636.0
2024-10-06,Providence,SKU-4002,Home,40.64,0,0,0.27,15,155,609.6
2024-10-07,Providence,SKU-4002,Home,40.26,0,0,0.481,19,129,764.94
2024-10-08,Providence,SKU-4002,Home,39.65,0,0,0.415,15,94,594.75
2024-10-09,Providence,SKU-4002,Home,39.66,0,0,0.548,12,92,475.92
2024-10-10,Providence,SKU-4002,Home,39.97,0,0,0.655,14,171,559.58
2024-10-11,Providence,SKU-4002,Home,39.91,0,0,0.181,16,127,638.56
2024-10-12,Providence,SKU-4002,Home,40.16,0,0,0.514,22,141,883.52
2024-10-13,Providence,SKU-4002,Home,40.57,0,0,0.398,19,109,770.83
2024-10-14,Providence,SKU-4002,Home,40.08,0,0,0.629,14,178,561.12
2024-10-15,Providence,SKU-4002,Home,40.06,0,0,0.408,9,157,360.54
2024-10-16,Providence,SKU-4002,Home,40.31,0,0,0.426,17,113,685.27
2024-10-17,Providence,SKU-4002,Home,39.67,0,0,0.495,17,149,674.39
2024-10-18,Providence,SKU-4002,Home,40.34,0,0,0.364,21,63,847.14
2024-10-19,Providence,SKU-4002,Home,40.28,0,0,0.332,11,129,443.08
2024-10-20,Providence,SKU-4002,Home,39.77,0,0,0.552,20,159,795.4
2024-10-21,Providence,SKU-4002,Home,39.95,0,0,0.472,16,66,639.2
2024-10-22,Providence,SKU-4002,Home,39.93,0,0,0.427,19,89,758.67
2024-10-23,Providence,SKU-4002,Home,39.85,0,0,0.463,14,124,557.9
2024-10-24,Providence,SKU-4002,Home,39.78,0,0,0.431,13,49,517.14
2024-10-25,Providence,SKU-4002,Home,38.87,0,0,0.43,17,166,660.79
2024-10-26,Providence,SKU-4002,Home,36.74,1,0,0.4,22,174,808.28
2024-10-27,Providence,SKU-4002,Home,39.75,0,0,0.56,18,59,715.5
2024-10-28,Providence,SKU-4002,Home,40.06,0,0,0.371,16,119,640.96
2024-10-29,Providence,SKU-4002,Home,36.33,1,0,0.621,15,83,544.95
2024-10-30,Providence,SKU-4002,Home,40.04,0,0,0.398,15,179,600.6
2024-10-31,Providence,SKU-4002,Home,40.01,0,0,0.366,13,79,520.13
2024-11-01,Providence,SKU-4002,Home,40.09,0,0,0.455,16,134,641.44
2024-11-02,Providence,SKU-4002,Home,40.53,0,0,0.462,17,118,689.01
2024-11-03,Providence,SKU-4002,Home,35.59,1,0,0.413,22,124,782.98
2024-11-04,Providence,SKU-4002,Home,40.02,0,0,0.497,13,154,520.26
2024-11-05,Providence,SKU-4002,Home,38.75,0,0,0.478,12,85,465.0
2024-11-06,Providence,SKU-4002,Home,40.73,0,0,0.61,18,110,733.14
2024-11-07,Providence,SKU-4002,Home,40.01,0,0,0.542,14,129,560.14
2024-11-08,Providence,SKU-4002,Home,41.03,0,0,0.368,22,97,902.66
2024-11-09,Providence,SKU-4002,Home,40.24,0,0,0.497,13,181,523.12
2024-11-10,Providence,SKU-4002,Home,39.36,0,0,0.359,18,90,708.48
2024-11-11,Providence,SKU-4002,Home,39.1,0,0,0.537,15,41,586.5
2024-11-12,Providence,SKU-4002,Home,39.35,0,0,0.587,16,81,629.6
2024-11-13,Providence,SKU-4002,Home,35.52,1,0,0.504,22,86,781.44
2024-11-14,Providence,SKU-4002,Home,39.89,0,0,0.585,8,104,319.12
2024-11-15,Providence,SKU-4002,Home,39.68,0,0,0.402,21,101,833.28
2024-11-16,Providence,SKU-4002,Home,39.72,0,0,0.666,17,157,675.24
2024-11-17,Providence,SKU-4002,Home,39.88,0,0,0.846,20,119,797.6
2024-11-18,Providence,SKU-4002,Home,40.77,0,0,0.475,18,155,733.86
2024-11-19,Providence,SKU-4002,Home,39.79,0,0,0.226,14,143,557.06
2024-11-20,Providence,SKU-4002,Home,39.81,0,0,0.696,15,177,597.15
2024-11-21,Providence,SKU-4002,Home,39.73,0,0,0.802,16,184,635.68
2024-11-22,Providence,SKU-4002,Home,40.06,0,0,0.657,15,132,600.9
2024-11-23,Providence,SKU-4002,Home,39.08,0,0,0.548,23,134,898.84
2024-11-24,Providence,SKU-4002,Home,40.29,0,0,0.752,16,186,644.64
2024-11-25,Providence,SKU-4002,Home,39.05,0,0,0.658,16,169,624.8
2024-11-26,Providence,SKU-4002,Home,39.99,0,0,0.551,14,109,559.86
2024-11-27,Providence,SKU-4002,Home,40.09,0,0,0.608,16,159,641.44
2024-11-28,Providence,SKU-4002,Home,40.6,0,0,0.461,14,101,568.4
2024-11-29,Providence,SKU-4002,Home,39.65,0,1,0.656,24,134,951.6
2024-11-30,Providence,SKU-4002,Home,39.68,0,0,0.689,18,44,714.24
2024-12-01,Providence,SKU-4002,Home,39.65,0,1,0.728,20,147,793.0
2024-12-02,Providence,SKU-4002,Home,39.85,0,1,0.574,24,125,956.4
2024-12-03,Providence,SKU-4002,Home,39.6,0,1,0.52,19,57,752.4
2024-12-04,Providence,SKU-4002,Home,40.13,0,1,0.826,19,51,762.47
2024-12-05,Providence,SKU-4002,Home,40.05,0,1,0.791,23,156,921.15
2024-12-06,Providence,SKU-4002,Home,39.45,0,1,0.715,23,63,907.35
2024-12-07,Providence,SKU-4002,Home,39.75,0,1,0.789,17,73,675.75
2024-12-08,Providence,SKU-4002,Home,39.59,0,1,0.621,22,100,870.98
2024-12-09,Providence,SKU-4002,Home,39.93,0,1,0.53,15,146,598.95
2024-12-10,Providence,SKU-4002,Home,40.19,0,1,0.534,18,150,723.42
2024-12-11,Providence,SKU-4002,Home,40.43,0,1,0.477,20,125,808.6
2024-12-12,Providence,SKU-4002,Home,36.22,1,1,0.697,26,115,941.72
2024-12-13,Providence,SKU-4002,Home,39.97,0,1,0.524,29,130,1159.13
2024-12-14,Providence,SKU-4002,Home,39.79,0,1,0.556,23,61,915.17
2024-12-15,Providence,SKU-4002,Home,39.15,0,1,0.496,24,94,939.6
2024-12-16,Providence,SKU-4002,Home,39.51,0,1,0.744,22,78,869.22
2024-12-17,Providence,SKU-4002,Home,39.55,0,1,0.855,20,105,791.0
2024-12-18,Providence,SKU-4002,Home,39.57,0,1,0.57,22,58,870.54
2024-12-19,Providence,SKU-4002,Home,39.84,0,1,0.444,16,157,637.44
2024-12-20,Providence,SKU-4002,Home,39.12,0,1,0.513,26,148,1017.12
2024-12-21,Providence,SKU-4002,Home,39.31,0,1,0.841,23,114,904.13
2024-12-22,Providence,SKU-4002,Home,39.42,0,1,0.784,19,157,748.98
2024-12-23,Providence,SKU-4002,Home,40.97,0,1,0.731,22,79,901.34
2024-12-24,Providence,SKU-4002,Home,40.27,0,1,0.756,21,110,845.67
2024-12-25,Providence,SKU-4002,Home,39.89,0,1,0.482,23,136,917.47
2024-12-26,Providence,SKU-4002,Home,40.14,0,1,0.686,24,134,963.36
2024-12-27,Providence,SKU-4002,Home,41.18,0,1,0.569,29,108,1194.22
2024-12-28,Providence,SKU-4002,Home,35.82,1,1,0.732,33,92,1182.06
2024-12-29,Providence,SKU-4002,Home,39.73,0,1,0.794,22,124,874.06
2024-12-30,Providence,SKU-4002,Home,39.7,0,1,0.755,23,101,913.1
2024-12-31,Providence,SKU-4002,Home,39.14,0,1,0.769,12,169,469.68
2025-01-01,Providence,SKU-4002,Home,39.42,0,0,0.471,18,67,709.56
2025-01-02,Providence,SKU-4002,Home,39.7,0,0,0.73,19,155,754.3
2025-01-03,Providence,SKU-4002,Home,39.61,0,0,0.691,19,105,752.59
2025-01-04,Providence,SKU-4002,Home,39.99,0,0,0.734,22,98,879.78
2025-01-05,Providence,SKU-4002,Home,40.33,0,0,0.642,23,120,927.59
2025-01-06,Providence,SKU-4002,Home,40.03,0,0,0.595,20,110,800.6
2025-01-07,Providence,SKU-4002,Home,40.1,0,0,0.582,17,124,681.7
2025-01-08,Providence,SKU-4002,Home,39.2,0,0,0.926,18,142,705.6
2025-01-09,Providence,SKU-4002,Home,39.36,0,0,0.622,21,66,826.56
2025-01-10,Providence,SKU-4002,Home,40.27,0,0,0.74,18,69,724.86
2025-01-11,Providence,SKU-4002,Home,39.78,0,0,0.551,20,125,795.6
2025-01-12,Providence,SKU-4002,Home,40.54,0,0,0.713,14,101,567.56
2025-01-13,Providence,SKU-4002,Home,40.1,0,0,0.718,12,154,481.2
2025-01-14,Providence,SKU-4002,Home,40.44,0,0,0.602,22,120,889.68
2025-01-15,Providence,SKU-4002,Home,40.85,0,0,0.588,26,75,1062.1
2025-01-16,Providence,SKU-4002,Home,40.42,0,0,0.693,14,20,565.88
2025-01-17,Providence,SKU-4002,Home,38.22,0,0,0.736,26,90,993.72
2025-01-18,Providence,SKU-4002,Home,40.71,0,0,0.713,29,143,1180.59
2025-01-19,Providence,SKU-4002,Home,39.85,0,0,0.766,23,127,916.55
2025-01-20,Providence,SKU-4002,Home,39.82,0,0,0.767,26,52,1035.32
2025-01-21,Providence,SKU-4002,Home,39.29,0,0,0.826,22,74,864.38
2025-01-22,Providence,SKU-4002,Home,39.95,0,0,0.669,23,117,918.85
2025-01-23,Providence,SKU-4002,Home,39.79,0,0,0.58,17,117,676.43
2025-01-24,Providence,SKU-4002,Home,40.13,0,0,0.654,19,125,762.47
2025-01-25,Providence,SKU-4002,Home,40.15,0,0,0.774,25,117,1003.75
2025-01-26,Providence,SKU-4002,Home,40.5,0,0,0.662,18,161,729.0
2025-01-27,Providence,SKU-4002,Home,40.28,0,0,0.715,10,133,402.8
2025-01-28,Providence,SKU-4002,Home,38.72,0,0,0.971,14,87,542.08
2025-01-29,Providence,SKU-4002,Home,40.04,0,0,0.649,23,110,920.92
2025-01-30,Providence,SKU-4002,Home,40.12,0,0,0.852,21,204,842.52
2025-01-31,Providence,SKU-4002,Home,40.42,0,0,0.683,27,16,1091.34
2025-02-01,Providence,SKU-4002,Home,39.91,0,0,0.615,27,97,1077.57
2025-02-02,Providence,SKU-4002,Home,40.29,0,0,0.893,25,148,1007.25
2025-02-03,Providence,SKU-4002,Home,39.91,0,0,0.688,21,124,838.11
2025-02-04,Providence,SKU-4002,Home,39.07,0,0,0.701,19,182,742.33
2025-02-05,Providence,SKU-4002,Home,40.11,0,0,0.75,18,120,721.98
2025-02-06,Providence,SKU-4002,Home,39.74,0,0,0.766,10,153,397.4
2025-02-07,Providence,SKU-4002,Home,39.68,0,0,0.78,24,128,952.32
2025-02-08,Providence,SKU-4002,Home,39.82,0,0,0.95,22,210,876.04
2025-02-09,Providence,SKU-4002,Home,39.37,0,0,0.836,27,42,1062.99
2025-02-10,Providence,SKU-4002,Home,39.91,0,0,0.665,23,86,917.93
2025-02-11,Providence,SKU-4002,Home,40.3,0,0,0.521,17,60,685.1
2025-02-12,Providence,SKU-4002,Home,40.43,0,0,0.641,21,101,849.03
2025-02-13,Providence,SKU-4002,Home,38.21,0,0,0.836,18,116,687.78
2025-02-14,Providence,SKU-4002,Home,40.03,0,0,0.793,26,100,1040.78
2025-02-15,Providence,SKU-4002,Home,39.61,0,0,0.713,26,95,1029.86
2025-02-16,Providence,SKU-4002,Home,40.04,0,0,0.761,28,114,1121.12
2025-02-17,Providence,SKU-4002,Home,40.06,0,0,0.812,18,59,721.08
2025-02-18,Providence,SKU-4002,Home,40.3,0,0,0.886,21,88,846.3
2025-02-19,Providence,SKU-4002,Home,39.2,0,0,0.982,27,177,1058.4
2025-02-20,Providence,SKU-4002,Home,40.2,0,0,0.839,17,81,683.4
2025-02-21,Providence,SKU-4002,Home,40.73,0,0,0.656,25,140,1018.25
2025-02-22,Providence,SKU-4002,Home,40.22,0,0,0.608,29,145,1166.38
2025-02-23,Providence,SKU-4002,Home,39.57,0,0,0.801,25,119,989.25
2025-02-24,Providence,SKU-4002,Home,40.3,0,0,0.695,15,88,604.5
2025-02-25,Providence,SKU-4002,Home,40.28,0,0,0.644,23,113,926.44
2025-02-26,Providence,SKU-4002,Home,40.83,0,0,0.565,25,152,1020.75
2025-02-27,Providence,SKU-4002,Home,39.8,0,0,0.763,18,143,716.4
2025-02-28,Providence,SKU-4002,Home,40.4,0,0,0.854,21,135,848.4
2025-03-01,Providence,SKU-4002,Home,39.54,0,0,0.828,25,95,988.5
2025-03-02,Providence,SKU-4002,Home,40.36,0,0,0.534,24,108,968.64
2025-03-03,Providence,SKU-4002,Home,39.77,0,0,0.728,20,95,795.4
2025-03-04,Providence,SKU-4002,Home,40.17,0,0,0.876,12,141,482.04
2025-03-05,Providence,SKU-4002,Home,40.7,0,0,0.635,23,83,936.1
2025-03-06,Providence,SKU-4002,Home,40.02,0,0,0.606,21,166,840.42
2025-03-07,Providence,SKU-4002,Home,40.5,0,0,0.689,31,92,1255.5
2025-03-08,Providence,SKU-4002,Home,40.07,0,0,0.724,28,83,1121.96
2025-03-09,Providence,SKU-4002,Home,40.83,0,0,0.798,34,114,1388.22
2025-03-10,Providence,SKU-4002,Home,36.79,1,0,0.87,20,144,735.8
2025-03-11,Providence,SKU-4002,Home,38.93,0,0,0.536,18,66,700.74
2025-03-12,Providence,SKU-4002,Home,39.64,0,0,0.73,16,128,634.24
2025-03-13,Providence,SKU-4002,Home,39.54,0,0,0.567,22,116,869.88
2025-03-14,Providence,SKU-4002,Home,36.17,1,0,0.759,28,93,1012.76
2025-03-15,Providence,SKU-4002,Home,41.23,0,0,0.67,27,131,1113.21
2025-03-16,Providence,SKU-4002,Home,40.79,0,0,0.697,37,107,1509.23
2025-03-17,Providence,SKU-4002,Home,40.79,0,0,0.724,20,150,815.8
2025-03-18,Providence,SKU-4002,Home,39.42,0,0,0.92,16,123,630.72
2025-03-19,Providence,SKU-4002,Home,39.24,0,0,0.591,22,97,863.28
2025-03-20,Providence,SKU-4002,Home,39.47,0,0,0.786,19,115,749.93
2025-03-21,Providence,SKU-4002,Home,39.49,0,0,0.677,20,146,789.8
2025-03-22,Providence,SKU-4002,Home,39.65,0,0,0.719,23,130,911.95
2025-03-23,Providence,SKU-4002,Home,40.68,0,0,0.509,23,100,935.64
2025-03-24,Providence,SKU-4002,Home,39.67,0,0,0.554,18,92,714.06
2025-03-25,Providence,SKU-4002,Home,40.58,0,0,0.759,15,116,608.7
2025-03-26,Providence,SKU-4002,Home,40.96,0,0,0.694,17,90,696.32
2025-03-27,Providence,SKU-4002,Home,40.81,0,0,0.813,24,113,979.44
2025-03-28,Providence,SKU-4002,Home,40.03,0,0,0.553,26,140,1040.78
2025-03-29,Providence,SKU-4002,Home,38.87,0,0,0.855,18,116,699.66
2025-03-30,Providence,SKU-4002,Home,39.22,0,0,0.562,26,135,1019.72
2025-03-31,Providence,SKU-4002,Home,39.08,0,0,0.766,17,123,664.36
2025-04-01,Providence,SKU-4002,Home,40.14,0,0,0.618,21,182,842.94
2025-04-02,Providence,SKU-4002,Home,39.49,0,0,0.614,22,96,868.78
2025-04-03,Providence,SKU-4002,Home,40.08,0,0,0.556,28,170,1122.24
2025-04-04,Providence,SKU-4002,Home,39.83,0,0,0.77,24,66,955.92
2025-04-05,Providence,SKU-4002,Home,40.17,0,0,0.716,28,99,1124.76
2025-04-06,Providence,SKU-4002,Home,40.28,0,0,0.679,25,59,1007.0
2025-04-07,Providence,SKU-4002,Home,40.12,0,0,0.602,16,154,641.92
2025-04-08,Providence,SKU-4002,Home,39.18,0,0,0.86,24,120,940.32
2025-04-09,Providence,SKU-4002,Home,39.19,0,0,0.874,22,101,862.18
2025-04-10,Providence,SKU-4002,Home,40.12,0,0,0.728,20,77,802.4
2025-04-11,Providence,SKU-4002,Home,35.98,1,0,0.953,37,121,1331.26
2025-04-12,Providence,SKU-4002,Home,40.06,0,0,0.584,23,46,921.38
2025-04-13,Providence,SKU-4002,Home,40.53,0,0,0.658,26,115,1053.78
2025-04-14,Providence,SKU-4002,Home,39.97,0,0,0.553,23,88,919.31
2025-04-15,Providence,SKU-4002,Home,40.72,0,0,0.61,21,96,855.12
2025-04-16,Providence,SKU-4002,Home,39.83,0,0,0.532,14,147,557.62
2025-04-17,Providence,SKU-4002,Home,40.46,0,0,0.593,19,155,768.74
2025-04-18,Providence,SKU-4002,Home,39.85,0,0,0.804,33,95,1315.05
2025-04-19,Providence,SKU-4002,Home,38.99,0,0,0.678,25,152,974.75
2025-04-20,Providence,SKU-4002,Home,40.09,0,0,0.577,24,127,962.16
2025-04-21,Providence,SKU-4002,Home,36.51,1,0,0.825,26,112,949.26
2025-04-22,Providence,SKU-4002,Home,40.29,0,0,0.657,20,126,805.8
2025-04-23,Providence,SKU-4002,Home,40.96,0,0,0.667,26,160,1064.96
2025-04-24,Providence,SKU-4002,Home,40.15,0,0,0.645,26,92,1043.9
2025-04-25,Providence,SKU-4002,Home,36.5,1,0,0.586,26,135,949.0
2025-04-26,Providence,SKU-4002,Home,41.09,0,0,0.741,34,139,1397.06
2025-04-27,Providence,SKU-4002,Home,35.89,1,0,0.688,28,80,1004.92
2025-04-28,Providence,SKU-4002,Home,39.25,0,0,0.478,22,98,863.5
2025-04-29,Providence,SKU-4002,Home,40.27,0,0,0.545,24,150,966.48
2025-04-30,Providence,SKU-4002,Home,39.98,0,0,0.663,19,65,759.62
2024-01-01,Boston,SKU-1001,Grocery,5.03,0,0,0.878,103,503,518.09
2024-01-02,Boston,SKU-1001,Grocery,5.07,0,0,0.564,134,894,679.38
2024-01-03,Boston,SKU-1001,Grocery,5.03,0,0,0.598,168,461,845.04
2024-01-04,Boston,SKU-1001,Grocery,5.04,0,0,0.578,134,586,675.36
2024-01-05,Boston,SKU-1001,Grocery,5.02,0,0,0.76,147,557,737.94
2024-01-06,Boston,SKU-1001,Grocery,5.03,0,0,0.633,176,349,885.28
2024-01-07,Boston,SKU-1001,Grocery,5.17,0,0,0.64,158,421,816.86
2024-01-08,Boston,SKU-1001,Grocery,5.04,0,0,0.771,138,408,695.52
2024-01-09,Boston,SKU-1001,Grocery,4.95,0,0,0.529,160,786,792.0
2024-01-10,Boston,SKU-1001,Grocery,5.01,0,0,0.712,117,702,586.17
2024-01-11,Boston,SKU-1001,Grocery,4.93,0,0,0.523,139,339,685.27
2024-01-12,Boston,SKU-1001,Grocery,4.95,0,0,0.617,154,533,762.3
2024-01-13,Boston,SKU-1001,Grocery,5.05,0,0,0.672,228,689,1151.4
2024-01-14,Boston,SKU-1001,Grocery,4.97,0,0,0.738,137,405,680.89
2024-01-15,Boston,SKU-1001,Grocery,4.56,1,0,0.678,159,584,725.04
2024-01-16,Boston,SKU-1001,Grocery,5.06,0,0,0.735,157,682,794.42
2024-01-17,Boston,SKU-1001,Grocery,4.96,0,0,0.931,144,494,714.24
2024-01-18,Boston,SKU-1001,Grocery,4.54,1,0,0.703,148,453,671.92
2024-01-19,Boston,SKU-1001,Grocery,5.03,0,0,0.756,133,545,668.99
2024-01-20,Boston,SKU-1001,Grocery,5.06,0,0,0.77,195,554,986.7
2024-01-21,Boston,SKU-1001,Grocery,4.99,0,0,0.792,180,651,898.2
2024-01-22,Boston,SKU-1001,Grocery,4.38,1,0,0.675,180,587,788.4
2024-01-23,Boston,SKU-1001,Grocery,4.92,0,0,0.695,121,573,595.32
2024-01-24,Boston,SKU-1001,Grocery,5.13,0,0,0.758,122,621,625.86
2024-01-25,Boston,SKU-1001,Grocery,4.55,1,0,0.521,174,430,791.7
2024-01-26,Boston,SKU-1001,Grocery,4.5,1,0,0.638,215,508,967.5
2024-01-27,Boston,SKU-1001,Grocery,4.94,0,0,0.76,203,646,1002.82
2024-01-28,Boston,SKU-1001,Grocery,5.03,0,0,0.606,168,553,845.04
2024-01-29,Boston,SKU-1001,Grocery,4.92,0,0,0.559,143,499,703.56
2024-01-30,Boston,SKU-1001,Grocery,5.03,0,0,0.57,111,450,558.33
2024-01-31,Boston,SKU-1001,Grocery,4.97,0,0,0.726,194,337,964.18
2024-02-01,Boston,SKU-1001,Grocery,5.06,0,0,0.77,184,593,931.04
2024-02-02,Boston,SKU-1001,Grocery,4.95,0,0,0.887,208,244,1029.6
2024-02-03,Boston,SKU-1001,Grocery,4.97,0,0,0.713,218,164,1083.46
2024-02-04,Boston,SKU-1001,Grocery,4.98,0,0,0.801,179,422,891.42
2024-02-05,Boston,SKU-1001,Grocery,4.45,1,0,0.541,171,450,760.95
2024-02-06,Boston,SKU-1001,Grocery,5.05,0,0,0.727,113,554,570.65
2024-02-07,Boston,SKU-1001,Grocery,5.1,0,0,0.605,160,545,816.0
2024-02-08,Boston,SKU-1001,Grocery,5.13,0,0,0.87,116,536,595.08
2024-02-09,Boston,SKU-1001,Grocery,4.86,0,0,0.745,182,204,884.52
2024-02-10,Boston,SKU-1001,Grocery,4.97,0,0,0.734,195,544,969.15
2024-02-11,Boston,SKU-1001,Grocery,4.96,0,0,0.624,222,487,1101.12
2024-02-12,Boston,SKU-1001,Grocery,4.57,1,0,0.651,198,642,904.86
2024-02-13,Boston,SKU-1001,Grocery,4.58,1,0,0.666,249,371,1140.42
