data/raw/retail_daily_sales.csv
date,store,sku,category,price,promotion,holiday,weather_index,units_sold,inventory_on_hand,revenue
2024-02-14,Boston,SKU-1001,Grocery,5.03,0,0,0.794,119,398,598.57
2024-02-15,Boston,SKU-1001,Grocery,4.85,0,0,0.686,175,263,848.75
2024-02-16,Boston,SKU-1001,Grocery,4.92,0,0,0.712,239,378,1175.88
2024-02-17,Boston,SKU-1001,Grocery,5.06,0,0,0.567,214,541,1082.84
2024-02-18,Boston,SKU-1001,Grocery,4.93,0,0,0.746,141,664,695.13
2024-02-19,Boston,SKU-1001,Grocery,4.91,0,0,0.666,133,949,653.03
2024-02-20,Boston,SKU-1001,Grocery,4.96,0,0,0.549,137,765,679.52
2024-02-21,Boston,SKU-1001,Grocery,4.92,0,0,0.706,149,433,733.08
2024-02-22,Boston,SKU-1001,Grocery,5.03,0,0,0.712,172,401,865.16
2024-02-23,Boston,SKU-1001,Grocery,4.91,0,0,0.525,150,497,736.5
2024-02-24,Boston,SKU-1001,Grocery,5.13,0,0,0.733,178,393,913.14
2024-02-25,Boston,SKU-1001,Grocery,4.89,0,0,1.0,199,577,973.11
2024-02-26,Boston,SKU-1001,Grocery,5.06,0,0,0.736,164,487,829.84
2024-02-27,Boston,SKU-1001,Grocery,4.96,0,0,0.789,159,661,788.64
2024-02-28,Boston,SKU-1001,Grocery,5.07,0,0,0.704,157,780,795.99
2024-02-29,Boston,SKU-1001,Grocery,4.93,0,0,0.836,147,432,724.71
2024-03-01,Boston,SKU-1001,Grocery,4.89,0,0,0.554,217,831,1061.13
2024-03-02,Boston,SKU-1001,Grocery,5.05,0,0,0.716,227,484,1146.35
2024-03-03,Boston,SKU-1001,Grocery,4.9,0,0,0.867,204,401,999.6
2024-03-04,Boston,SKU-1001,Grocery,5.02,0,0,0.551,141,361,707.82
2024-03-05,Boston,SKU-1001,Grocery,4.9,0,0,0.453,147,93,720.3
2024-03-06,Boston,SKU-1001,Grocery,4.94,0,0,0.594,143,343,706.42
2024-03-07,Boston,SKU-1001,Grocery,4.98,0,0,0.682,145,759,722.1
2024-03-08,Boston,SKU-1001,Grocery,4.94,0,0,0.749,175,426,864.5
2024-03-09,Boston,SKU-1001,Grocery,4.96,0,0,0.663,166,514,823.36
2024-03-10,Boston,SKU-1001,Grocery,5.19,0,0,0.653,193,720,1001.67
2024-03-11,Boston,SKU-1001,Grocery,5.12,0,0,0.802,156,699,798.72
2024-03-12,Boston,SKU-1001,Grocery,4.92,0,0,0.659,178,522,875.76
2024-03-13,Boston,SKU-1001,Grocery,4.98,0,0,0.836,155,842,771.9
2024-03-14,Boston,SKU-1001,Grocery,4.98,0,0,0.715,128,312,637.44
2024-03-15,Boston,SKU-1001,Grocery,4.45,1,0,0.705,228,354,1014.6
2024-03-16,Boston,SKU-1001,Grocery,5.15,0,0,0.661,210,395,1081.5
2024-03-17,Boston,SKU-1001,Grocery,4.93,0,0,0.445,157,136,774.01
2024-03-18,Boston,SKU-1001,Grocery,4.99,0,0,0.465,175,150,873.25
2024-03-19,Boston,SKU-1001,Grocery,5.05,0,0,0.752,180,482,909.0
2024-03-20,Boston,SKU-1001,Grocery,5.07,0,0,0.807,157,551,795.99
2024-03-21,Boston,SKU-1001,Grocery,5.14,0,0,0.678,137,423,704.18
2024-03-22,Boston,SKU-1001,Grocery,4.98,0,0,0.811,169,463,841.62
2024-03-23,Boston,SKU-1001,Grocery,4.34,1,0,0.535,213,406,924.42
2024-03-24,Boston,SKU-1001,Grocery,5.08,0,0,0.571,176,492,894.08
2024-03-25,Boston,SKU-1001,Grocery,4.81,0,0,0.71,144,633,692.64
2024-03-26,Boston,SKU-1001,Grocery,4.89,0,0,0.736,184,612,899.76
2024-03-27,Boston,SKU-1001,Grocery,4.94,0,0,0.555,145,470,716.3
2024-03-28,Boston,SKU-1001,Grocery,5.02,0,0,0.688,127,508,637.54
2024-03-29,Boston,SKU-1001,Grocery,4.45,1,0,0.798,184,392,818.8
2024-03-30,Boston,SKU-1001,Grocery,4.94,0,0,0.541,156,532,770.64
2024-03-31,Boston,SKU-1001,Grocery,4.97,0,0,0.54,159,195,790.23
2024-04-01,Boston,SKU-1001,Grocery,4.99,0,0,0.74,172,564,858.28
2024-04-02,Boston,SKU-1001,Grocery,4.96,0,0,0.629,164,309,813.44
2024-04-03,Boston,SKU-1001,Grocery,5.12,0,0,0.679,133,610,680.96
2024-04-04,Boston,SKU-1001,Grocery,4.84,0,0,0.462,151,696,730.84
2024-04-05,Boston,SKU-1001,Grocery,4.96,0,0,0.91,266,472,1319.36
2024-04-06,Boston,SKU-1001,Grocery,4.89,0,0,0.761,152,485,743.28
2024-04-07,Boston,SKU-1001,Grocery,5.07,0,0,0.831,128,207,648.96
2024-04-08,Boston,SKU-1001,Grocery,5.01,0,0,0.72,172,638,861.72
2024-04-09,Boston,SKU-1001,Grocery,4.96,0,0,0.699,153,423,758.88
2024-04-10,Boston,SKU-1001,Grocery,4.92,0,0,0.712,163,439,801.96
2024-04-11,Boston,SKU-1001,Grocery,4.92,0,0,0.73,133,842,654.36
2024-04-12,Boston,SKU-1001,Grocery,4.51,1,0,0.552,233,397,1050.83
2024-04-13,Boston,SKU-1001,Grocery,5.17,0,0,0.672,170,350,878.9
2024-04-14,Boston,SKU-1001,Grocery,4.42,1,0,0.654,223,350,985.66
2024-04-15,Boston,SKU-1001,Grocery,4.95,0,0,0.583,153,854,757.35
2024-04-16,Boston,SKU-1001,Grocery,4.95,0,0,0.854,155,630,767.25
2024-04-17,Boston,SKU-1001,Grocery,5.04,0,0,0.709,100,477,504.0
2024-04-18,Boston,SKU-1001,Grocery,4.52,1,0,0.558,185,399,836.2
2024-04-19,Boston,SKU-1001,Grocery,5.06,0,0,0.687,192,784,971.52
2024-04-20,Boston,SKU-1001,Grocery,5.01,0,0,0.601,148,592,741.48
2024-04-21,Boston,SKU-1001,Grocery,5.01,0,0,0.614,179,350,896.79
2024-04-22,Boston,SKU-1001,Grocery,4.92,0,0,0.703,149,482,733.08
2024-04-23,Boston,SKU-1001,Grocery,4.99,0,0,0.796,160,458,798.4
2024-04-24,Boston,SKU-1001,Grocery,5.02,0,0,0.65,161,429,808.22
2024-04-25,Boston,SKU-1001,Grocery,5.1,0,0,0.498,148,484,754.8
2024-04-26,Boston,SKU-1001,Grocery,5.24,0,0,0.59,232,698,1215.68
2024-04-27,Boston,SKU-1001,Grocery,5.0,0,0,0.625,219,416,1095.0
2024-04-28,Boston,SKU-1001,Grocery,4.86,0,0,0.724,218,441,1059.48
2024-04-29,Boston,SKU-1001,Grocery,4.99,0,0,0.603,146,500,728.54
2024-04-30,Boston,SKU-1001,Grocery,4.98,0,0,0.779,131,830,652.38
2024-05-01,Boston,SKU-1001,Grocery,5.03,0,0,0.577,179,545,900.37
2024-05-02,Boston,SKU-1001,Grocery,4.91,0,0,0.541,157,673,770.87
2024-05-03,Boston,SKU-1001,Grocery,4.97,0,0,0.742,190,410,944.3
2024-05-04,Boston,SKU-1001,Grocery,4.94,0,0,0.636,224,532,1106.56
2024-05-05,Boston,SKU-1001,Grocery,5.13,0,0,0.476,160,489,820.8
2024-05-06,Boston,SKU-1001,Grocery,4.88,0,0,0.572,160,553,780.8
2024-05-07,Boston,SKU-1001,Grocery,5.01,0,0,0.437,173,583,866.73
2024-05-08,Boston,SKU-1001,Grocery,4.94,0,0,0.404,152,319,750.88
2024-05-09,Boston,SKU-1001,Grocery,5.06,0,0,0.619,171,696,865.26
2024-05-10,Boston,SKU-1001,Grocery,4.95,0,0,0.467,217,591,1074.15
2024-05-11,Boston,SKU-1001,Grocery,5.11,0,0,0.555,151,437,771.61
2024-05-12,Boston,SKU-1001,Grocery,4.93,0,0,0.927,214,424,1055.02
2024-05-13,Boston,SKU-1001,Grocery,5.0,0,0,0.664,181,237,905.0
2024-05-14,Boston,SKU-1001,Grocery,5.2,0,0,0.679,151,245,785.2
2024-05-15,Boston,SKU-1001,Grocery,4.98,0,0,0.538,130,401,647.4
2024-05-16,Boston,SKU-1001,Grocery,4.92,0,0,0.534,139,643,683.88
2024-05-17,Boston,SKU-1001,Grocery,4.95,0,0,0.545,227,334,1123.65
2024-05-18,Boston,SKU-1001,Grocery,5.01,0,0,0.547,242,435,1212.42
2024-05-19,Boston,SKU-1001,Grocery,5.0,0,0,0.673,168,97,840.0
2024-05-20,Boston,SKU-1001,Grocery,5.05,0,0,0.554,162,313,818.1
2024-05-21,Boston,SKU-1001,Grocery,4.88,0,0,0.685,99,691,483.12
2024-05-22,Boston,SKU-1001,Grocery,5.02,0,0,0.587,129,612,647.58
2024-05-23,Boston,SKU-1001,Grocery,5.02,0,0,0.23,87,663,436.74
2024-05-24,Boston,SKU-1001,Grocery,4.99,0,0,0.495,141,210,703.59
2024-05-25,Boston,SKU-1001,Grocery,4.96,0,0,0.656,161,513,798.56
2024-05-26,Boston,SKU-1001,Grocery,5.0,0,0,0.483,133,683,665.0
2024-05-27,Boston,SKU-1001,Grocery,4.95,0,0,0.445,122,533,603.9
2024-05-28,Boston,SKU-1001,Grocery,4.88,0,0,0.536,49,561,239.12
2024-05-29,Boston,SKU-1001,Grocery,5.07,0,0,0.655,129,319,654.03
2024-05-30,Boston,SKU-1001,Grocery,4.87,0,0,0.691,130,641,633.1
2024-05-31,Boston,SKU-1001,Grocery,4.85,0,0,0.643,167,618,809.95
2024-06-01,Boston,SKU-1001,Grocery,4.96,0,0,0.493,166,588,823.36
2024-06-02,Boston,SKU-1001,Grocery,5.12,0,0,0.301,161,451,824.32
2024-06-03,Boston,SKU-1001,Grocery,5.02,0,0,0.231,95,896,476.9
2024-06-04,Boston,SKU-1001,Grocery,5.01,0,0,0.382,125,253,626.25
2024-06-05,Boston,SKU-1001,Grocery,5.07,0,0,0.561,150,505,760.5
2024-06-06,Boston,SKU-1001,Grocery,4.94,0,0,0.551,127,499,627.38
2024-06-07,Boston,SKU-1001,Grocery,5.09,0,0,0.424,113,367,575.17
2024-06-08,Boston,SKU-1001,Grocery,5.06,0,0,0.373,142,260,718.52
2024-06-09,Boston,SKU-1001,Grocery,5.05,0,0,0.553,185,207,934.25
2024-06-10,Boston,SKU-1001,Grocery,4.95,0,0,0.295,148,418,732.6
2024-06-11,Boston,SKU-1001,Grocery,4.97,0,0,0.651,102,716,506.94
2024-06-12,Boston,SKU-1001,Grocery,5.0,0,0,0.434,112,426,560.0
2024-06-13,Boston,SKU-1001,Grocery,4.95,0,0,0.621,157,549,777.15
2024-06-14,Boston,SKU-1001,Grocery,5.03,0,0,0.491,117,268,588.51
2024-06-15,Boston,SKU-1001,Grocery,4.5,1,0,0.448,204,205,918.0
2024-06-16,Boston,SKU-1001,Grocery,4.68,1,0,0.489,247,132,1155.96
2024-06-17,Boston,SKU-1001,Grocery,5.01,0,0,0.505,170,592,851.7
2024-06-18,Boston,SKU-1001,Grocery,5.05,0,0,0.522,94,612,474.7
2024-06-19,Boston,SKU-1001,Grocery,4.93,0,0,0.431,115,797,566.95
2024-06-20,Boston,SKU-1001,Grocery,5.21,0,0,0.468,163,332,849.23
2024-06-21,Boston,SKU-1001,Grocery,4.99,0,0,0.524,182,272,908.18
2024-06-22,Boston,SKU-1001,Grocery,4.96,0,0,0.289,155,510,768.8
2024-06-23,Boston,SKU-1001,Grocery,5.02,0,0,0.362,146,614,732.92
2024-06-24,Boston,SKU-1001,Grocery,4.39,1,0,0.448,164,151,719.96
2024-06-25,Boston,SKU-1001,Grocery,5.05,0,0,0.22,122,654,616.1
2024-06-26,Boston,SKU-1001,Grocery,5.02,0,0,0.571,125,185,627.5
2024-06-27,Boston,SKU-1001,Grocery,4.99,0,0,0.207,116,342,578.84
2024-06-28,Boston,SKU-1001,Grocery,4.95,0,0,0.385,177,576,876.15
2024-06-29,Boston,SKU-1001,Grocery,4.96,0,0,0.41,173,326,858.08
2024-06-30,Boston,SKU-1001,Grocery,4.79,0,0,0.447,186,564,890.94
2024-07-01,Boston,SKU-1001,Grocery,5.0,0,0,0.527,93,406,465.0
2024-07-02,Boston,SKU-1001,Grocery,5.1,0,0,0.79,116,359,591.6
2024-07-03,Boston,SKU-1001,Grocery,5.08,0,0,0.702,126,584,640.08
2024-07-04,Boston,SKU-1001,Grocery,4.99,0,1,0.289,160,139,798.4
2024-07-05,Boston,SKU-1001,Grocery,5.02,0,0,0.42,206,741,1034.12
2024-07-06,Boston,SKU-1001,Grocery,5.12,0,0,0.408,154,433,788.48
2024-07-07,Boston,SKU-1001,Grocery,5.09,0,0,0.473,138,390,702.42
2024-07-08,Boston,SKU-1001,Grocery,5.06,0,0,0.315,140,602,708.4
2024-07-09,Boston,SKU-1001,Grocery,5.05,0,0,0.248,96,499,484.8
2024-07-10,Boston,SKU-1001,Grocery,4.99,0,0,0.619,107,406,533.93
2024-07-11,Boston,SKU-1001,Grocery,5.08,0,0,0.08,106,671,538.48
2024-07-12,Boston,SKU-1001,Grocery,5.15,0,0,0.42,183,834,942.45
2024-07-13,Boston,SKU-1001,Grocery,5.06,0,0,0.551,151,450,764.06
2024-07-14,Boston,SKU-1001,Grocery,5.08,0,0,0.438,200,294,1016.0
2024-07-15,Boston,SKU-1001,Grocery,4.91,0,0,0.419,152,167,746.32
2024-07-16,Boston,SKU-1001,Grocery,4.99,0,0,0.292,112,358,558.88
2024-07-17,Boston,SKU-1001,Grocery,4.95,0,0,0.457,153,596,757.35
2024-07-18,Boston,SKU-1001,Grocery,4.95,0,0,0.433,109,344,539.55
2024-07-19,Boston,SKU-1001,Grocery,5.03,0,0,0.211,149,316,749.47
2024-07-20,Boston,SKU-1001,Grocery,4.95,0,0,0.531,140,556,693.0
2024-07-21,Boston,SKU-1001,Grocery,4.56,1,0,0.495,166,708,756.96
2024-07-22,Boston,SKU-1001,Grocery,4.98,0,0,0.519,93,720,463.14
2024-07-23,Boston,SKU-1001,Grocery,4.56,1,0,0.295,198,531,902.88
2024-07-24,Boston,SKU-1001,Grocery,5.0,0,0,0.533,76,513,380.0
2024-07-25,Boston,SKU-1001,Grocery,5.05,0,0,0.47,139,555,701.95
2024-07-26,Boston,SKU-1001,Grocery,4.93,0,0,0.425,150,529,739.5
2024-07-27,Boston,SKU-1001,Grocery,4.42,1,0,0.485,131,404,579.02
2024-07-28,Boston,SKU-1001,Grocery,4.95,0,0,0.395,151,384,747.45
2024-07-29,Boston,SKU-1001,Grocery,4.89,0,0,0.409,100,539,489.0
2024-07-30,Boston,SKU-1001,Grocery,5.06,0,0,0.477,134,536,678.04
2024-07-31,Boston,SKU-1001,Grocery,4.87,0,0,0.286,108,526,525.96
2024-08-01,Boston,SKU-1001,Grocery,5.14,0,0,0.368,113,439,580.82
2024-08-02,Boston,SKU-1001,Grocery,4.99,0,0,0.369,184,437,918.16
2024-08-03,Boston,SKU-1001,Grocery,4.98,0,0,0.443,110,341,547.8
2024-08-04,Boston,SKU-1001,Grocery,4.44,1,0,0.392,179,428,794.76
2024-08-05,Boston,SKU-1001,Grocery,4.91,0,0,0.304,122,555,599.02
2024-08-06,Boston,SKU-1001,Grocery,4.91,0,0,0.36,152,539,746.32
2024-08-07,Boston,SKU-1001,Grocery,4.93,0,0,0.374,100,877,493.0
2024-08-08,Boston,SKU-1001,Grocery,4.94,0,0,0.463,118,697,582.92
2024-08-09,Boston,SKU-1001,Grocery,5.21,0,0,0.44,126,516,656.46
2024-08-10,Boston,SKU-1001,Grocery,4.52,1,0,0.489,199,341,899.48
2024-08-11,Boston,SKU-1001,Grocery,5.05,0,0,0.377,140,439,707.0
2024-08-12,Boston,SKU-1001,Grocery,5.1,0,0,0.513,78,661,397.8
2024-08-13,Boston,SKU-1001,Grocery,5.03,0,0,0.162,107,591,538.21
2024-08-14,Boston,SKU-1001,Grocery,5.02,0,0,0.498,119,449,597.38
2024-08-15,Boston,SKU-1001,Grocery,5.05,0,0,0.4,150,576,757.5
2024-08-16,Boston,SKU-1001,Grocery,4.91,0,0,0.266,129,708,633.39
2024-08-17,Boston,SKU-1001,Grocery,5.09,0,0,0.132,102,110,519.18
2024-08-18,Boston,SKU-1001,Grocery,5.06,0,0,0.357,162,453,819.72
2024-08-19,Boston,SKU-1001,Grocery,5.02,0,0,0.572,78,538,391.56
2024-08-20,Boston,SKU-1001,Grocery,4.46,1,0,0.306,168,462,749.28
2024-08-21,Boston,SKU-1001,Grocery,4.97,0,0,0.436,111,776,551.67
2024-08-22,Boston,SKU-1001,Grocery,5.02,0,0,0.47,114,638,572.28
2024-08-23,Boston,SKU-1001,Grocery,5.01,0,0,0.528,141,337,706.41
2024-08-24,Boston,SKU-1001,Grocery,5.12,0,0,0.136,140,408,716.8
2024-08-25,Boston,SKU-1001,Grocery,4.97,0,0,0.446,164,527,815.08
2024-08-26,Boston,SKU-1001,Grocery,5.02,0,0,0.542,125,628,627.5
2024-08-27,Boston,SKU-1001,Grocery,5.14,0,0,0.356,108,335,555.12
2024-08-28,Boston,SKU-1001,Grocery,5.0,0,0,0.331,113,396,565.0
2024-08-29,Boston,SKU-1001,Grocery,5.0,0,0,0.176,107,523,535.0
2024-08-30,Boston,SKU-1001,Grocery,5.04,0,0,0.336,138,273,695.52
2024-08-31,Boston,SKU-1001,Grocery,4.58,1,0,0.436,168,409,769.44
2024-09-01,Boston,SKU-1001,Grocery,5.04,0,0,0.398,175,417,882.0
2024-09-02,Boston,SKU-1001,Grocery,5.01,0,0,0.55,87,668,435.87
2024-09-03,Boston,SKU-1001,Grocery,5.02,0,0,0.564,112,677,562.24
2024-09-04,Boston,SKU-1001,Grocery,4.53,1,0,0.216,105,612,475.65
2024-09-05,Boston,SKU-1001,Grocery,5.01,0,0,0.383,102,550,511.02
2024-09-06,Boston,SKU-1001,Grocery,4.96,0,0,0.526,150,612,744.0
2024-09-07,Boston,SKU-1001,Grocery,4.37,1,0,0.407,210,520,917.7
2024-09-08,Boston,SKU-1001,Grocery,5.03,0,0,0.355,163,375,819.89
2024-09-09,Boston,SKU-1001,Grocery,5.13,0,0,0.357,94,235,482.22
2024-09-10,Boston,SKU-1001,Grocery,5.03,0,0,0.303,93,800,467.79
2024-09-11,Boston,SKU-1001,Grocery,5.11,0,0,0.594,150,400,766.5
2024-09-12,Boston,SKU-1001,Grocery,4.92,0,0,0.26,85,506,418.2
2024-09-13,Boston,SKU-1001,Grocery,4.45,1,0,0.241,188,530,836.6
2024-09-14,Boston,SKU-1001,Grocery,4.97,0,0,0.504,144,513,715.68
2024-09-15,Boston,SKU-1001,Grocery,4.9,0,0,0.432,134,323,656.6
2024-09-16,Boston,SKU-1001,Grocery,5.0,0,0,0.406,92,670,460.0
2024-09-17,Boston,SKU-1001,Grocery,5.04,0,0,0.502,117,442,589.68
2024-09-18,Boston,SKU-1001,Grocery,4.84,0,0,0.461,145,492,701.8
2024-09-19,Boston,SKU-1001,Grocery,5.0,0,0,0.674,91,355,455.0
2024-09-20,Boston,SKU-1001,Grocery,4.95,0,0,0.445,157,629,777.15
2024-09-21,Boston,SKU-1001,Grocery,5.01,0,0,0.341,133,449,666.33
2024-09-22,Boston,SKU-1001,Grocery,5.03,0,0,0.217,131,511,658.93
2024-09-23,Boston,SKU-1001,Grocery,4.59,1,0,0.559,127,346,582.93
2024-09-24,Boston,SKU-1001,Grocery,4.5,1,0,0.431,115,724,517.5
2024-09-25,Boston,SKU-1001,Grocery,4.91,0,0,0.377,127,458,623.57
2024-09-26,Boston,SKU-1001,Grocery,4.96,0,0,0.45,109,324,540.64
2024-09-27,Boston,SKU-1001,Grocery,5.09,0,0,0.56,183,593,931.47
2024-09-28,Boston,SKU-1001,Grocery,4.98,0,0,0.359,139,521,692.22
2024-09-29,Boston,SKU-1001,Grocery,4.85,0,0,0.383,157,534,761.45
2024-09-30,Boston,SKU-1001,Grocery,4.96,0,0,0.171,110,253,545.6
2024-10-01,Boston,SKU-1001,Grocery,4.46,1,0,0.483,101,695,450.46
2024-10-02,Boston,SKU-1001,Grocery,4.46,1,0,0.599,110,847,490.6
2024-10-03,Boston,SKU-1001,Grocery,4.99,0,0,0.566,121,738,603.79
2024-10-04,Boston,SKU-1001,Grocery,5.05,0,0,0.431,114,565,575.7
2024-10-05,Boston,SKU-1001,Grocery,4.95,0,0,0.355,114,864,564.3
2024-10-06,Boston,SKU-1001,Grocery,4.91,0,0,0.485,138,644,677.58
2024-10-07,Boston,SKU-1001,Grocery,4.95,0,0,0.621,94,175,465.3
2024-10-08,Boston,SKU-1001,Grocery,5.03,0,0,0.694,68,456,342.04
2024-10-09,Boston,SKU-1001,Grocery,4.93,0,0,0.502,100,951,493.0
2024-10-10,Boston,SKU-1001,Grocery,5.0,0,0,0.383,122,328,610.0
2024-10-11,Boston,SKU-1001,Grocery,5.05,0,0,0.366,135,329,681.75
2024-10-12,Boston,SKU-1001,Grocery,4.99,0,0,0.458,99,324,494.01
2024-10-13,Boston,SKU-1001,Grocery,5.03,0,0,0.397,149,724,749.47
2024-10-14,Boston,SKU-1001,Grocery,4.97,0,0,0.428,108,841,536.76
2024-10-15,Boston,SKU-1001,Grocery,4.96,0,0,0.338,111,698,550.56
2024-10-16,Boston,SKU-1001,Grocery,5.17,0,0,0.498,123,302,635.91
2024-10-17,Boston,SKU-1001,Grocery,4.9,0,0,0.104,108,489,529.2
2024-10-18,Boston,SKU-1001,Grocery,4.98,0,0,0.537,158,394,786.84
2024-10-19,Boston,SKU-1001,Grocery,4.99,0,0,0.536,154,541,768.46
2024-10-20,Boston,SKU-1001,Grocery,4.98,0,0,0.575,145,608,722.1
2024-10-21,Boston,SKU-1001,Grocery,4.92,0,0,0.555,123,420,605.16
2024-10-22,Boston,SKU-1001,Grocery,5.0,0,0,0.448,130,507,650.0
2024-10-23,Boston,SKU-1001,Grocery,4.82,0,0,0.439,110,587,530.2
2024-10-24,Boston,SKU-1001,Grocery,4.47,1,0,0.334,82,545,366.54
2024-10-25,Boston,SKU-1001,Grocery,4.83,0,0,0.507,186,534,898.38
2024-10-26,Boston,SKU-1001,Grocery,4.52,1,0,0.426,133,557,601.16
2024-10-27,Boston,SKU-1001,Grocery,4.96,0,0,0.478,121,740,600.16
2024-10-28,Boston,SKU-1001,Grocery,4.96,0,0,0.463,153,270,758.88
2024-10-29,Boston,SKU-1001,Grocery,5.11,0,0,0.559,108,712,551.88
2024-10-30,Boston,SKU-1001,Grocery,5.1,0,0,0.497,99,476,504.9
2024-10-31,Boston,SKU-1001,Grocery,4.47,1,0,0.373,142,423,634.74
2024-11-01,Boston,SKU-1001,Grocery,4.45,1,0,0.435,172,457,765.4
2024-11-02,Boston,SKU-1001,Grocery,5.05,0,0,0.266,106,640,535.3
2024-11-03,Boston,SKU-1001,Grocery,4.87,0,0,0.441,128,585,623.36
2024-11-04,Boston,SKU-1001,Grocery,4.98,0,0,0.666,144,348,717.12
2024-11-05,Boston,SKU-1001,Grocery,5.03,0,0,0.455,113,292,568.39
2024-11-06,Boston,SKU-1001,Grocery,5.03,0,0,0.373,111,626,558.33
2024-11-07,Boston,SKU-1001,Grocery,4.97,0,0,0.652,102,569,506.94
2024-11-08,Boston,SKU-1001,Grocery,5.0,0,0,0.421,136,420,680.0
2024-11-09,Boston,SKU-1001,Grocery,4.89,0,0,0.576,183,659,894.87
2024-11-10,Boston,SKU-1001,Grocery,4.99,0,0,0.517,148,403,738.52
2024-11-11,Boston,SKU-1001,Grocery,4.91,0,0,0.426,87,609,427.17
2024-11-12,Boston,SKU-1001,Grocery,4.93,0,0,0.375,100,482,493.0
2024-11-13,Boston,SKU-1001,Grocery,5.03,0,0,0.421,97,723,487.91
2024-11-14,Boston,SKU-1001,Grocery,5.01,0,0,0.433,101,680,506.01
2024-11-15,Boston,SKU-1001,Grocery,5.13,0,0,0.452,99,511,507.87
2024-11-16,Boston,SKU-1001,Grocery,4.92,0,0,0.44,148,499,728.16
