data/raw/retail_daily_sales.csv
date,store,sku,category,price,promotion,holiday,weather_index,units_sold,inventory_on_hand,revenue
2024-11-17,Boston,SKU-1001,Grocery,4.41,1,0,0.49,132,454,582.12
2024-11-18,Boston,SKU-1001,Grocery,4.99,0,0,0.517,148,559,738.52
2024-11-19,Boston,SKU-1001,Grocery,4.9,0,0,0.539,119,214,583.1
2024-11-20,Boston,SKU-1001,Grocery,4.91,0,0,0.555,116,474,569.56
2024-11-21,Boston,SKU-1001,Grocery,4.99,0,0,0.433,117,543,583.83
2024-11-22,Boston,SKU-1001,Grocery,4.99,0,0,0.59,151,343,753.49
2024-11-23,Boston,SKU-1001,Grocery,4.94,0,0,0.422,124,288,612.56
2024-11-24,Boston,SKU-1001,Grocery,4.59,1,0,0.432,197,487,904.23
2024-11-25,Boston,SKU-1001,Grocery,4.96,0,0,0.711,98,665,486.08
2024-11-26,Boston,SKU-1001,Grocery,4.95,0,0,0.752,113,633,559.35
2024-11-27,Boston,SKU-1001,Grocery,4.89,0,0,0.433,143,482,699.27
2024-11-28,Boston,SKU-1001,Grocery,5.05,0,0,0.36,96,529,484.8
2024-11-29,Boston,SKU-1001,Grocery,4.95,0,1,0.581,200,776,990.0
2024-11-30,Boston,SKU-1001,Grocery,4.44,1,0,0.661,212,180,941.28
2024-12-01,Boston,SKU-1001,Grocery,5.0,0,1,0.435,129,746,645.0
2024-12-02,Boston,SKU-1001,Grocery,5.02,0,1,0.703,129,424,647.58
2024-12-03,Boston,SKU-1001,Grocery,4.49,1,1,0.555,180,788,808.2
2024-12-04,Boston,SKU-1001,Grocery,5.14,0,1,0.753,171,404,878.94
2024-12-05,Boston,SKU-1001,Grocery,5.06,0,1,0.605,94,758,475.64
2024-12-06,Boston,SKU-1001,Grocery,4.96,0,1,0.573,127,629,629.92
2024-12-07,Boston,SKU-1001,Grocery,4.96,0,1,0.917,141,372,699.36
2024-12-08,Boston,SKU-1001,Grocery,4.91,0,1,0.741,198,522,972.18
2024-12-09,Boston,SKU-1001,Grocery,4.47,1,1,0.598,198,480,885.06
2024-12-10,Boston,SKU-1001,Grocery,4.86,0,1,0.572,111,423,539.46
2024-12-11,Boston,SKU-1001,Grocery,4.44,1,1,0.675,159,468,705.96
2024-12-12,Boston,SKU-1001,Grocery,4.95,0,1,0.601,155,581,767.25
2024-12-13,Boston,SKU-1001,Grocery,5.02,0,1,0.608,159,572,798.18
2024-12-14,Boston,SKU-1001,Grocery,4.93,0,1,0.565,172,601,847.96
2024-12-15,Boston,SKU-1001,Grocery,5.23,0,1,0.33,184,427,962.32
2024-12-16,Boston,SKU-1001,Grocery,5.0,0,1,0.585,144,588,720.0
2024-12-17,Boston,SKU-1001,Grocery,4.45,1,1,0.969,193,647,858.85
2024-12-18,Boston,SKU-1001,Grocery,5.0,0,1,0.404,123,415,615.0
2024-12-19,Boston,SKU-1001,Grocery,4.99,0,1,0.804,151,287,753.49
2024-12-20,Boston,SKU-1001,Grocery,4.88,0,1,0.675,228,412,1112.64
2024-12-21,Boston,SKU-1001,Grocery,4.94,0,1,0.664,162,390,800.28
2024-12-22,Boston,SKU-1001,Grocery,5.07,0,1,0.729,235,383,1191.45
2024-12-23,Boston,SKU-1001,Grocery,5.04,0,1,0.844,163,785,821.52
2024-12-24,Boston,SKU-1001,Grocery,4.92,0,1,0.654,154,569,757.68
2024-12-25,Boston,SKU-1001,Grocery,5.02,0,1,0.633,117,236,587.34
2024-12-26,Boston,SKU-1001,Grocery,4.93,0,1,0.604,143,391,704.99
2024-12-27,Boston,SKU-1001,Grocery,5.08,0,1,0.638,164,619,833.12
2024-12-28,Boston,SKU-1001,Grocery,5.12,0,1,0.396,174,526,890.88
2024-12-29,Boston,SKU-1001,Grocery,4.67,1,1,0.753,132,286,616.44
2024-12-30,Boston,SKU-1001,Grocery,5.03,0,1,0.61,117,342,588.51
2024-12-31,Boston,SKU-1001,Grocery,5.07,0,1,0.796,143,290,725.01
2025-01-01,Boston,SKU-1001,Grocery,4.88,0,0,0.896,109,292,531.92
2025-01-02,Boston,SKU-1001,Grocery,5.1,0,0,0.623,119,572,606.9
2025-01-03,Boston,SKU-1001,Grocery,5.01,0,0,0.691,149,664,746.49
2025-01-04,Boston,SKU-1001,Grocery,5.04,0,0,0.84,144,823,725.76
2025-01-05,Boston,SKU-1001,Grocery,5.03,0,0,0.729,165,596,829.95
2025-01-06,Boston,SKU-1001,Grocery,4.49,1,0,0.576,141,610,633.09
2025-01-07,Boston,SKU-1001,Grocery,4.93,0,0,0.813,177,470,872.61
2025-01-08,Boston,SKU-1001,Grocery,5.16,0,0,0.739,134,636,691.44
2025-01-09,Boston,SKU-1001,Grocery,5.09,0,0,0.783,131,568,666.79
2025-01-10,Boston,SKU-1001,Grocery,5.05,0,0,0.727,140,455,707.0
2025-01-11,Boston,SKU-1001,Grocery,5.04,0,0,0.607,159,260,801.36
2025-01-12,Boston,SKU-1001,Grocery,5.09,0,0,0.702,222,480,1129.98
2025-01-13,Boston,SKU-1001,Grocery,4.96,0,0,0.55,94,356,466.24
2025-01-14,Boston,SKU-1001,Grocery,4.95,0,0,0.743,96,545,475.2
2025-01-15,Boston,SKU-1001,Grocery,5.03,0,0,0.69,117,529,588.51
2025-01-16,Boston,SKU-1001,Grocery,4.98,0,0,0.766,135,607,672.3
2025-01-17,Boston,SKU-1001,Grocery,5.06,0,0,0.466,178,333,900.68
2025-01-18,Boston,SKU-1001,Grocery,4.99,0,0,0.713,190,654,948.1
2025-01-19,Boston,SKU-1001,Grocery,5.04,0,0,0.729,184,102,927.36
2025-01-20,Boston,SKU-1001,Grocery,4.97,0,0,0.971,106,803,526.82
2025-01-21,Boston,SKU-1001,Grocery,4.97,0,0,0.72,149,399,740.53
2025-01-22,Boston,SKU-1001,Grocery,5.0,0,0,0.39,123,740,615.0
2025-01-23,Boston,SKU-1001,Grocery,4.99,0,0,0.91,145,426,723.55
2025-01-24,Boston,SKU-1001,Grocery,5.04,0,0,0.662,178,634,897.12
2025-01-25,Boston,SKU-1001,Grocery,4.94,0,0,0.631,146,178,721.24
2025-01-26,Boston,SKU-1001,Grocery,4.93,0,0,0.48,194,541,956.42
2025-01-27,Boston,SKU-1001,Grocery,5.03,0,0,0.657,87,353,437.61
2025-01-28,Boston,SKU-1001,Grocery,5.06,0,0,0.892,98,605,495.88
2025-01-29,Boston,SKU-1001,Grocery,5.09,0,0,0.921,160,547,814.4
2025-01-30,Boston,SKU-1001,Grocery,4.93,0,0,0.792,178,498,877.54
2025-01-31,Boston,SKU-1001,Grocery,5.01,0,0,0.867,216,715,1082.16
2025-02-01,Boston,SKU-1001,Grocery,5.09,0,0,0.587,158,713,804.22
2025-02-02,Boston,SKU-1001,Grocery,5.04,0,0,0.731,210,744,1058.4
2025-02-03,Boston,SKU-1001,Grocery,4.92,0,0,0.703,199,822,979.08
2025-02-04,Boston,SKU-1001,Grocery,5.0,0,0,0.773,172,812,860.0
2025-02-05,Boston,SKU-1001,Grocery,5.04,0,0,0.721,97,670,488.88
2025-02-06,Boston,SKU-1001,Grocery,4.92,0,0,0.96,147,268,723.24
2025-02-07,Boston,SKU-1001,Grocery,5.04,0,0,0.67,190,664,957.6
2025-02-08,Boston,SKU-1001,Grocery,5.06,0,0,0.827,196,350,991.76
2025-02-09,Boston,SKU-1001,Grocery,5.06,0,0,0.851,198,457,1001.88
2025-02-10,Boston,SKU-1001,Grocery,4.49,1,0,0.86,159,491,713.91
2025-02-11,Boston,SKU-1001,Grocery,4.43,1,0,0.904,140,406,620.2
2025-02-12,Boston,SKU-1001,Grocery,5.04,0,0,0.741,157,484,791.28
2025-02-13,Boston,SKU-1001,Grocery,4.89,0,0,0.787,145,338,709.05
2025-02-14,Boston,SKU-1001,Grocery,4.97,0,0,0.94,251,0,1247.47
2025-02-15,Boston,SKU-1001,Grocery,4.97,0,0,0.841,234,257,1162.98
2025-02-16,Boston,SKU-1001,Grocery,4.9,0,0,0.716,164,695,803.6
2025-02-17,Boston,SKU-1001,Grocery,4.99,0,0,0.523,176,368,878.24
2025-02-18,Boston,SKU-1001,Grocery,5.0,0,0,0.85,160,549,800.0
2025-02-19,Boston,SKU-1001,Grocery,4.98,0,0,0.86,121,444,602.58
2025-02-20,Boston,SKU-1001,Grocery,5.09,0,0,0.796,88,632,447.92
2025-02-21,Boston,SKU-1001,Grocery,4.98,0,0,0.627,176,429,876.48
2025-02-22,Boston,SKU-1001,Grocery,4.91,0,0,0.818,219,462,1075.29
2025-02-23,Boston,SKU-1001,Grocery,4.94,0,0,0.837,156,684,770.64
2025-02-24,Boston,SKU-1001,Grocery,5.07,0,0,0.795,107,672,542.49
2025-02-25,Boston,SKU-1001,Grocery,5.09,0,0,0.711,130,684,661.7
2025-02-26,Boston,SKU-1001,Grocery,4.91,0,0,0.631,124,596,608.84
2025-02-27,Boston,SKU-1001,Grocery,5.01,0,0,0.653,143,755,716.43
2025-02-28,Boston,SKU-1001,Grocery,4.98,0,0,0.849,166,550,826.68
2025-03-01,Boston,SKU-1001,Grocery,4.97,0,0,0.569,185,407,919.45
2025-03-02,Boston,SKU-1001,Grocery,5.04,0,0,0.931,236,744,1189.44
2025-03-03,Boston,SKU-1001,Grocery,5.03,0,0,0.698,100,625,503.0
2025-03-04,Boston,SKU-1001,Grocery,4.95,0,0,0.701,146,560,722.7
2025-03-05,Boston,SKU-1001,Grocery,4.98,0,0,0.62,177,454,881.46
2025-03-06,Boston,SKU-1001,Grocery,5.09,0,0,0.902,104,630,529.36
2025-03-07,Boston,SKU-1001,Grocery,4.99,0,0,0.879,221,615,1102.79
2025-03-08,Boston,SKU-1001,Grocery,4.96,0,0,0.53,172,481,853.12
2025-03-09,Boston,SKU-1001,Grocery,5.03,0,0,0.545,216,430,1086.48
2025-03-10,Boston,SKU-1001,Grocery,5.07,0,0,0.597,142,903,719.94
2025-03-11,Boston,SKU-1001,Grocery,4.85,0,0,0.881,132,743,640.2
2025-03-12,Boston,SKU-1001,Grocery,4.94,0,0,0.676,163,293,805.22
2025-03-13,Boston,SKU-1001,Grocery,4.91,0,0,0.794,182,359,893.62
2025-03-14,Boston,SKU-1001,Grocery,4.91,0,0,0.755,183,544,898.53
2025-03-15,Boston,SKU-1001,Grocery,4.96,0,0,0.628,188,404,932.48
2025-03-16,Boston,SKU-1001,Grocery,5.04,0,0,0.574,168,697,846.72
2025-03-17,Boston,SKU-1001,Grocery,4.4,1,0,0.524,129,558,567.6
2025-03-18,Boston,SKU-1001,Grocery,5.08,0,0,0.816,126,395,640.08
2025-03-19,Boston,SKU-1001,Grocery,4.91,0,0,0.867,98,626,481.18
2025-03-20,Boston,SKU-1001,Grocery,4.99,0,0,0.607,158,533,788.42
2025-03-21,Boston,SKU-1001,Grocery,5.0,0,0,0.61,146,803,730.0
2025-03-22,Boston,SKU-1001,Grocery,5.06,0,0,0.714,213,576,1077.78
2025-03-23,Boston,SKU-1001,Grocery,4.91,0,0,0.69,237,609,1163.67
2025-03-24,Boston,SKU-1001,Grocery,4.94,0,0,0.716,142,522,701.48
2025-03-25,Boston,SKU-1001,Grocery,4.99,0,0,0.684,129,772,643.71
2025-03-26,Boston,SKU-1001,Grocery,5.12,0,0,0.599,170,415,870.4
2025-03-27,Boston,SKU-1001,Grocery,5.06,0,0,0.673,130,595,657.8
2025-03-28,Boston,SKU-1001,Grocery,4.94,0,0,1.0,128,581,632.32
2025-03-29,Boston,SKU-1001,Grocery,4.91,0,0,0.707,209,427,1026.19
2025-03-30,Boston,SKU-1001,Grocery,4.97,0,0,0.656,216,502,1073.52
2025-03-31,Boston,SKU-1001,Grocery,5.06,0,0,0.848,142,688,718.52
2025-04-01,Boston,SKU-1001,Grocery,5.13,0,0,0.649,154,258,790.02
2025-04-02,Boston,SKU-1001,Grocery,5.04,0,0,0.626,138,431,695.52
2025-04-03,Boston,SKU-1001,Grocery,4.95,0,0,0.768,142,455,702.9
2025-04-04,Boston,SKU-1001,Grocery,4.92,0,0,0.744,270,452,1328.4
2025-04-05,Boston,SKU-1001,Grocery,4.52,1,0,0.488,290,552,1310.8
2025-04-06,Boston,SKU-1001,Grocery,4.95,0,0,0.715,188,518,930.6
2025-04-07,Boston,SKU-1001,Grocery,5.08,0,0,0.613,77,510,391.16
2025-04-08,Boston,SKU-1001,Grocery,4.95,0,0,0.669,165,265,816.75
2025-04-09,Boston,SKU-1001,Grocery,5.11,0,0,0.62,188,320,960.68
2025-04-10,Boston,SKU-1001,Grocery,5.03,0,0,0.759,167,499,840.01
2025-04-11,Boston,SKU-1001,Grocery,4.96,0,0,0.62,124,300,615.04
2025-04-12,Boston,SKU-1001,Grocery,4.84,0,0,0.625,180,376,871.2
2025-04-13,Boston,SKU-1001,Grocery,4.88,0,0,0.565,141,676,688.08
2025-04-14,Boston,SKU-1001,Grocery,4.95,0,0,0.682,114,567,564.3
2025-04-15,Boston,SKU-1001,Grocery,5.03,0,0,0.587,92,481,462.76
2025-04-16,Boston,SKU-1001,Grocery,4.47,1,0,0.585,136,662,607.92
2025-04-17,Boston,SKU-1001,Grocery,4.99,0,0,0.695,148,583,738.52
2025-04-18,Boston,SKU-1001,Grocery,4.86,0,0,0.753,202,393,981.72
2025-04-19,Boston,SKU-1001,Grocery,5.06,0,0,0.583,143,578,723.58
2025-04-20,Boston,SKU-1001,Grocery,5.07,0,0,0.615,123,575,623.61
2025-04-21,Boston,SKU-1001,Grocery,4.91,0,0,0.848,131,712,643.21
2025-04-22,Boston,SKU-1001,Grocery,5.02,0,0,0.745,187,363,938.74
2025-04-23,Boston,SKU-1001,Grocery,4.89,0,0,0.568,155,816,757.95
2025-04-24,Boston,SKU-1001,Grocery,4.51,1,0,0.748,204,508,920.04
2025-04-25,Boston,SKU-1001,Grocery,4.97,0,0,0.591,178,424,884.66
2025-04-26,Boston,SKU-1001,Grocery,5.03,0,0,0.854,198,317,995.94
2025-04-27,Boston,SKU-1001,Grocery,4.53,1,0,0.597,163,378,738.39
2025-04-28,Boston,SKU-1001,Grocery,4.88,0,0,0.655,151,439,736.88
2025-04-29,Boston,SKU-1001,Grocery,5.0,0,0,0.756,178,326,890.0
2025-04-30,Boston,SKU-1001,Grocery,5.0,0,0,0.69,186,255,930.0
2024-01-01,Boston,SKU-1002,Grocery,8.28,0,0,0.687,112,205,927.36
2024-01-02,Boston,SKU-1002,Grocery,8.67,0,0,0.694,89,253,771.63
2024-01-03,Boston,SKU-1002,Grocery,8.39,0,0,0.619,87,583,729.93
2024-01-04,Boston,SKU-1002,Grocery,8.44,0,0,0.665,95,456,801.8
2024-01-05,Boston,SKU-1002,Grocery,8.63,0,0,0.558,142,290,1225.46
2024-01-06,Boston,SKU-1002,Grocery,8.4,0,0,0.789,140,383,1176.0
2024-01-07,Boston,SKU-1002,Grocery,8.34,0,0,0.607,104,409,867.36
2024-01-08,Boston,SKU-1002,Grocery,8.31,0,0,0.65,107,469,889.17
2024-01-09,Boston,SKU-1002,Grocery,8.48,0,0,0.753,108,252,915.84
2024-01-10,Boston,SKU-1002,Grocery,8.51,0,0,0.607,123,449,1046.73
2024-01-11,Boston,SKU-1002,Grocery,8.63,0,0,0.779,124,384,1070.12
2024-01-12,Boston,SKU-1002,Grocery,8.78,0,0,0.625,102,381,895.56
2024-01-13,Boston,SKU-1002,Grocery,8.32,0,0,0.625,135,522,1123.2
2024-01-14,Boston,SKU-1002,Grocery,8.53,0,0,0.67,151,250,1288.03
2024-01-15,Boston,SKU-1002,Grocery,8.52,0,0,0.812,90,550,766.8
2024-01-16,Boston,SKU-1002,Grocery,7.66,1,0,0.739,109,363,834.94
2024-01-17,Boston,SKU-1002,Grocery,8.3,0,0,0.735,122,552,1012.6
2024-01-18,Boston,SKU-1002,Grocery,8.62,0,0,0.711,65,564,560.3
2024-01-19,Boston,SKU-1002,Grocery,8.35,0,0,1.0,148,209,1235.8
2024-01-20,Boston,SKU-1002,Grocery,7.7,1,0,0.738,136,391,1047.2
2024-01-21,Boston,SKU-1002,Grocery,7.65,1,0,0.615,182,418,1392.3
2024-01-22,Boston,SKU-1002,Grocery,7.71,1,0,0.852,149,408,1148.79
2024-01-23,Boston,SKU-1002,Grocery,8.53,0,0,0.715,49,519,417.97
2024-01-24,Boston,SKU-1002,Grocery,8.71,0,0,0.68,115,426,1001.65
2024-01-25,Boston,SKU-1002,Grocery,8.42,0,0,0.603,137,478,1153.54
2024-01-26,Boston,SKU-1002,Grocery,8.61,0,0,0.606,136,422,1170.96
2024-01-27,Boston,SKU-1002,Grocery,8.54,0,0,0.635,106,298,905.24
2024-01-28,Boston,SKU-1002,Grocery,8.4,0,0,0.802,139,296,1167.6
2024-01-29,Boston,SKU-1002,Grocery,8.56,0,0,0.715,65,383,556.4
2024-01-30,Boston,SKU-1002,Grocery,7.66,1,0,0.8,138,475,1057.08
2024-01-31,Boston,SKU-1002,Grocery,8.55,0,0,0.801,120,465,1026.0
2024-02-01,Boston,SKU-1002,Grocery,8.54,0,0,0.773,162,258,1383.48
2024-02-02,Boston,SKU-1002,Grocery,8.54,0,0,0.578,143,535,1221.22
2024-02-03,Boston,SKU-1002,Grocery,8.44,0,0,0.476,150,358,1266.0
2024-02-04,Boston,SKU-1002,Grocery,7.69,1,0,0.625,179,445,1376.51
2024-02-05,Boston,SKU-1002,Grocery,8.51,0,0,0.755,103,320,876.53
2024-02-06,Boston,SKU-1002,Grocery,8.54,0,0,0.609,136,366,1161.44
2024-02-07,Boston,SKU-1002,Grocery,8.39,0,0,0.885,100,240,839.0
2024-02-08,Boston,SKU-1002,Grocery,8.59,0,0,0.635,97,464,833.23
2024-02-09,Boston,SKU-1002,Grocery,8.59,0,0,0.718,154,469,1322.86
2024-02-10,Boston,SKU-1002,Grocery,8.4,0,0,0.666,160,335,1344.0
2024-02-11,Boston,SKU-1002,Grocery,8.49,0,0,0.741,167,320,1417.83
2024-02-12,Boston,SKU-1002,Grocery,8.52,0,0,0.705,133,352,1133.16
2024-02-13,Boston,SKU-1002,Grocery,8.71,0,0,0.54,98,398,853.58
2024-02-14,Boston,SKU-1002,Grocery,8.48,0,0,0.76,115,353,975.2
2024-02-15,Boston,SKU-1002,Grocery,8.27,0,0,0.649,122,517,1008.94
2024-02-16,Boston,SKU-1002,Grocery,8.38,0,0,0.792,191,458,1600.58
2024-02-17,Boston,SKU-1002,Grocery,8.6,0,0,0.84,159,359,1367.4
2024-02-18,Boston,SKU-1002,Grocery,8.37,0,0,0.889,170,220,1422.9
2024-02-19,Boston,SKU-1002,Grocery,8.6,0,0,0.919,115,392,989.0
2024-02-20,Boston,SKU-1002,Grocery,8.62,0,0,0.893,96,515,827.52
2024-02-21,Boston,SKU-1002,Grocery,8.62,0,0,0.786,79,516,680.98
2024-02-22,Boston,SKU-1002,Grocery,8.54,0,0,0.722,143,391,1221.22
2024-02-23,Boston,SKU-1002,Grocery,8.62,0,0,0.623,147,423,1267.14
2024-02-24,Boston,SKU-1002,Grocery,8.41,0,0,0.689,185,92,1555.85
2024-02-25,Boston,SKU-1002,Grocery,8.56,0,0,0.966,172,427,1472.32
2024-02-26,Boston,SKU-1002,Grocery,8.58,0,0,0.73,99,238,849.42
2024-02-27,Boston,SKU-1002,Grocery,8.43,0,0,0.437,128,518,1079.04
2024-02-28,Boston,SKU-1002,Grocery,8.66,0,0,0.786,113,367,978.58
2024-02-29,Boston,SKU-1002,Grocery,8.56,0,0,0.803,111,535,950.16
2024-03-01,Boston,SKU-1002,Grocery,8.37,0,0,0.695,200,161,1674.0
2024-03-02,Boston,SKU-1002,Grocery,8.21,0,0,0.794,131,446,1075.51
2024-03-03,Boston,SKU-1002,Grocery,8.53,0,0,0.622,162,347,1381.86
2024-03-04,Boston,SKU-1002,Grocery,8.63,0,0,0.903,163,440,1406.69
2024-03-05,Boston,SKU-1002,Grocery,8.38,0,0,0.524,104,549,871.52
2024-03-06,Boston,SKU-1002,Grocery,8.56,0,0,0.754,89,426,761.84
2024-03-07,Boston,SKU-1002,Grocery,8.63,0,0,0.677,152,419,1311.76
2024-03-08,Boston,SKU-1002,Grocery,8.7,0,0,0.624,142,233,1235.4
2024-03-09,Boston,SKU-1002,Grocery,8.48,0,0,0.622,112,307,949.76
2024-03-10,Boston,SKU-1002,Grocery,8.58,0,0,0.815,176,211,1510.08
2024-03-11,Boston,SKU-1002,Grocery,8.41,0,0,0.804,152,262,1278.32
2024-03-12,Boston,SKU-1002,Grocery,7.58,1,0,0.646,128,404,970.24
2024-03-13,Boston,SKU-1002,Grocery,8.49,0,0,0.852,105,259,891.45
2024-03-14,Boston,SKU-1002,Grocery,8.55,0,0,0.82,148,359,1265.4
2024-03-15,Boston,SKU-1002,Grocery,8.39,0,0,0.69,219,472,1837.41
2024-03-16,Boston,SKU-1002,Grocery,8.32,0,0,0.636,119,406,990.08
2024-03-17,Boston,SKU-1002,Grocery,7.61,1,0,0.517,203,39,1544.83
2024-03-18,Boston,SKU-1002,Grocery,8.38,0,0,0.735,143,134,1198.34
2024-03-19,Boston,SKU-1002,Grocery,8.41,0,0,0.718,133,159,1118.53
2024-03-20,Boston,SKU-1002,Grocery,8.34,0,0,0.717,130,335,1084.2
2024-03-21,Boston,SKU-1002,Grocery,8.4,0,0,0.779,140,540,1176.0
2024-03-22,Boston,SKU-1002,Grocery,8.36,0,0,0.919,122,122,1019.92
2024-03-23,Boston,SKU-1002,Grocery,8.5,0,0,0.58,207,495,1759.5
2024-03-24,Boston,SKU-1002,Grocery,8.61,0,0,0.696,176,235,1515.36
2024-03-25,Boston,SKU-1002,Grocery,7.6,1,0,0.644,147,391,1117.2
2024-03-26,Boston,SKU-1002,Grocery,8.59,0,0,0.881,120,664,1030.8
2024-03-27,Boston,SKU-1002,Grocery,8.48,0,0,0.498,100,353,848.0
2024-03-28,Boston,SKU-1002,Grocery,8.62,0,0,0.472,134,666,1155.08
2024-03-29,Boston,SKU-1002,Grocery,7.6,1,0,0.793,142,418,1079.2
2024-03-30,Boston,SKU-1002,Grocery,8.31,0,0,0.686,103,601,855.93
2024-03-31,Boston,SKU-1002,Grocery,8.56,0,0,0.704,214,491,1831.84
2024-04-01,Boston,SKU-1002,Grocery,8.52,0,0,0.693,122,298,1039.44
2024-04-02,Boston,SKU-1002,Grocery,8.25,0,0,0.822,106,428,874.5
2024-04-03,Boston,SKU-1002,Grocery,8.36,0,0,0.797,143,334,1195.48
2024-04-04,Boston,SKU-1002,Grocery,8.59,0,0,0.6,92,396,790.28
2024-04-05,Boston,SKU-1002,Grocery,8.31,0,0,0.72,130,464,1080.3
2024-04-06,Boston,SKU-1002,Grocery,8.38,0,0,0.705,164,257,1374.32
2024-04-07,Boston,SKU-1002,Grocery,8.38,0,0,0.47,124,367,1039.12
2024-04-08,Boston,SKU-1002,Grocery,7.57,1,0,0.487,109,482,825.13
2024-04-09,Boston,SKU-1002,Grocery,8.64,0,0,0.556,107,320,924.48
2024-04-10,Boston,SKU-1002,Grocery,8.26,0,0,0.782,157,336,1296.82
2024-04-11,Boston,SKU-1002,Grocery,8.74,0,0,0.767,83,530,725.42
2024-04-12,Boston,SKU-1002,Grocery,8.65,0,0,0.716,181,220,1565.65
2024-04-13,Boston,SKU-1002,Grocery,8.52,0,0,0.838,110,241,937.2
2024-04-14,Boston,SKU-1002,Grocery,8.64,0,0,0.561,146,463,1261.44
2024-04-15,Boston,SKU-1002,Grocery,8.85,0,0,0.681,88,423,778.8
2024-04-16,Boston,SKU-1002,Grocery,7.75,1,0,0.628,97,448,751.75
2024-04-17,Boston,SKU-1002,Grocery,8.4,0,0,0.727,103,374,865.2
2024-04-18,Boston,SKU-1002,Grocery,8.41,0,0,0.74,104,390,874.64
2024-04-19,Boston,SKU-1002,Grocery,8.37,0,0,0.73,139,483,1163.43
2024-04-20,Boston,SKU-1002,Grocery,8.44,0,0,0.548,155,319,1308.2
