data/raw/retail_daily_sales.csv
date,store,sku,category,price,promotion,holiday,weather_index,units_sold,inventory_on_hand,revenue
2024-04-21,Boston,SKU-1002,Grocery,8.32,0,0,0.57,118,576,981.76
2024-04-22,Boston,SKU-1002,Grocery,8.53,0,0,0.627,133,445,1134.49
2024-04-23,Boston,SKU-1002,Grocery,7.57,1,0,0.715,181,495,1370.17
2024-04-24,Boston,SKU-1002,Grocery,8.37,0,0,0.526,142,124,1188.54
2024-04-25,Boston,SKU-1002,Grocery,8.73,0,0,0.621,130,668,1134.9
2024-04-26,Boston,SKU-1002,Grocery,8.4,0,0,0.506,134,279,1125.6
2024-04-27,Boston,SKU-1002,Grocery,8.55,0,0,0.516,138,532,1179.9
2024-04-28,Boston,SKU-1002,Grocery,8.4,0,0,0.645,177,487,1486.8
2024-04-29,Boston,SKU-1002,Grocery,8.39,0,0,0.549,152,376,1275.28
2024-04-30,Boston,SKU-1002,Grocery,8.34,0,0,0.618,107,402,892.38
2024-05-01,Boston,SKU-1002,Grocery,8.69,0,0,0.51,131,0,1138.39
2024-05-02,Boston,SKU-1002,Grocery,8.65,0,0,0.715,93,488,804.45
2024-05-03,Boston,SKU-1002,Grocery,8.44,0,0,0.341,116,485,979.04
2024-05-04,Boston,SKU-1002,Grocery,8.41,0,0,0.891,157,166,1320.37
2024-05-05,Boston,SKU-1002,Grocery,8.48,0,0,0.696,102,260,864.96
2024-05-06,Boston,SKU-1002,Grocery,8.53,0,0,0.674,164,339,1398.92
2024-05-07,Boston,SKU-1002,Grocery,8.63,0,0,0.731,105,703,906.15
2024-05-08,Boston,SKU-1002,Grocery,8.68,0,0,0.428,122,109,1058.96
2024-05-09,Boston,SKU-1002,Grocery,8.56,0,0,0.679,136,511,1164.16
2024-05-10,Boston,SKU-1002,Grocery,8.48,0,0,0.451,134,390,1136.32
2024-05-11,Boston,SKU-1002,Grocery,8.33,0,0,0.204,128,480,1066.24
2024-05-12,Boston,SKU-1002,Grocery,8.47,0,0,0.438,128,526,1084.16
2024-05-13,Boston,SKU-1002,Grocery,8.53,0,0,0.478,130,437,1108.9
2024-05-14,Boston,SKU-1002,Grocery,7.76,1,0,0.371,124,744,962.24
2024-05-15,Boston,SKU-1002,Grocery,8.65,0,0,0.648,128,454,1107.2
2024-05-16,Boston,SKU-1002,Grocery,8.55,0,0,0.519,101,603,863.55
2024-05-17,Boston,SKU-1002,Grocery,8.52,0,0,0.545,93,707,792.36
2024-05-18,Boston,SKU-1002,Grocery,8.62,0,0,0.555,115,519,991.3
2024-05-19,Boston,SKU-1002,Grocery,8.45,0,0,0.66,196,328,1656.2
2024-05-20,Boston,SKU-1002,Grocery,8.49,0,0,0.611,86,629,730.14
2024-05-21,Boston,SKU-1002,Grocery,8.52,0,0,0.562,101,416,860.52
2024-05-22,Boston,SKU-1002,Grocery,8.47,0,0,0.495,93,754,787.71
2024-05-23,Boston,SKU-1002,Grocery,8.58,0,0,0.81,107,274,918.06
2024-05-24,Boston,SKU-1002,Grocery,8.55,0,0,0.726,152,512,1299.6
2024-05-25,Boston,SKU-1002,Grocery,8.56,0,0,0.5,131,323,1121.36
2024-05-26,Boston,SKU-1002,Grocery,8.55,0,0,0.584,142,398,1214.1
2024-05-27,Boston,SKU-1002,Grocery,8.28,0,0,0.519,89,442,736.92
2024-05-28,Boston,SKU-1002,Grocery,8.78,0,0,0.502,136,265,1194.08
2024-05-29,Boston,SKU-1002,Grocery,8.51,0,0,0.396,156,371,1327.56
2024-05-30,Boston,SKU-1002,Grocery,8.49,0,0,0.586,134,499,1137.66
2024-05-31,Boston,SKU-1002,Grocery,8.73,0,0,0.471,89,305,776.97
2024-06-01,Boston,SKU-1002,Grocery,8.38,0,0,0.515,140,389,1173.2
2024-06-02,Boston,SKU-1002,Grocery,8.56,0,0,0.704,157,352,1343.92
2024-06-03,Boston,SKU-1002,Grocery,8.59,0,0,0.598,105,465,901.95
2024-06-04,Boston,SKU-1002,Grocery,8.22,0,0,0.425,109,535,895.98
2024-06-05,Boston,SKU-1002,Grocery,8.4,0,0,0.484,87,139,730.8
2024-06-06,Boston,SKU-1002,Grocery,8.73,0,0,0.593,105,217,916.65
2024-06-07,Boston,SKU-1002,Grocery,8.6,0,0,0.582,162,587,1393.2
2024-06-08,Boston,SKU-1002,Grocery,8.23,0,0,0.403,135,407,1111.05
2024-06-09,Boston,SKU-1002,Grocery,8.77,0,0,0.428,106,629,929.62
2024-06-10,Boston,SKU-1002,Grocery,8.51,0,0,0.326,104,265,885.04
2024-06-11,Boston,SKU-1002,Grocery,8.63,0,0,0.477,118,330,1018.34
2024-06-12,Boston,SKU-1002,Grocery,8.39,0,0,0.549,125,398,1048.75
2024-06-13,Boston,SKU-1002,Grocery,8.56,0,0,0.382,84,462,719.04
2024-06-14,Boston,SKU-1002,Grocery,8.57,0,0,0.334,175,416,1499.75
2024-06-15,Boston,SKU-1002,Grocery,8.43,0,0,0.577,74,381,623.82
2024-06-16,Boston,SKU-1002,Grocery,8.59,0,0,0.578,110,243,944.9
2024-06-17,Boston,SKU-1002,Grocery,8.45,0,0,0.497,80,516,676.0
2024-06-18,Boston,SKU-1002,Grocery,8.44,0,0,0.557,127,377,1071.88
2024-06-19,Boston,SKU-1002,Grocery,8.54,0,0,0.666,90,376,768.6
2024-06-20,Boston,SKU-1002,Grocery,8.46,0,0,0.379,131,626,1108.26
2024-06-21,Boston,SKU-1002,Grocery,8.73,0,0,0.516,137,357,1196.01
2024-06-22,Boston,SKU-1002,Grocery,8.58,0,0,0.403,136,347,1166.88
2024-06-23,Boston,SKU-1002,Grocery,8.57,0,0,0.494,139,113,1191.23
2024-06-24,Boston,SKU-1002,Grocery,8.51,0,0,0.491,103,543,876.53
2024-06-25,Boston,SKU-1002,Grocery,8.54,0,0,0.481,76,548,649.04
2024-06-26,Boston,SKU-1002,Grocery,8.3,0,0,0.466,106,352,879.8
2024-06-27,Boston,SKU-1002,Grocery,8.76,0,0,0.538,105,487,919.8
2024-06-28,Boston,SKU-1002,Grocery,8.48,0,0,0.363,98,151,831.04
2024-06-29,Boston,SKU-1002,Grocery,8.45,0,0,0.563,123,596,1039.35
2024-06-30,Boston,SKU-1002,Grocery,8.33,0,0,0.524,151,257,1257.83
2024-07-01,Boston,SKU-1002,Grocery,8.31,0,0,0.556,89,459,739.59
2024-07-02,Boston,SKU-1002,Grocery,8.45,0,0,0.6,105,829,887.25
2024-07-03,Boston,SKU-1002,Grocery,8.62,0,0,0.426,111,241,956.82
2024-07-04,Boston,SKU-1002,Grocery,8.42,0,1,0.455,87,479,732.54
2024-07-05,Boston,SKU-1002,Grocery,8.32,0,0,0.568,94,484,782.08
2024-07-06,Boston,SKU-1002,Grocery,8.68,0,0,0.534,129,178,1119.72
2024-07-07,Boston,SKU-1002,Grocery,8.46,0,0,0.422,162,361,1370.52
2024-07-08,Boston,SKU-1002,Grocery,8.58,0,0,0.51,123,644,1055.34
2024-07-09,Boston,SKU-1002,Grocery,8.6,0,0,0.385,92,303,791.2
2024-07-10,Boston,SKU-1002,Grocery,8.47,0,0,0.248,114,427,965.58
2024-07-11,Boston,SKU-1002,Grocery,8.5,0,0,0.326,95,513,807.5
2024-07-12,Boston,SKU-1002,Grocery,8.49,0,0,0.223,98,544,832.02
2024-07-13,Boston,SKU-1002,Grocery,8.6,0,0,0.514,127,366,1092.2
2024-07-14,Boston,SKU-1002,Grocery,8.22,0,0,0.556,109,442,895.98
2024-07-15,Boston,SKU-1002,Grocery,8.32,0,0,0.423,104,110,865.28
2024-07-16,Boston,SKU-1002,Grocery,8.58,0,0,0.439,82,485,703.56
2024-07-17,Boston,SKU-1002,Grocery,8.32,0,0,0.382,76,543,632.32
2024-07-18,Boston,SKU-1002,Grocery,8.63,0,0,0.285,92,315,793.96
2024-07-19,Boston,SKU-1002,Grocery,8.66,0,0,0.408,54,370,467.64
2024-07-20,Boston,SKU-1002,Grocery,8.25,0,0,0.45,128,302,1056.0
2024-07-21,Boston,SKU-1002,Grocery,8.46,0,0,0.293,126,430,1065.96
2024-07-22,Boston,SKU-1002,Grocery,8.4,0,0,0.568,109,351,915.6
2024-07-23,Boston,SKU-1002,Grocery,8.47,0,0,0.483,117,339,990.99
2024-07-24,Boston,SKU-1002,Grocery,8.52,0,0,0.337,95,396,809.4
2024-07-25,Boston,SKU-1002,Grocery,8.36,0,0,0.348,86,246,718.96
2024-07-26,Boston,SKU-1002,Grocery,8.66,0,0,0.358,106,306,917.96
2024-07-27,Boston,SKU-1002,Grocery,8.58,0,0,0.394,157,472,1347.06
2024-07-28,Boston,SKU-1002,Grocery,8.56,0,0,0.263,125,463,1070.0
2024-07-29,Boston,SKU-1002,Grocery,8.61,0,0,0.422,81,418,697.41
2024-07-30,Boston,SKU-1002,Grocery,8.53,0,0,0.556,108,390,921.24
2024-07-31,Boston,SKU-1002,Grocery,8.43,0,0,0.197,92,478,775.56
2024-08-01,Boston,SKU-1002,Grocery,8.5,0,0,0.541,106,427,901.0
2024-08-02,Boston,SKU-1002,Grocery,8.43,0,0,0.35,126,318,1062.18
2024-08-03,Boston,SKU-1002,Grocery,8.54,0,0,0.309,95,179,811.3
2024-08-04,Boston,SKU-1002,Grocery,8.58,0,0,0.419,65,317,557.7
2024-08-05,Boston,SKU-1002,Grocery,8.27,0,0,0.259,88,399,727.76
2024-08-06,Boston,SKU-1002,Grocery,8.58,0,0,0.355,117,245,1003.86
2024-08-07,Boston,SKU-1002,Grocery,8.59,0,0,0.395,70,365,601.3
2024-08-08,Boston,SKU-1002,Grocery,7.82,1,0,0.357,142,314,1110.44
2024-08-09,Boston,SKU-1002,Grocery,8.6,0,0,0.404,130,449,1118.0
2024-08-10,Boston,SKU-1002,Grocery,8.48,0,0,0.28,123,492,1043.04
2024-08-11,Boston,SKU-1002,Grocery,8.31,0,0,0.156,103,476,855.93
2024-08-12,Boston,SKU-1002,Grocery,8.46,0,0,0.348,82,519,693.72
2024-08-13,Boston,SKU-1002,Grocery,8.42,0,0,0.304,87,391,732.54
2024-08-14,Boston,SKU-1002,Grocery,8.56,0,0,0.392,109,377,933.04
2024-08-15,Boston,SKU-1002,Grocery,8.45,0,0,0.431,124,291,1047.8
2024-08-16,Boston,SKU-1002,Grocery,8.66,0,0,0.453,121,363,1047.86
2024-08-17,Boston,SKU-1002,Grocery,8.49,0,0,0.348,112,215,950.88
2024-08-18,Boston,SKU-1002,Grocery,8.61,0,0,0.373,158,351,1360.38
2024-08-19,Boston,SKU-1002,Grocery,8.44,0,0,0.585,82,245,692.08
2024-08-20,Boston,SKU-1002,Grocery,8.6,0,0,0.334,70,407,602.0
2024-08-21,Boston,SKU-1002,Grocery,8.54,0,0,0.306,91,380,777.14
2024-08-22,Boston,SKU-1002,Grocery,8.44,0,0,0.444,99,506,835.56
2024-08-23,Boston,SKU-1002,Grocery,8.41,0,0,0.275,96,522,807.36
2024-08-24,Boston,SKU-1002,Grocery,7.71,1,0,0.41,130,489,1002.3
2024-08-25,Boston,SKU-1002,Grocery,8.36,0,0,0.25,79,328,660.44
2024-08-26,Boston,SKU-1002,Grocery,8.46,0,0,0.335,111,216,939.06
2024-08-27,Boston,SKU-1002,Grocery,8.48,0,0,0.433,94,529,797.12
2024-08-28,Boston,SKU-1002,Grocery,8.7,0,0,0.037,82,467,713.4
2024-08-29,Boston,SKU-1002,Grocery,8.44,0,0,0.209,56,422,472.64
2024-08-30,Boston,SKU-1002,Grocery,8.42,0,0,0.452,103,505,867.26
2024-08-31,Boston,SKU-1002,Grocery,8.63,0,0,0.227,116,532,1001.08
2024-09-01,Boston,SKU-1002,Grocery,8.46,0,0,0.41,114,455,964.44
2024-09-02,Boston,SKU-1002,Grocery,7.61,1,0,0.171,111,471,844.71
2024-09-03,Boston,SKU-1002,Grocery,8.92,0,0,0.498,90,456,802.8
2024-09-04,Boston,SKU-1002,Grocery,8.53,0,0,0.14,84,445,716.52
2024-09-05,Boston,SKU-1002,Grocery,8.39,0,0,0.408,85,380,713.15
2024-09-06,Boston,SKU-1002,Grocery,8.42,0,0,0.351,118,287,993.56
2024-09-07,Boston,SKU-1002,Grocery,8.46,0,0,0.691,112,257,947.52
2024-09-08,Boston,SKU-1002,Grocery,8.38,0,0,0.443,84,347,703.92
2024-09-09,Boston,SKU-1002,Grocery,8.58,0,0,0.178,76,286,652.08
2024-09-10,Boston,SKU-1002,Grocery,8.75,0,0,0.184,98,557,857.5
2024-09-11,Boston,SKU-1002,Grocery,8.73,0,0,0.678,82,477,715.86
2024-09-12,Boston,SKU-1002,Grocery,8.55,0,0,0.413,59,512,504.45
2024-09-13,Boston,SKU-1002,Grocery,8.41,0,0,0.435,135,473,1135.35
2024-09-14,Boston,SKU-1002,Grocery,8.44,0,0,0.458,79,462,666.76
2024-09-15,Boston,SKU-1002,Grocery,8.53,0,0,0.394,92,269,784.76
2024-09-16,Boston,SKU-1002,Grocery,8.62,0,0,0.347,77,376,663.74
2024-09-17,Boston,SKU-1002,Grocery,8.62,0,0,0.661,72,538,620.64
2024-09-18,Boston,SKU-1002,Grocery,8.36,0,0,0.424,114,447,953.04
2024-09-19,Boston,SKU-1002,Grocery,8.47,0,0,0.256,81,502,686.07
2024-09-20,Boston,SKU-1002,Grocery,7.67,1,0,0.334,109,333,836.03
2024-09-21,Boston,SKU-1002,Grocery,8.61,0,0,0.51,99,368,852.39
2024-09-22,Boston,SKU-1002,Grocery,8.27,0,0,0.627,119,381,984.13
2024-09-23,Boston,SKU-1002,Grocery,8.42,0,0,0.391,50,398,421.0
2024-09-24,Boston,SKU-1002,Grocery,8.46,0,0,0.407,105,370,888.3
2024-09-25,Boston,SKU-1002,Grocery,8.42,0,0,0.234,95,424,799.9
2024-09-26,Boston,SKU-1002,Grocery,8.38,0,0,0.362,102,428,854.76
2024-09-27,Boston,SKU-1002,Grocery,7.74,1,0,0.455,159,341,1230.66
2024-09-28,Boston,SKU-1002,Grocery,8.62,0,0,0.324,71,486,612.02
2024-09-29,Boston,SKU-1002,Grocery,8.65,0,0,0.526,98,62,847.7
2024-09-30,Boston,SKU-1002,Grocery,8.56,0,0,0.468,80,339,684.8
2024-10-01,Boston,SKU-1002,Grocery,7.68,1,0,0.454,115,190,883.2
2024-10-02,Boston,SKU-1002,Grocery,8.36,0,0,0.438,63,604,526.68
2024-10-03,Boston,SKU-1002,Grocery,8.56,0,0,0.291,112,421,958.72
2024-10-04,Boston,SKU-1002,Grocery,7.69,1,0,0.483,107,354,822.83
2024-10-05,Boston,SKU-1002,Grocery,8.57,0,0,0.442,93,353,797.01
2024-10-06,Boston,SKU-1002,Grocery,8.41,0,0,0.401,108,430,908.28
2024-10-07,Boston,SKU-1002,Grocery,8.52,0,0,0.389,81,590,690.12
2024-10-08,Boston,SKU-1002,Grocery,8.47,0,0,0.621,79,414,669.13
2024-10-09,Boston,SKU-1002,Grocery,7.6,1,0,0.342,100,469,760.0
2024-10-10,Boston,SKU-1002,Grocery,7.84,1,0,0.399,117,321,917.28
2024-10-11,Boston,SKU-1002,Grocery,8.45,0,0,0.499,105,390,887.25
2024-10-12,Boston,SKU-1002,Grocery,7.67,1,0,0.811,131,316,1004.77
2024-10-13,Boston,SKU-1002,Grocery,8.53,0,0,0.459,132,511,1125.96
2024-10-14,Boston,SKU-1002,Grocery,8.54,0,0,0.365,95,456,811.3
2024-10-15,Boston,SKU-1002,Grocery,8.35,0,0,0.383,54,180,450.9
2024-10-16,Boston,SKU-1002,Grocery,8.7,0,0,0.587,80,376,696.0
2024-10-17,Boston,SKU-1002,Grocery,7.53,1,0,0.323,95,474,715.35
2024-10-18,Boston,SKU-1002,Grocery,8.74,0,0,0.284,95,205,830.3
2024-10-19,Boston,SKU-1002,Grocery,8.4,0,0,0.518,108,450,907.2
2024-10-20,Boston,SKU-1002,Grocery,8.45,0,0,0.429,113,136,954.85
2024-10-21,Boston,SKU-1002,Grocery,8.45,0,0,0.274,77,490,650.65
2024-10-22,Boston,SKU-1002,Grocery,8.54,0,0,0.601,77,444,657.58
2024-10-23,Boston,SKU-1002,Grocery,8.52,0,0,0.581,76,727,647.52
2024-10-24,Boston,SKU-1002,Grocery,8.65,0,0,0.319,88,265,761.2
2024-10-25,Boston,SKU-1002,Grocery,7.61,1,0,0.679,107,217,814.27
2024-10-26,Boston,SKU-1002,Grocery,8.6,0,0,0.541,118,313,1014.8
2024-10-27,Boston,SKU-1002,Grocery,7.68,1,0,0.596,101,322,775.68
2024-10-28,Boston,SKU-1002,Grocery,8.32,0,0,0.472,81,243,673.92
2024-10-29,Boston,SKU-1002,Grocery,8.3,0,0,0.653,93,447,771.9
2024-10-30,Boston,SKU-1002,Grocery,8.41,0,0,0.53,75,478,630.75
2024-10-31,Boston,SKU-1002,Grocery,8.56,0,0,0.294,84,234,719.04
2024-11-01,Boston,SKU-1002,Grocery,8.85,0,0,0.585,135,429,1194.75
2024-11-02,Boston,SKU-1002,Grocery,8.41,0,0,0.552,131,447,1101.71
2024-11-03,Boston,SKU-1002,Grocery,8.71,0,0,0.473,148,410,1289.08
2024-11-04,Boston,SKU-1002,Grocery,7.55,1,0,0.386,102,241,770.1
2024-11-05,Boston,SKU-1002,Grocery,8.5,0,0,0.364,73,153,620.5
2024-11-06,Boston,SKU-1002,Grocery,8.32,0,0,0.677,94,427,782.08
2024-11-07,Boston,SKU-1002,Grocery,8.5,0,0,0.325,96,492,816.0
2024-11-08,Boston,SKU-1002,Grocery,8.4,0,0,0.56,91,104,764.4
2024-11-09,Boston,SKU-1002,Grocery,7.63,1,0,0.582,144,381,1098.72
2024-11-10,Boston,SKU-1002,Grocery,8.37,0,0,0.612,87,281,728.19
2024-11-11,Boston,SKU-1002,Grocery,8.46,0,0,0.806,106,272,896.76
2024-11-12,Boston,SKU-1002,Grocery,8.66,0,0,0.405,70,489,606.2
2024-11-13,Boston,SKU-1002,Grocery,8.48,0,0,0.524,66,487,559.68
2024-11-14,Boston,SKU-1002,Grocery,8.7,0,0,0.572,72,618,626.4
2024-11-15,Boston,SKU-1002,Grocery,8.43,0,0,0.609,102,322,859.86
2024-11-16,Boston,SKU-1002,Grocery,7.76,1,0,0.387,132,355,1024.32
2024-11-17,Boston,SKU-1002,Grocery,8.3,0,0,0.609,87,357,722.1
2024-11-18,Boston,SKU-1002,Grocery,8.42,0,0,0.74,94,470,791.48
2024-11-19,Boston,SKU-1002,Grocery,8.7,0,0,0.651,68,365,591.6
2024-11-20,Boston,SKU-1002,Grocery,8.81,0,0,0.492,88,352,775.28
2024-11-21,Boston,SKU-1002,Grocery,8.5,0,0,0.527,72,601,612.0
2024-11-22,Boston,SKU-1002,Grocery,8.19,0,0,0.541,104,150,851.76
2024-11-23,Boston,SKU-1002,Grocery,7.86,1,0,0.729,122,525,958.92
2024-11-24,Boston,SKU-1002,Grocery,8.36,0,0,0.304,118,301,986.48
2024-11-25,Boston,SKU-1002,Grocery,8.39,0,0,0.498,69,335,578.91
2024-11-26,Boston,SKU-1002,Grocery,8.5,0,0,0.44,107,368,909.5
2024-11-27,Boston,SKU-1002,Grocery,8.5,0,0,0.513,100,455,850.0
2024-11-28,Boston,SKU-1002,Grocery,8.4,0,0,0.648,101,486,848.4
2024-11-29,Boston,SKU-1002,Grocery,8.42,0,1,0.505,114,370,959.88
2024-11-30,Boston,SKU-1002,Grocery,8.5,0,0,0.601,110,409,935.0
2024-12-01,Boston,SKU-1002,Grocery,8.43,0,1,0.629,105,525,885.15
2024-12-02,Boston,SKU-1002,Grocery,8.34,0,1,0.441,98,605,817.32
2024-12-03,Boston,SKU-1002,Grocery,8.54,0,1,0.456,124,296,1058.96
2024-12-04,Boston,SKU-1002,Grocery,8.57,0,1,0.443,86,199,737.02
2024-12-05,Boston,SKU-1002,Grocery,7.78,1,1,0.532,107,372,832.46
2024-12-06,Boston,SKU-1002,Grocery,7.73,1,1,0.697,152,253,1174.96
2024-12-07,Boston,SKU-1002,Grocery,8.46,0,1,0.601,110,284,930.6
2024-12-08,Boston,SKU-1002,Grocery,8.46,0,1,0.561,145,323,1226.7
2024-12-09,Boston,SKU-1002,Grocery,8.48,0,1,0.618,108,640,915.84
2024-12-10,Boston,SKU-1002,Grocery,8.55,0,1,0.864,119,132,1017.45
2024-12-11,Boston,SKU-1002,Grocery,8.25,0,1,0.817,145,260,1196.25
2024-12-12,Boston,SKU-1002,Grocery,7.54,1,1,0.6,119,353,897.26
2024-12-13,Boston,SKU-1002,Grocery,7.78,1,1,0.607,171,441,1330.38
2024-12-14,Boston,SKU-1002,Grocery,8.32,0,1,0.726,140,281,1164.8
2024-12-15,Boston,SKU-1002,Grocery,8.46,0,1,0.678,131,384,1108.26
2024-12-16,Boston,SKU-1002,Grocery,8.72,0,1,0.623,115,284,1002.8
2024-12-17,Boston,SKU-1002,Grocery,8.39,0,1,0.487,139,169,1166.21
2024-12-18,Boston,SKU-1002,Grocery,8.38,0,1,0.578,134,402,1122.92
2024-12-19,Boston,SKU-1002,Grocery,8.43,0,1,0.925,105,455,885.15
2024-12-20,Boston,SKU-1002,Grocery,8.51,0,1,0.579,151,354,1285.01
2024-12-21,Boston,SKU-1002,Grocery,8.73,0,1,0.712,104,381,907.92
2024-12-22,Boston,SKU-1002,Grocery,7.64,1,1,0.645,150,297,1146.0
2024-12-23,Boston,SKU-1002,Grocery,8.6,0,1,0.461,110,454,946.0
2024-12-24,Boston,SKU-1002,Grocery,8.33,0,1,0.829,93,388,774.69
2024-12-25,Boston,SKU-1002,Grocery,7.6,1,1,0.747,145,336,1102.0
2024-12-26,Boston,SKU-1002,Grocery,8.5,0,1,0.501,125,301,1062.5
2024-12-27,Boston,SKU-1002,Grocery,8.44,0,1,0.615,178,259,1502.32
2024-12-28,Boston,SKU-1002,Grocery,8.55,0,1,0.773,181,556,1547.55
2024-12-29,Boston,SKU-1002,Grocery,8.59,0,1,0.775,129,496,1108.11
2024-12-30,Boston,SKU-1002,Grocery,8.61,0,1,0.854,175,353,1506.75
2024-12-31,Boston,SKU-1002,Grocery,8.49,0,1,0.613,78,196,662.22
2025-01-01,Boston,SKU-1002,Grocery,8.36,0,0,0.854,82,418,685.52
2025-01-02,Boston,SKU-1002,Grocery,7.74,1,0,0.76,140,474,1083.6
2025-01-03,Boston,SKU-1002,Grocery,8.35,0,0,0.659,119,396,993.65
2025-01-04,Boston,SKU-1002,Grocery,8.7,0,0,0.518,126,307,1096.2
2025-01-05,Boston,SKU-1002,Grocery,8.49,0,0,0.517,155,379,1315.95
2025-01-06,Boston,SKU-1002,Grocery,8.33,0,0,0.604,105,169,874.65
2025-01-07,Boston,SKU-1002,Grocery,8.34,0,0,0.639,112,535,934.08
2025-01-08,Boston,SKU-1002,Grocery,8.51,0,0,0.679,109,483,927.59
2025-01-09,Boston,SKU-1002,Grocery,8.56,0,0,0.866,105,315,898.8
2025-01-10,Boston,SKU-1002,Grocery,8.35,0,0,0.613,102,424,851.7
2025-01-11,Boston,SKU-1002,Grocery,8.41,0,0,0.908,148,496,1244.68
2025-01-12,Boston,SKU-1002,Grocery,8.49,0,0,0.595,118,356,1001.82
2025-01-13,Boston,SKU-1002,Grocery,8.46,0,0,0.591,98,227,829.08
2025-01-14,Boston,SKU-1002,Grocery,8.62,0,0,0.83,118,390,1017.16
2025-01-15,Boston,SKU-1002,Grocery,8.58,0,0,0.772,97,458,832.26
2025-01-16,Boston,SKU-1002,Grocery,8.59,0,0,0.75,101,377,867.59
2025-01-17,Boston,SKU-1002,Grocery,8.39,0,0,0.548,131,491,1099.09
2025-01-18,Boston,SKU-1002,Grocery,8.4,0,0,0.611,179,445,1503.6
2025-01-19,Boston,SKU-1002,Grocery,8.34,0,0,0.698,121,421,1009.14
2025-01-20,Boston,SKU-1002,Grocery,8.25,0,0,0.572,103,314,849.75
2025-01-21,Boston,SKU-1002,Grocery,8.4,0,0,0.729,117,388,982.8
2025-01-22,Boston,SKU-1002,Grocery,8.42,0,0,0.815,91,270,766.22
