data/raw/retail_daily_sales.csv
date,store,sku,category,price,promotion,holiday,weather_index,units_sold,inventory_on_hand,revenue
2025-01-23,Boston,SKU-1002,Grocery,8.42,0,0,0.93,115,329,968.3
2025-01-24,Boston,SKU-1002,Grocery,7.53,1,0,0.969,182,402,1370.46
2025-01-25,Boston,SKU-1002,Grocery,8.54,0,0,0.847,78,254,666.12
2025-01-26,Boston,SKU-1002,Grocery,8.33,0,0,0.495,137,398,1141.21
2025-01-27,Boston,SKU-1002,Grocery,8.25,0,0,0.67,103,377,849.75
2025-01-28,Boston,SKU-1002,Grocery,8.6,0,0,0.62,104,307,894.4
2025-01-29,Boston,SKU-1002,Grocery,8.56,0,0,0.846,131,358,1121.36
2025-01-30,Boston,SKU-1002,Grocery,7.57,1,0,0.733,85,434,643.45
2025-01-31,Boston,SKU-1002,Grocery,8.47,0,0,0.759,153,628,1295.91
2025-02-01,Boston,SKU-1002,Grocery,8.45,0,0,0.58,128,269,1081.6
2025-02-02,Boston,SKU-1002,Grocery,8.51,0,0,0.801,176,412,1497.76
2025-02-03,Boston,SKU-1002,Grocery,8.54,0,0,0.455,105,410,896.7
2025-02-04,Boston,SKU-1002,Grocery,8.44,0,0,0.693,101,532,852.44
2025-02-05,Boston,SKU-1002,Grocery,8.43,0,0,0.852,135,349,1138.05
2025-02-06,Boston,SKU-1002,Grocery,8.62,0,0,0.61,125,443,1077.5
2025-02-07,Boston,SKU-1002,Grocery,8.73,0,0,0.628,148,387,1292.04
2025-02-08,Boston,SKU-1002,Grocery,8.6,0,0,0.727,167,336,1436.2
2025-02-09,Boston,SKU-1002,Grocery,8.36,0,0,0.914,133,289,1111.88
2025-02-10,Boston,SKU-1002,Grocery,8.46,0,0,0.777,125,417,1057.5
2025-02-11,Boston,SKU-1002,Grocery,7.67,1,0,0.824,153,148,1173.51
2025-02-12,Boston,SKU-1002,Grocery,8.65,0,0,0.681,135,248,1167.75
2025-02-13,Boston,SKU-1002,Grocery,7.96,1,0,0.87,167,689,1329.32
2025-02-14,Boston,SKU-1002,Grocery,8.46,0,0,0.768,71,404,600.66
2025-02-15,Boston,SKU-1002,Grocery,8.63,0,0,0.711,102,405,880.26
2025-02-16,Boston,SKU-1002,Grocery,8.46,0,0,0.482,133,495,1125.18
2025-02-17,Boston,SKU-1002,Grocery,8.4,0,0,0.695,104,216,873.6
2025-02-18,Boston,SKU-1002,Grocery,8.61,0,0,0.858,94,342,809.34
2025-02-19,Boston,SKU-1002,Grocery,8.52,0,0,0.786,123,586,1047.96
2025-02-20,Boston,SKU-1002,Grocery,8.29,0,0,0.926,126,424,1044.54
2025-02-21,Boston,SKU-1002,Grocery,7.69,1,0,0.685,207,214,1591.83
2025-02-22,Boston,SKU-1002,Grocery,8.46,0,0,0.882,133,171,1125.18
2025-02-23,Boston,SKU-1002,Grocery,8.66,0,0,0.652,182,553,1576.12
2025-02-24,Boston,SKU-1002,Grocery,8.39,0,0,0.59,111,503,931.29
2025-02-25,Boston,SKU-1002,Grocery,7.39,1,0,0.65,152,251,1123.28
2025-02-26,Boston,SKU-1002,Grocery,8.51,0,0,0.681,90,508,765.9
2025-02-27,Boston,SKU-1002,Grocery,8.19,0,0,0.885,116,546,950.04
2025-02-28,Boston,SKU-1002,Grocery,8.42,0,0,0.564,161,415,1355.62
2025-03-01,Boston,SKU-1002,Grocery,8.53,0,0,0.805,119,505,1015.07
2025-03-02,Boston,SKU-1002,Grocery,7.75,1,0,0.81,174,401,1348.5
2025-03-03,Boston,SKU-1002,Grocery,8.52,0,0,0.812,105,546,894.6
2025-03-04,Boston,SKU-1002,Grocery,7.59,1,0,0.649,147,259,1115.73
2025-03-05,Boston,SKU-1002,Grocery,8.37,0,0,0.6,118,572,987.66
2025-03-06,Boston,SKU-1002,Grocery,8.38,0,0,0.804,110,433,921.8
2025-03-07,Boston,SKU-1002,Grocery,7.87,1,0,0.707,126,349,991.62
2025-03-08,Boston,SKU-1002,Grocery,8.23,0,0,0.735,127,475,1045.21
2025-03-09,Boston,SKU-1002,Grocery,8.35,0,0,0.994,163,350,1361.05
2025-03-10,Boston,SKU-1002,Grocery,8.43,0,0,0.936,111,381,935.73
2025-03-11,Boston,SKU-1002,Grocery,8.46,0,0,0.57,168,138,1421.28
2025-03-12,Boston,SKU-1002,Grocery,8.4,0,0,0.593,104,542,873.6
2025-03-13,Boston,SKU-1002,Grocery,8.63,0,0,0.78,120,447,1035.6
2025-03-14,Boston,SKU-1002,Grocery,8.58,0,0,0.628,166,267,1424.28
2025-03-15,Boston,SKU-1002,Grocery,8.49,0,0,0.531,100,433,849.0
2025-03-16,Boston,SKU-1002,Grocery,8.56,0,0,0.818,137,421,1172.72
2025-03-17,Boston,SKU-1002,Grocery,7.62,1,0,0.648,140,294,1066.8
2025-03-18,Boston,SKU-1002,Grocery,8.51,0,0,0.581,124,386,1055.24
2025-03-19,Boston,SKU-1002,Grocery,8.62,0,0,0.826,95,502,818.9
2025-03-20,Boston,SKU-1002,Grocery,8.38,0,0,0.798,90,325,754.2
2025-03-21,Boston,SKU-1002,Grocery,8.4,0,0,0.674,126,524,1058.4
2025-03-22,Boston,SKU-1002,Grocery,8.31,0,0,0.79,168,530,1396.08
2025-03-23,Boston,SKU-1002,Grocery,7.92,1,0,0.669,160,401,1267.2
2025-03-24,Boston,SKU-1002,Grocery,8.41,0,0,0.634,110,344,925.1
2025-03-25,Boston,SKU-1002,Grocery,8.44,0,0,0.66,110,420,928.4
2025-03-26,Boston,SKU-1002,Grocery,8.64,0,0,0.772,114,294,984.96
2025-03-27,Boston,SKU-1002,Grocery,8.33,0,0,0.821,103,553,857.99
2025-03-28,Boston,SKU-1002,Grocery,8.64,0,0,0.698,163,236,1408.32
2025-03-29,Boston,SKU-1002,Grocery,8.52,0,0,0.94,185,477,1576.2
2025-03-30,Boston,SKU-1002,Grocery,8.43,0,0,0.509,111,256,935.73
2025-03-31,Boston,SKU-1002,Grocery,8.49,0,0,0.673,93,562,789.57
2025-04-01,Boston,SKU-1002,Grocery,8.2,0,0,0.672,91,305,746.2
2025-04-02,Boston,SKU-1002,Grocery,8.35,0,0,0.746,110,379,918.5
2025-04-03,Boston,SKU-1002,Grocery,8.39,0,0,0.781,113,258,948.07
2025-04-04,Boston,SKU-1002,Grocery,7.71,1,0,0.626,175,368,1349.25
2025-04-05,Boston,SKU-1002,Grocery,8.49,0,0,0.549,116,388,984.84
2025-04-06,Boston,SKU-1002,Grocery,8.45,0,0,0.716,124,341,1047.8
2025-04-07,Boston,SKU-1002,Grocery,8.42,0,0,0.573,115,579,968.3
2025-04-08,Boston,SKU-1002,Grocery,8.27,0,0,0.626,121,238,1000.67
2025-04-09,Boston,SKU-1002,Grocery,8.51,0,0,0.713,96,424,816.96
2025-04-10,Boston,SKU-1002,Grocery,8.2,0,0,0.635,118,589,967.6
2025-04-11,Boston,SKU-1002,Grocery,8.54,0,0,0.818,138,151,1178.52
2025-04-12,Boston,SKU-1002,Grocery,8.52,0,0,0.635,130,393,1107.6
2025-04-13,Boston,SKU-1002,Grocery,8.35,0,0,0.451,119,196,993.65
2025-04-14,Boston,SKU-1002,Grocery,8.2,0,0,0.717,136,476,1115.2
2025-04-15,Boston,SKU-1002,Grocery,8.72,0,0,0.622,125,527,1090.0
2025-04-16,Boston,SKU-1002,Grocery,8.41,0,0,0.711,77,630,647.57
2025-04-17,Boston,SKU-1002,Grocery,8.19,0,0,0.528,145,378,1187.55
2025-04-18,Boston,SKU-1002,Grocery,8.58,0,0,0.715,142,531,1218.36
2025-04-19,Boston,SKU-1002,Grocery,8.51,0,0,0.632,135,360,1148.85
2025-04-20,Boston,SKU-1002,Grocery,8.58,0,0,0.581,185,225,1587.3
2025-04-21,Boston,SKU-1002,Grocery,8.51,0,0,0.652,100,322,851.0
2025-04-22,Boston,SKU-1002,Grocery,8.64,0,0,0.586,106,208,915.84
2025-04-23,Boston,SKU-1002,Grocery,8.61,0,0,0.762,133,529,1145.13
2025-04-24,Boston,SKU-1002,Grocery,8.26,0,0,0.503,88,589,726.88
2025-04-25,Boston,SKU-1002,Grocery,8.49,0,0,0.483,152,88,1290.48
2025-04-26,Boston,SKU-1002,Grocery,8.33,0,0,0.785,147,582,1224.51
2025-04-27,Boston,SKU-1002,Grocery,8.36,0,0,0.738,157,653,1312.52
2025-04-28,Boston,SKU-1002,Grocery,8.53,0,0,0.674,139,578,1185.67
2025-04-29,Boston,SKU-1002,Grocery,7.43,1,0,0.484,123,570,913.89
2025-04-30,Boston,SKU-1002,Grocery,8.65,0,0,0.533,82,261,709.3
2024-01-01,Boston,SKU-2001,Health,12.89,0,0,0.687,42,194,541.38
2024-01-02,Boston,SKU-2001,Health,12.99,0,0,0.536,50,254,649.5
2024-01-03,Boston,SKU-2001,Health,13.02,0,0,0.74,26,333,338.52
2024-01-04,Boston,SKU-2001,Health,13.34,0,0,0.788,30,238,400.2
2024-01-05,Boston,SKU-2001,Health,12.92,0,0,0.629,58,119,749.36
2024-01-06,Boston,SKU-2001,Health,12.99,0,0,0.651,58,250,753.42
2024-01-07,Boston,SKU-2001,Health,12.84,0,0,0.844,56,267,719.04
2024-01-08,Boston,SKU-2001,Health,12.72,0,0,0.685,37,405,470.64
2024-01-09,Boston,SKU-2001,Health,11.72,1,0,0.832,42,142,492.24
2024-01-10,Boston,SKU-2001,Health,13.15,0,0,0.789,50,219,657.5
2024-01-11,Boston,SKU-2001,Health,12.8,0,0,0.696,37,173,473.6
2024-01-12,Boston,SKU-2001,Health,12.98,0,0,0.555,66,200,856.68
2024-01-13,Boston,SKU-2001,Health,13.01,0,0,0.88,40,158,520.4
2024-01-14,Boston,SKU-2001,Health,13.5,0,0,0.588,41,199,553.5
2024-01-15,Boston,SKU-2001,Health,12.85,0,0,0.699,58,219,745.3
2024-01-16,Boston,SKU-2001,Health,12.85,0,0,0.606,39,199,501.15
2024-01-17,Boston,SKU-2001,Health,13.03,0,0,0.677,45,256,586.35
2024-01-18,Boston,SKU-2001,Health,13.1,0,0,0.51,55,155,720.5
2024-01-19,Boston,SKU-2001,Health,13.09,0,0,0.796,60,225,785.4
2024-01-20,Boston,SKU-2001,Health,13.02,0,0,0.713,50,236,651.0
2024-01-21,Boston,SKU-2001,Health,13.05,0,0,0.429,63,239,822.15
2024-01-22,Boston,SKU-2001,Health,12.86,0,0,0.596,37,375,475.82
2024-01-23,Boston,SKU-2001,Health,13.03,0,0,0.779,37,234,482.11
2024-01-24,Boston,SKU-2001,Health,12.98,0,0,0.753,46,217,597.08
2024-01-25,Boston,SKU-2001,Health,13.2,0,0,0.676,47,249,620.4
2024-01-26,Boston,SKU-2001,Health,13.05,0,0,0.563,60,233,783.0
2024-01-27,Boston,SKU-2001,Health,13.03,0,0,0.687,54,254,703.62
2024-01-28,Boston,SKU-2001,Health,13.19,0,0,0.711,69,214,910.11
2024-01-29,Boston,SKU-2001,Health,12.98,0,0,0.622,56,198,726.88
2024-01-30,Boston,SKU-2001,Health,13.22,0,0,0.806,53,253,700.66
2024-01-31,Boston,SKU-2001,Health,13.32,0,0,0.805,53,322,705.96
2024-02-01,Boston,SKU-2001,Health,13.28,0,0,0.807,44,362,584.32
2024-02-02,Boston,SKU-2001,Health,13.06,0,0,0.786,62,328,809.72
2024-02-03,Boston,SKU-2001,Health,13.06,0,0,0.875,55,153,718.3
2024-02-04,Boston,SKU-2001,Health,12.9,0,0,0.633,67,198,864.3
2024-02-05,Boston,SKU-2001,Health,12.92,0,0,0.736,52,313,671.84
2024-02-06,Boston,SKU-2001,Health,12.66,0,0,0.829,34,282,430.44
2024-02-07,Boston,SKU-2001,Health,12.67,0,0,0.672,51,301,646.17
2024-02-08,Boston,SKU-2001,Health,13.22,0,0,0.891,46,270,608.12
2024-02-09,Boston,SKU-2001,Health,13.04,0,0,0.704,61,235,795.44
2024-02-10,Boston,SKU-2001,Health,13.09,0,0,0.868,67,291,877.03
2024-02-11,Boston,SKU-2001,Health,11.9,1,0,0.832,88,204,1047.2
2024-02-12,Boston,SKU-2001,Health,12.81,0,0,0.57,50,265,640.5
2024-02-13,Boston,SKU-2001,Health,12.7,0,0,0.671,43,237,546.1
2024-02-14,Boston,SKU-2001,Health,12.9,0,0,0.856,48,338,619.2
2024-02-15,Boston,SKU-2001,Health,13.09,0,0,0.708,41,153,536.69
2024-02-16,Boston,SKU-2001,Health,13.24,0,0,0.637,40,333,529.6
2024-02-17,Boston,SKU-2001,Health,12.38,0,0,0.614,53,162,656.14
2024-02-18,Boston,SKU-2001,Health,11.69,1,0,1.0,72,219,841.68
2024-02-19,Boston,SKU-2001,Health,13.1,0,0,0.61,43,199,563.3
2024-02-20,Boston,SKU-2001,Health,11.8,1,0,0.72,69,254,814.2
2024-02-21,Boston,SKU-2001,Health,12.67,0,0,0.93,45,75,570.15
2024-02-22,Boston,SKU-2001,Health,12.68,0,0,0.892,47,285,595.96
2024-02-23,Boston,SKU-2001,Health,13.05,0,0,0.725,47,277,613.35
2024-02-24,Boston,SKU-2001,Health,13.03,0,0,0.785,31,170,403.93
2024-02-25,Boston,SKU-2001,Health,12.81,0,0,1.0,55,172,704.55
2024-02-26,Boston,SKU-2001,Health,12.76,0,0,0.85,51,268,650.76
2024-02-27,Boston,SKU-2001,Health,12.78,0,0,0.814,37,208,472.86
2024-02-28,Boston,SKU-2001,Health,12.64,0,0,0.612,47,188,594.08
2024-02-29,Boston,SKU-2001,Health,11.49,1,0,0.735,74,234,850.26
2024-03-01,Boston,SKU-2001,Health,11.84,1,0,0.695,89,151,1053.76
2024-03-02,Boston,SKU-2001,Health,13.01,0,0,0.74,39,239,507.39
2024-03-03,Boston,SKU-2001,Health,11.81,1,0,0.758,70,314,826.7
2024-03-04,Boston,SKU-2001,Health,11.65,1,0,0.735,65,153,757.25
2024-03-05,Boston,SKU-2001,Health,13.1,0,0,1.0,42,164,550.2
2024-03-06,Boston,SKU-2001,Health,13.16,0,0,0.66,40,154,526.4
2024-03-07,Boston,SKU-2001,Health,12.94,0,0,0.674,46,399,595.24
2024-03-08,Boston,SKU-2001,Health,12.85,0,0,0.749,53,292,681.05
2024-03-09,Boston,SKU-2001,Health,13.27,0,0,0.813,74,194,981.98
2024-03-10,Boston,SKU-2001,Health,12.82,0,0,0.982,47,219,602.54
2024-03-11,Boston,SKU-2001,Health,12.8,0,0,0.639,50,273,640.0
2024-03-12,Boston,SKU-2001,Health,13.2,0,0,0.923,58,141,765.6
2024-03-13,Boston,SKU-2001,Health,12.66,0,0,0.847,49,219,620.34
2024-03-14,Boston,SKU-2001,Health,13.22,0,0,0.849,34,191,449.48
2024-03-15,Boston,SKU-2001,Health,13.01,0,0,0.904,30,206,390.3
2024-03-16,Boston,SKU-2001,Health,13.18,0,0,0.65,35,241,461.3
2024-03-17,Boston,SKU-2001,Health,13.09,0,0,0.901,59,388,772.31
2024-03-18,Boston,SKU-2001,Health,11.9,1,0,0.707,42,163,499.8
2024-03-19,Boston,SKU-2001,Health,13.08,0,0,0.719,47,352,614.76
2024-03-20,Boston,SKU-2001,Health,13.02,0,0,0.954,53,195,690.06
2024-03-21,Boston,SKU-2001,Health,12.91,0,0,0.646,48,338,619.68
2024-03-22,Boston,SKU-2001,Health,13.16,0,0,0.706,64,275,842.24
2024-03-23,Boston,SKU-2001,Health,13.03,0,0,0.601,42,202,547.26
2024-03-24,Boston,SKU-2001,Health,13.14,0,0,0.757,50,318,657.0
2024-03-25,Boston,SKU-2001,Health,13.0,0,0,0.796,41,319,533.0
2024-03-26,Boston,SKU-2001,Health,13.29,0,0,0.543,44,202,584.76
2024-03-27,Boston,SKU-2001,Health,12.8,0,0,1.0,42,259,537.6
2024-03-28,Boston,SKU-2001,Health,12.84,0,0,0.823,40,106,513.6
2024-03-29,Boston,SKU-2001,Health,13.23,0,0,0.452,70,119,926.1
2024-03-30,Boston,SKU-2001,Health,13.16,0,0,0.758,71,182,934.36
2024-03-31,Boston,SKU-2001,Health,12.79,0,0,0.803,64,220,818.56
2024-04-01,Boston,SKU-2001,Health,13.13,0,0,0.546,61,260,800.93
2024-04-02,Boston,SKU-2001,Health,13.42,0,0,0.925,51,318,684.42
2024-04-03,Boston,SKU-2001,Health,13.15,0,0,0.573,59,290,775.85
2024-04-04,Boston,SKU-2001,Health,13.18,0,0,0.714,44,149,579.92
2024-04-05,Boston,SKU-2001,Health,12.17,1,0,0.668,78,222,949.26
2024-04-06,Boston,SKU-2001,Health,12.8,0,0,0.668,69,218,883.2
2024-04-07,Boston,SKU-2001,Health,11.76,1,0,0.813,70,101,823.2
2024-04-08,Boston,SKU-2001,Health,12.58,0,0,0.66,50,315,629.0
2024-04-09,Boston,SKU-2001,Health,13.21,0,0,0.601,53,333,700.13
2024-04-10,Boston,SKU-2001,Health,13.22,0,0,0.626,60,256,793.2
2024-04-11,Boston,SKU-2001,Health,13.35,0,0,0.702,36,192,480.6
2024-04-12,Boston,SKU-2001,Health,12.93,0,0,0.88,56,273,724.08
2024-04-13,Boston,SKU-2001,Health,12.97,0,0,0.946,49,291,635.53
2024-04-14,Boston,SKU-2001,Health,12.71,0,0,0.771,50,331,635.5
2024-04-15,Boston,SKU-2001,Health,13.07,0,0,0.462,50,275,653.5
2024-04-16,Boston,SKU-2001,Health,12.83,0,0,0.732,60,187,769.8
2024-04-17,Boston,SKU-2001,Health,12.75,0,0,0.613,39,276,497.25
2024-04-18,Boston,SKU-2001,Health,11.73,1,0,0.769,32,115,375.36
2024-04-19,Boston,SKU-2001,Health,12.7,0,0,0.621,63,206,800.1
2024-04-20,Boston,SKU-2001,Health,13.04,0,0,0.805,59,231,769.36
2024-04-21,Boston,SKU-2001,Health,12.81,0,0,0.629,65,166,832.65
2024-04-22,Boston,SKU-2001,Health,12.43,0,0,0.593,49,166,609.07
2024-04-23,Boston,SKU-2001,Health,13.17,0,0,0.685,66,250,869.22
2024-04-24,Boston,SKU-2001,Health,13.32,0,0,0.419,53,300,705.96
2024-04-25,Boston,SKU-2001,Health,12.93,0,0,0.56,61,234,788.73
2024-04-26,Boston,SKU-2001,Health,13.05,0,0,0.633,51,275,665.55
2024-04-27,Boston,SKU-2001,Health,13.12,0,0,0.692,61,203,800.32
2024-04-28,Boston,SKU-2001,Health,12.87,0,0,0.724,43,269,553.41
2024-04-29,Boston,SKU-2001,Health,12.81,0,0,0.521,35,211,448.35
2024-04-30,Boston,SKU-2001,Health,12.9,0,0,0.688,46,266,593.4
2024-05-01,Boston,SKU-2001,Health,12.95,0,0,0.616,46,238,595.7
2024-05-02,Boston,SKU-2001,Health,12.79,0,0,0.726,36,251,460.44
2024-05-03,Boston,SKU-2001,Health,11.78,1,0,0.636,70,163,824.6
2024-05-04,Boston,SKU-2001,Health,13.07,0,0,0.698,72,199,941.04
2024-05-05,Boston,SKU-2001,Health,13.43,0,0,0.551,66,198,886.38
2024-05-06,Boston,SKU-2001,Health,12.75,0,0,0.3,57,284,726.75
2024-05-07,Boston,SKU-2001,Health,13.15,0,0,0.511,50,315,657.5
2024-05-08,Boston,SKU-2001,Health,13.06,0,0,0.817,51,234,666.06
2024-05-09,Boston,SKU-2001,Health,12.92,0,0,0.659,44,317,568.48
2024-05-10,Boston,SKU-2001,Health,12.91,0,0,0.534,40,251,516.4
2024-05-11,Boston,SKU-2001,Health,12.63,0,0,0.607,62,274,783.06
2024-05-12,Boston,SKU-2001,Health,12.96,0,0,0.683,48,311,622.08
2024-05-13,Boston,SKU-2001,Health,13.07,0,0,0.67,38,215,496.66
2024-05-14,Boston,SKU-2001,Health,12.76,0,0,0.77,44,226,561.44
2024-05-15,Boston,SKU-2001,Health,13.07,0,0,0.71,38,210,496.66
2024-05-16,Boston,SKU-2001,Health,13.1,0,0,0.592,61,402,799.1
2024-05-17,Boston,SKU-2001,Health,11.89,1,0,0.716,76,288,903.64
2024-05-18,Boston,SKU-2001,Health,11.48,1,0,0.555,68,273,780.64
2024-05-19,Boston,SKU-2001,Health,11.32,1,0,0.646,62,237,701.84
2024-05-20,Boston,SKU-2001,Health,11.53,1,0,0.677,53,292,611.09
2024-05-21,Boston,SKU-2001,Health,13.15,0,0,0.553,57,300,749.55
2024-05-22,Boston,SKU-2001,Health,13.04,0,0,0.328,58,193,756.32
2024-05-23,Boston,SKU-2001,Health,12.98,0,0,0.513,61,274,791.78
2024-05-24,Boston,SKU-2001,Health,12.55,0,0,0.419,44,280,552.2
2024-05-25,Boston,SKU-2001,Health,12.81,0,0,0.557,42,229,538.02
2024-05-26,Boston,SKU-2001,Health,11.77,1,0,0.299,44,257,517.88
2024-05-27,Boston,SKU-2001,Health,13.41,0,0,0.36,40,270,536.4
2024-05-28,Boston,SKU-2001,Health,12.78,0,0,0.604,46,212,587.88
2024-05-29,Boston,SKU-2001,Health,12.96,0,0,0.506,38,191,492.48
2024-05-30,Boston,SKU-2001,Health,12.63,0,0,0.637,45,160,568.35
2024-05-31,Boston,SKU-2001,Health,12.73,0,0,0.709,70,147,891.1
2024-06-01,Boston,SKU-2001,Health,12.62,0,0,0.557,65,294,820.3
2024-06-02,Boston,SKU-2001,Health,12.77,0,0,0.733,48,188,612.96
2024-06-03,Boston,SKU-2001,Health,12.95,0,0,0.484,46,180,595.7
2024-06-04,Boston,SKU-2001,Health,13.13,0,0,0.595,44,194,577.72
2024-06-05,Boston,SKU-2001,Health,13.0,0,0,0.487,66,124,858.0
2024-06-06,Boston,SKU-2001,Health,12.66,0,0,0.415,34,178,430.44
2024-06-07,Boston,SKU-2001,Health,11.68,1,0,0.629,68,288,794.24
2024-06-08,Boston,SKU-2001,Health,13.08,0,0,0.403,62,236,810.96
2024-06-09,Boston,SKU-2001,Health,13.14,0,0,0.24,52,271,683.28
2024-06-10,Boston,SKU-2001,Health,12.53,0,0,0.695,42,367,526.26
2024-06-11,Boston,SKU-2001,Health,12.5,0,0,0.432,44,279,550.0
2024-06-12,Boston,SKU-2001,Health,13.02,0,0,0.603,41,265,533.82
2024-06-13,Boston,SKU-2001,Health,12.83,0,0,0.114,42,241,538.86
2024-06-14,Boston,SKU-2001,Health,12.88,0,0,0.465,56,50,721.28
2024-06-15,Boston,SKU-2001,Health,12.95,0,0,0.476,41,231,530.95
2024-06-16,Boston,SKU-2001,Health,12.71,0,0,0.369,74,203,940.54
2024-06-17,Boston,SKU-2001,Health,12.93,0,0,0.394,54,250,698.22
2024-06-18,Boston,SKU-2001,Health,13.2,0,0,0.127,46,292,607.2
2024-06-19,Boston,SKU-2001,Health,11.78,1,0,0.317,61,270,718.58
2024-06-20,Boston,SKU-2001,Health,13.13,0,0,0.74,47,322,617.11
2024-06-21,Boston,SKU-2001,Health,12.7,0,0,0.251,56,305,711.2
2024-06-22,Boston,SKU-2001,Health,12.95,0,0,0.546,57,105,738.15
2024-06-23,Boston,SKU-2001,Health,13.13,0,0,0.499,47,266,617.11
2024-06-24,Boston,SKU-2001,Health,13.1,0,0,0.546,53,337,694.3
2024-06-25,Boston,SKU-2001,Health,13.24,0,0,0.452,36,390,476.64
2024-06-26,Boston,SKU-2001,Health,13.18,0,0,0.359,46,361,606.28
2024-06-27,Boston,SKU-2001,Health,13.28,0,0,0.526,40,404,531.2
2024-06-28,Boston,SKU-2001,Health,13.07,0,0,0.64,62,352,810.34
2024-06-29,Boston,SKU-2001,Health,13.02,0,0,0.35,55,260,716.1
