data/raw/retail_daily_sales.csv
date,store,sku,category,price,promotion,holiday,weather_index,units_sold,inventory_on_hand,revenue
2024-06-30,Boston,SKU-2001,Health,12.84,0,0,0.315,52,165,667.68
2024-07-01,Boston,SKU-2001,Health,12.91,0,0,0.522,36,88,464.76
2024-07-02,Boston,SKU-2001,Health,12.88,0,0,0.284,57,316,734.16
2024-07-03,Boston,SKU-2001,Health,12.94,0,0,0.279,49,310,634.06
2024-07-04,Boston,SKU-2001,Health,13.06,0,1,0.389,67,399,875.02
2024-07-05,Boston,SKU-2001,Health,12.92,0,0,0.352,43,300,555.56
2024-07-06,Boston,SKU-2001,Health,13.14,0,0,0.134,35,321,459.9
2024-07-07,Boston,SKU-2001,Health,11.64,1,0,0.583,71,296,826.44
2024-07-08,Boston,SKU-2001,Health,13.34,0,0,0.482,48,251,640.32
2024-07-09,Boston,SKU-2001,Health,12.86,0,0,0.324,37,249,475.82
2024-07-10,Boston,SKU-2001,Health,12.96,0,0,0.517,25,329,324.0
2024-07-11,Boston,SKU-2001,Health,13.0,0,0,0.516,50,261,650.0
2024-07-12,Boston,SKU-2001,Health,13.14,0,0,0.314,63,247,827.82
2024-07-13,Boston,SKU-2001,Health,13.18,0,0,0.618,50,354,659.0
2024-07-14,Boston,SKU-2001,Health,13.03,0,0,0.348,68,162,886.04
2024-07-15,Boston,SKU-2001,Health,11.91,1,0,0.585,52,159,619.32
2024-07-16,Boston,SKU-2001,Health,12.79,0,0,0.344,44,222,562.76
2024-07-17,Boston,SKU-2001,Health,13.32,0,0,0.354,46,241,612.72
2024-07-18,Boston,SKU-2001,Health,12.84,0,0,0.311,40,347,513.6
2024-07-19,Boston,SKU-2001,Health,13.01,0,0,0.388,47,224,611.47
2024-07-20,Boston,SKU-2001,Health,12.92,0,0,0.514,54,332,697.68
2024-07-21,Boston,SKU-2001,Health,13.05,0,0,0.334,39,191,508.95
2024-07-22,Boston,SKU-2001,Health,12.87,0,0,0.391,57,98,733.59
2024-07-23,Boston,SKU-2001,Health,12.9,0,0,0.149,45,122,580.5
2024-07-24,Boston,SKU-2001,Health,12.74,0,0,0.53,39,87,496.86
2024-07-25,Boston,SKU-2001,Health,11.76,1,0,0.199,48,294,564.48
2024-07-26,Boston,SKU-2001,Health,13.08,0,0,0.516,56,278,732.48
2024-07-27,Boston,SKU-2001,Health,13.01,0,0,0.375,51,207,663.51
2024-07-28,Boston,SKU-2001,Health,11.6,1,0,0.38,64,289,742.4
2024-07-29,Boston,SKU-2001,Health,12.85,0,0,0.366,36,286,462.6
2024-07-30,Boston,SKU-2001,Health,13.31,0,0,0.404,31,223,412.61
2024-07-31,Boston,SKU-2001,Health,13.31,0,0,0.239,28,206,372.68
2024-08-01,Boston,SKU-2001,Health,13.08,0,0,0.226,38,372,497.04
2024-08-02,Boston,SKU-2001,Health,13.04,0,0,0.194,57,280,743.28
2024-08-03,Boston,SKU-2001,Health,12.8,0,0,0.468,41,294,524.8
2024-08-04,Boston,SKU-2001,Health,13.09,0,0,0.41,47,288,615.23
2024-08-05,Boston,SKU-2001,Health,12.91,0,0,0.602,34,357,438.94
2024-08-06,Boston,SKU-2001,Health,13.34,0,0,0.335,33,238,440.22
2024-08-07,Boston,SKU-2001,Health,12.98,0,0,0.325,51,231,661.98
2024-08-08,Boston,SKU-2001,Health,13.15,0,0,0.544,50,272,657.5
2024-08-09,Boston,SKU-2001,Health,12.81,0,0,0.399,37,132,473.97
2024-08-10,Boston,SKU-2001,Health,12.94,0,0,0.481,52,312,672.88
2024-08-11,Boston,SKU-2001,Health,13.13,0,0,0.317,48,354,630.24
2024-08-12,Boston,SKU-2001,Health,12.96,0,0,0.399,32,163,414.72
2024-08-13,Boston,SKU-2001,Health,12.85,0,0,0.565,33,183,424.05
2024-08-14,Boston,SKU-2001,Health,13.03,0,0,0.389,48,234,625.44
2024-08-15,Boston,SKU-2001,Health,12.77,0,0,0.524,34,224,434.18
2024-08-16,Boston,SKU-2001,Health,13.04,0,0,0.354,46,205,599.84
2024-08-17,Boston,SKU-2001,Health,13.17,0,0,0.36,58,220,763.86
2024-08-18,Boston,SKU-2001,Health,12.99,0,0,0.355,47,368,610.53
2024-08-19,Boston,SKU-2001,Health,12.9,0,0,0.342,44,280,567.6
2024-08-20,Boston,SKU-2001,Health,12.81,0,0,0.379,43,317,550.83
2024-08-21,Boston,SKU-2001,Health,13.29,0,0,0.291,27,239,358.83
2024-08-22,Boston,SKU-2001,Health,12.7,0,0,0.164,42,138,533.4
2024-08-23,Boston,SKU-2001,Health,12.84,0,0,0.25,48,179,616.32
2024-08-24,Boston,SKU-2001,Health,13.11,0,0,0.482,47,182,616.17
2024-08-25,Boston,SKU-2001,Health,12.95,0,0,0.336,66,159,854.7
2024-08-26,Boston,SKU-2001,Health,12.92,0,0,0.351,34,238,439.28
2024-08-27,Boston,SKU-2001,Health,13.6,0,0,0.317,45,268,612.0
2024-08-28,Boston,SKU-2001,Health,12.68,0,0,0.422,31,232,393.08
2024-08-29,Boston,SKU-2001,Health,11.4,1,0,0.418,43,209,490.2
2024-08-30,Boston,SKU-2001,Health,12.94,0,0,0.738,53,437,685.82
2024-08-31,Boston,SKU-2001,Health,12.75,0,0,0.333,40,474,510.0
2024-09-01,Boston,SKU-2001,Health,12.71,0,0,0.437,38,309,482.98
2024-09-02,Boston,SKU-2001,Health,11.37,1,0,0.315,41,214,466.17
2024-09-03,Boston,SKU-2001,Health,13.41,0,0,0.415,30,262,402.3
2024-09-04,Boston,SKU-2001,Health,13.05,0,0,0.186,43,307,561.15
2024-09-05,Boston,SKU-2001,Health,13.05,0,0,0.234,35,275,456.75
2024-09-06,Boston,SKU-2001,Health,13.02,0,0,0.323,56,209,729.12
2024-09-07,Boston,SKU-2001,Health,13.09,0,0,0.321,53,139,693.77
2024-09-08,Boston,SKU-2001,Health,13.11,0,0,0.358,48,204,629.28
2024-09-09,Boston,SKU-2001,Health,13.03,0,0,0.449,37,198,482.11
2024-09-10,Boston,SKU-2001,Health,12.87,0,0,0.432,37,254,476.19
2024-09-11,Boston,SKU-2001,Health,13.33,0,0,0.138,44,257,586.52
2024-09-12,Boston,SKU-2001,Health,12.47,0,0,0.481,43,195,536.21
2024-09-13,Boston,SKU-2001,Health,12.65,0,0,0.434,52,279,657.8
2024-09-14,Boston,SKU-2001,Health,11.77,1,0,0.3,49,263,576.73
2024-09-15,Boston,SKU-2001,Health,12.51,0,0,0.43,48,204,600.48
2024-09-16,Boston,SKU-2001,Health,13.11,0,0,0.43,28,276,367.08
2024-09-17,Boston,SKU-2001,Health,12.8,0,0,0.408,41,298,524.8
2024-09-18,Boston,SKU-2001,Health,13.02,0,0,0.29,30,259,390.6
2024-09-19,Boston,SKU-2001,Health,13.08,0,0,0.533,25,272,327.0
2024-09-20,Boston,SKU-2001,Health,13.02,0,0,0.39,55,304,716.1
2024-09-21,Boston,SKU-2001,Health,12.91,0,0,0.279,40,292,516.4
2024-09-22,Boston,SKU-2001,Health,12.86,0,0,0.318,60,172,771.6
2024-09-23,Boston,SKU-2001,Health,12.85,0,0,0.257,31,281,398.35
2024-09-24,Boston,SKU-2001,Health,12.95,0,0,0.484,39,351,505.05
2024-09-25,Boston,SKU-2001,Health,12.72,0,0,0.415,42,278,534.24
2024-09-26,Boston,SKU-2001,Health,11.6,1,0,0.459,31,194,359.6
2024-09-27,Boston,SKU-2001,Health,12.98,0,0,0.55,43,178,558.14
2024-09-28,Boston,SKU-2001,Health,13.0,0,0,0.434,44,291,572.0
2024-09-29,Boston,SKU-2001,Health,11.59,1,0,0.234,54,164,625.86
2024-09-30,Boston,SKU-2001,Health,13.29,0,0,0.549,41,249,544.89
2024-10-01,Boston,SKU-2001,Health,13.37,0,0,0.303,39,169,521.43
2024-10-02,Boston,SKU-2001,Health,12.75,0,0,0.262,37,286,471.75
2024-10-03,Boston,SKU-2001,Health,13.14,0,0,0.437,39,256,512.46
2024-10-04,Boston,SKU-2001,Health,12.51,0,0,0.47,29,351,362.79
2024-10-05,Boston,SKU-2001,Health,13.52,0,0,0.42,42,312,567.84
2024-10-06,Boston,SKU-2001,Health,12.73,0,0,0.488,42,187,534.66
2024-10-07,Boston,SKU-2001,Health,13.17,0,0,0.391,32,237,421.44
2024-10-08,Boston,SKU-2001,Health,12.78,0,0,0.383,34,184,434.52
2024-10-09,Boston,SKU-2001,Health,12.72,0,0,0.494,45,254,572.4
2024-10-10,Boston,SKU-2001,Health,12.89,0,0,0.574,35,105,451.15
2024-10-11,Boston,SKU-2001,Health,13.11,0,0,0.105,45,291,589.95
2024-10-12,Boston,SKU-2001,Health,13.16,0,0,0.455,54,245,710.64
2024-10-13,Boston,SKU-2001,Health,12.91,0,0,0.309,44,295,568.04
2024-10-14,Boston,SKU-2001,Health,12.98,0,0,0.422,31,259,402.38
2024-10-15,Boston,SKU-2001,Health,13.55,0,0,0.265,36,282,487.8
2024-10-16,Boston,SKU-2001,Health,13.09,0,0,0.384,26,323,340.34
2024-10-17,Boston,SKU-2001,Health,12.88,0,0,0.381,25,323,322.0
2024-10-18,Boston,SKU-2001,Health,12.98,0,0,0.467,46,136,597.08
2024-10-19,Boston,SKU-2001,Health,13.12,0,0,0.328,34,247,446.08
2024-10-20,Boston,SKU-2001,Health,12.82,0,0,0.483,47,343,602.54
2024-10-21,Boston,SKU-2001,Health,12.73,0,0,0.277,38,311,483.74
2024-10-22,Boston,SKU-2001,Health,12.96,0,0,0.55,41,69,531.36
2024-10-23,Boston,SKU-2001,Health,12.89,0,0,0.406,36,225,464.04
2024-10-24,Boston,SKU-2001,Health,12.79,0,0,0.631,36,415,460.44
2024-10-25,Boston,SKU-2001,Health,12.78,0,0,0.446,45,214,575.1
2024-10-26,Boston,SKU-2001,Health,13.08,0,0,0.314,47,301,614.76
2024-10-27,Boston,SKU-2001,Health,13.08,0,0,0.169,45,378,588.6
2024-10-28,Boston,SKU-2001,Health,13.1,0,0,0.308,39,335,510.9
2024-10-29,Boston,SKU-2001,Health,13.0,0,0,0.601,32,257,416.0
2024-10-30,Boston,SKU-2001,Health,13.19,0,0,0.499,33,261,435.27
2024-10-31,Boston,SKU-2001,Health,13.22,0,0,0.686,24,299,317.28
2024-11-01,Boston,SKU-2001,Health,12.9,0,0,0.423,61,364,786.9
2024-11-02,Boston,SKU-2001,Health,13.14,0,0,0.56,55,177,722.7
2024-11-03,Boston,SKU-2001,Health,11.8,1,0,0.494,74,246,873.2
2024-11-04,Boston,SKU-2001,Health,12.97,0,0,0.363,49,340,635.53
2024-11-05,Boston,SKU-2001,Health,13.39,0,0,0.652,34,259,455.26
2024-11-06,Boston,SKU-2001,Health,13.23,0,0,0.657,40,258,529.2
2024-11-07,Boston,SKU-2001,Health,12.87,0,0,0.573,31,283,398.97
2024-11-08,Boston,SKU-2001,Health,11.75,1,0,0.623,73,209,857.75
2024-11-09,Boston,SKU-2001,Health,13.12,0,0,0.276,40,292,524.8
2024-11-10,Boston,SKU-2001,Health,13.35,0,0,0.448,37,214,493.95
2024-11-11,Boston,SKU-2001,Health,12.79,0,0,0.611,45,292,575.55
2024-11-12,Boston,SKU-2001,Health,13.35,0,0,0.496,43,232,574.05
2024-11-13,Boston,SKU-2001,Health,12.96,0,0,0.511,32,299,414.72
2024-11-14,Boston,SKU-2001,Health,12.93,0,0,0.405,39,357,504.27
2024-11-15,Boston,SKU-2001,Health,13.38,0,0,0.491,38,157,508.44
2024-11-16,Boston,SKU-2001,Health,12.94,0,0,0.462,39,164,504.66
2024-11-17,Boston,SKU-2001,Health,13.34,0,0,0.765,52,196,693.68
2024-11-18,Boston,SKU-2001,Health,11.65,1,0,0.593,61,273,710.65
2024-11-19,Boston,SKU-2001,Health,13.08,0,0,0.585,30,321,392.4
2024-11-20,Boston,SKU-2001,Health,13.07,0,0,0.322,41,314,535.87
2024-11-21,Boston,SKU-2001,Health,12.9,0,0,0.537,44,352,567.6
2024-11-22,Boston,SKU-2001,Health,12.68,0,0,0.777,54,102,684.72
2024-11-23,Boston,SKU-2001,Health,12.84,0,0,0.684,55,236,706.2
2024-11-24,Boston,SKU-2001,Health,13.0,0,0,0.508,47,269,611.0
2024-11-25,Boston,SKU-2001,Health,12.98,0,0,0.753,43,249,558.14
2024-11-26,Boston,SKU-2001,Health,13.2,0,0,0.621,46,156,607.2
2024-11-27,Boston,SKU-2001,Health,13.09,0,0,0.86,25,248,327.25
2024-11-28,Boston,SKU-2001,Health,13.33,0,0,0.68,27,356,359.91
2024-11-29,Boston,SKU-2001,Health,12.67,0,1,0.56,61,302,772.87
2024-11-30,Boston,SKU-2001,Health,11.88,1,0,0.761,63,304,748.44
2024-12-01,Boston,SKU-2001,Health,13.02,0,1,0.641,44,295,572.88
2024-12-02,Boston,SKU-2001,Health,12.9,0,1,0.631,37,217,477.3
2024-12-03,Boston,SKU-2001,Health,13.2,0,1,0.452,33,173,435.6
2024-12-04,Boston,SKU-2001,Health,13.25,0,1,0.473,60,322,795.0
2024-12-05,Boston,SKU-2001,Health,12.67,0,1,0.586,46,242,582.82
2024-12-06,Boston,SKU-2001,Health,13.04,0,1,0.674,36,150,469.44
2024-12-07,Boston,SKU-2001,Health,12.99,0,1,0.444,67,113,870.33
2024-12-08,Boston,SKU-2001,Health,13.11,0,1,0.549,51,244,668.61
2024-12-09,Boston,SKU-2001,Health,11.68,1,1,0.558,67,164,782.56
2024-12-10,Boston,SKU-2001,Health,13.01,0,1,0.598,45,172,585.45
2024-12-11,Boston,SKU-2001,Health,12.88,0,1,0.745,48,196,618.24
2024-12-12,Boston,SKU-2001,Health,12.73,0,1,0.228,36,304,458.28
2024-12-13,Boston,SKU-2001,Health,13.12,0,1,0.694,73,281,957.76
2024-12-14,Boston,SKU-2001,Health,13.08,0,1,0.582,68,135,889.44
2024-12-15,Boston,SKU-2001,Health,13.26,0,1,0.568,69,211,914.94
2024-12-16,Boston,SKU-2001,Health,13.13,0,1,0.616,37,242,485.81
2024-12-17,Boston,SKU-2001,Health,11.43,1,1,0.679,40,371,457.2
2024-12-18,Boston,SKU-2001,Health,12.99,0,1,0.833,58,189,753.42
2024-12-19,Boston,SKU-2001,Health,11.66,1,1,0.421,60,212,699.6
2024-12-20,Boston,SKU-2001,Health,12.88,0,1,0.644,74,124,953.12
2024-12-21,Boston,SKU-2001,Health,11.76,1,1,0.638,64,254,752.64
2024-12-22,Boston,SKU-2001,Health,12.73,0,1,0.654,68,281,865.64
2024-12-23,Boston,SKU-2001,Health,12.94,0,1,0.647,37,211,478.78
2024-12-24,Boston,SKU-2001,Health,13.01,0,1,0.484,38,308,494.38
2024-12-25,Boston,SKU-2001,Health,13.01,0,1,0.54,58,135,754.58
2024-12-26,Boston,SKU-2001,Health,13.02,0,1,0.595,48,334,624.96
2024-12-27,Boston,SKU-2001,Health,11.64,1,1,0.834,73,290,849.72
2024-12-28,Boston,SKU-2001,Health,13.07,0,1,0.726,45,120,588.15
2024-12-29,Boston,SKU-2001,Health,13.46,0,1,0.484,67,178,901.82
2024-12-30,Boston,SKU-2001,Health,13.06,0,1,0.585,49,309,639.94
2024-12-31,Boston,SKU-2001,Health,13.08,0,1,0.65,44,282,575.52
2025-01-01,Boston,SKU-2001,Health,12.91,0,0,0.538,41,191,529.31
2025-01-02,Boston,SKU-2001,Health,12.83,0,0,0.659,23,126,295.09
2025-01-03,Boston,SKU-2001,Health,12.85,0,0,0.788,46,217,591.1
2025-01-04,Boston,SKU-2001,Health,13.04,0,0,0.697,57,110,743.28
2025-01-05,Boston,SKU-2001,Health,12.99,0,0,0.941,47,308,610.53
2025-01-06,Boston,SKU-2001,Health,13.05,0,0,0.643,27,290,352.35
2025-01-07,Boston,SKU-2001,Health,13.0,0,0,0.797,35,370,455.0
2025-01-08,Boston,SKU-2001,Health,13.12,0,0,0.621,48,208,629.76
2025-01-09,Boston,SKU-2001,Health,12.88,0,0,0.955,35,82,450.8
2025-01-10,Boston,SKU-2001,Health,11.62,1,0,0.809,76,173,883.12
2025-01-11,Boston,SKU-2001,Health,11.69,1,0,0.501,61,348,713.09
2025-01-12,Boston,SKU-2001,Health,12.79,0,0,0.712,51,267,652.29
2025-01-13,Boston,SKU-2001,Health,13.02,0,0,0.754,39,314,507.78
2025-01-14,Boston,SKU-2001,Health,13.23,0,0,0.636,32,233,423.36
2025-01-15,Boston,SKU-2001,Health,13.01,0,0,0.62,42,208,546.42
2025-01-16,Boston,SKU-2001,Health,13.19,0,0,0.852,43,240,567.17
2025-01-17,Boston,SKU-2001,Health,12.77,0,0,0.728,52,212,664.04
2025-01-18,Boston,SKU-2001,Health,13.23,0,0,0.658,66,216,873.18
2025-01-19,Boston,SKU-2001,Health,12.76,0,0,0.776,52,294,663.52
2025-01-20,Boston,SKU-2001,Health,12.9,0,0,0.559,61,185,786.9
2025-01-21,Boston,SKU-2001,Health,12.85,0,0,0.512,35,270,449.75
2025-01-22,Boston,SKU-2001,Health,12.9,0,0,0.714,54,266,696.6
2025-01-23,Boston,SKU-2001,Health,11.83,1,0,0.911,42,317,496.86
2025-01-24,Boston,SKU-2001,Health,12.63,0,0,0.871,69,212,871.47
2025-01-25,Boston,SKU-2001,Health,13.14,0,0,0.709,40,247,525.6
2025-01-26,Boston,SKU-2001,Health,12.78,0,0,0.754,49,94,626.22
2025-01-27,Boston,SKU-2001,Health,12.89,0,0,0.747,48,268,618.72
2025-01-28,Boston,SKU-2001,Health,12.92,0,0,0.767,41,163,529.72
2025-01-29,Boston,SKU-2001,Health,11.36,1,0,0.635,62,142,704.32
2025-01-30,Boston,SKU-2001,Health,12.93,0,0,0.848,56,161,724.08
2025-01-31,Boston,SKU-2001,Health,13.08,0,0,1.0,49,388,640.92
2025-02-01,Boston,SKU-2001,Health,13.11,0,0,0.707,55,288,721.05
2025-02-02,Boston,SKU-2001,Health,13.13,0,0,0.84,60,274,787.8
2025-02-03,Boston,SKU-2001,Health,12.71,0,0,0.661,44,240,559.24
2025-02-04,Boston,SKU-2001,Health,12.99,0,0,0.845,41,209,532.59
2025-02-05,Boston,SKU-2001,Health,13.16,0,0,0.697,36,337,473.76
2025-02-06,Boston,SKU-2001,Health,13.07,0,0,0.685,50,200,653.5
2025-02-07,Boston,SKU-2001,Health,12.81,0,0,0.733,69,155,883.89
2025-02-08,Boston,SKU-2001,Health,12.96,0,0,0.537,54,377,699.84
2025-02-09,Boston,SKU-2001,Health,12.81,0,0,0.672,76,254,973.56
2025-02-10,Boston,SKU-2001,Health,12.73,0,0,0.613,40,213,509.2
2025-02-11,Boston,SKU-2001,Health,13.11,0,0,0.744,56,280,734.16
2025-02-12,Boston,SKU-2001,Health,12.7,0,0,0.451,52,330,660.4
2025-02-13,Boston,SKU-2001,Health,12.73,0,0,0.869,49,258,623.77
2025-02-14,Boston,SKU-2001,Health,12.77,0,0,0.759,52,228,664.04
2025-02-15,Boston,SKU-2001,Health,12.98,0,0,0.435,53,174,687.94
2025-02-16,Boston,SKU-2001,Health,13.07,0,0,0.694,53,269,692.71
2025-02-17,Boston,SKU-2001,Health,12.95,0,0,0.727,49,239,634.55
2025-02-18,Boston,SKU-2001,Health,13.04,0,0,1.0,45,238,586.8
2025-02-19,Boston,SKU-2001,Health,12.97,0,0,0.794,51,262,661.47
2025-02-20,Boston,SKU-2001,Health,13.09,0,0,0.732,47,201,615.23
2025-02-21,Boston,SKU-2001,Health,11.75,1,0,0.79,69,200,810.75
2025-02-22,Boston,SKU-2001,Health,13.0,0,0,0.686,68,248,884.0
2025-02-23,Boston,SKU-2001,Health,12.8,0,0,0.747,25,274,320.0
2025-02-24,Boston,SKU-2001,Health,12.76,0,0,0.964,56,193,714.56
2025-02-25,Boston,SKU-2001,Health,13.08,0,0,0.565,53,313,693.24
2025-02-26,Boston,SKU-2001,Health,11.91,1,0,0.729,58,183,690.78
2025-02-27,Boston,SKU-2001,Health,12.73,0,0,0.89,61,297,776.53
2025-02-28,Boston,SKU-2001,Health,12.79,0,0,0.601,55,266,703.45
2025-03-01,Boston,SKU-2001,Health,12.99,0,0,0.717,68,245,883.32
2025-03-02,Boston,SKU-2001,Health,13.3,0,0,0.731,70,212,931.0
2025-03-03,Boston,SKU-2001,Health,12.94,0,0,0.698,51,184,659.94
2025-03-04,Boston,SKU-2001,Health,13.07,0,0,0.74,55,205,718.85
2025-03-05,Boston,SKU-2001,Health,12.94,0,0,0.767,66,290,854.04
2025-03-06,Boston,SKU-2001,Health,12.53,0,0,0.763,55,239,689.15
2025-03-07,Boston,SKU-2001,Health,12.91,0,0,0.624,70,308,903.7
2025-03-08,Boston,SKU-2001,Health,12.86,0,0,0.633,49,159,630.14
2025-03-09,Boston,SKU-2001,Health,12.85,0,0,0.849,74,256,950.9
2025-03-10,Boston,SKU-2001,Health,12.88,0,0,0.744,49,363,631.12
2025-03-11,Boston,SKU-2001,Health,12.97,0,0,0.658,38,215,492.86
2025-03-12,Boston,SKU-2001,Health,12.79,0,0,0.818,58,220,741.82
2025-03-13,Boston,SKU-2001,Health,13.07,0,0,0.728,42,305,548.94
2025-03-14,Boston,SKU-2001,Health,11.7,1,0,0.739,84,377,982.8
2025-03-15,Boston,SKU-2001,Health,12.7,0,0,0.894,60,194,762.0
2025-03-16,Boston,SKU-2001,Health,12.85,0,0,0.858,66,302,848.1
2025-03-17,Boston,SKU-2001,Health,12.97,0,0,0.81,52,170,674.44
2025-03-18,Boston,SKU-2001,Health,12.86,0,0,0.732,37,170,475.82
2025-03-19,Boston,SKU-2001,Health,13.44,0,0,0.765,53,239,712.32
2025-03-20,Boston,SKU-2001,Health,11.93,1,0,0.804,49,290,584.57
2025-03-21,Boston,SKU-2001,Health,11.98,1,0,0.564,103,245,1233.94
2025-03-22,Boston,SKU-2001,Health,12.86,0,0,0.641,61,233,784.46
2025-03-23,Boston,SKU-2001,Health,12.73,0,0,0.553,46,355,585.58
2025-03-24,Boston,SKU-2001,Health,12.99,0,0,0.765,58,280,753.42
2025-03-25,Boston,SKU-2001,Health,13.11,0,0,0.787,40,249,524.4
2025-03-26,Boston,SKU-2001,Health,12.94,0,0,0.66,44,276,569.36
2025-03-27,Boston,SKU-2001,Health,13.1,0,0,0.602,54,298,707.4
2025-03-28,Boston,SKU-2001,Health,13.43,0,0,0.774,46,259,617.78
2025-03-29,Boston,SKU-2001,Health,12.59,0,0,0.552,61,195,767.99
2025-03-30,Boston,SKU-2001,Health,12.9,0,0,0.658,69,141,890.1
2025-03-31,Boston,SKU-2001,Health,12.83,0,0,0.707,53,198,679.99
2025-04-01,Boston,SKU-2001,Health,12.72,0,0,0.71,58,109,737.76
2025-04-02,Boston,SKU-2001,Health,12.67,0,0,0.704,55,229,696.85
2025-04-03,Boston,SKU-2001,Health,13.03,0,0,1.0,58,226,755.74
2025-04-04,Boston,SKU-2001,Health,13.04,0,0,0.751,56,142,730.24
2025-04-05,Boston,SKU-2001,Health,11.44,1,0,0.702,87,300,995.28
2025-04-06,Boston,SKU-2001,Health,11.69,1,0,0.726,61,0,713.09
