data/raw/retail_daily_sales.csv
date,store,sku,category,price,promotion,holiday,weather_index,units_sold,inventory_on_hand,revenue
2025-04-07,Boston,SKU-2001,Health,11.65,1,0,0.755,70,177,815.5
2025-04-08,Boston,SKU-2001,Health,12.69,0,0,0.514,53,222,672.57
2025-04-09,Boston,SKU-2001,Health,12.84,0,0,0.783,48,294,616.32
2025-04-10,Boston,SKU-2001,Health,12.9,0,0,0.636,60,220,774.0
2025-04-11,Boston,SKU-2001,Health,13.0,0,0,0.477,60,286,780.0
2025-04-12,Boston,SKU-2001,Health,12.89,0,0,0.588,57,164,734.73
2025-04-13,Boston,SKU-2001,Health,12.98,0,0,0.645,66,319,856.68
2025-04-14,Boston,SKU-2001,Health,13.07,0,0,0.66,45,352,588.15
2025-04-15,Boston,SKU-2001,Health,13.02,0,0,0.76,42,188,546.84
2025-04-16,Boston,SKU-2001,Health,12.98,0,0,0.667,47,220,610.06
2025-04-17,Boston,SKU-2001,Health,12.97,0,0,0.664,60,202,778.2
2025-04-18,Boston,SKU-2001,Health,13.07,0,0,0.709,69,203,901.83
2025-04-19,Boston,SKU-2001,Health,13.1,0,0,0.538,39,250,510.9
2025-04-20,Boston,SKU-2001,Health,13.0,0,0,0.599,78,263,1014.0
2025-04-21,Boston,SKU-2001,Health,12.87,0,0,0.584,57,279,733.59
2025-04-22,Boston,SKU-2001,Health,12.76,0,0,0.767,32,302,408.32
2025-04-23,Boston,SKU-2001,Health,12.9,0,0,0.78,48,126,619.2
2025-04-24,Boston,SKU-2001,Health,13.22,0,0,0.806,56,224,740.32
2025-04-25,Boston,SKU-2001,Health,12.8,0,0,0.627,75,305,960.0
2025-04-26,Boston,SKU-2001,Health,12.76,0,0,0.772,62,186,791.12
2025-04-27,Boston,SKU-2001,Health,12.76,0,0,0.875,77,141,982.52
2025-04-28,Boston,SKU-2001,Health,12.96,0,0,0.699,54,178,699.84
2025-04-29,Boston,SKU-2001,Health,13.11,0,0,0.589,55,91,721.05
2025-04-30,Boston,SKU-2001,Health,13.0,0,0,0.767,40,172,520.0
2024-01-01,Boston,SKU-2002,Health,16.82,1,0,0.68,40,222,672.8
2024-01-02,Boston,SKU-2002,Health,18.96,0,0,0.64,30,156,568.8
2024-01-03,Boston,SKU-2002,Health,18.96,0,0,0.635,31,258,587.76
2024-01-04,Boston,SKU-2002,Health,18.82,0,0,0.536,14,291,263.48
2024-01-05,Boston,SKU-2002,Health,17.02,1,0,0.726,45,230,765.9
2024-01-06,Boston,SKU-2002,Health,19.0,0,0,0.854,41,140,779.0
2024-01-07,Boston,SKU-2002,Health,17.05,1,0,0.674,40,173,682.0
2024-01-08,Boston,SKU-2002,Health,18.8,0,0,0.8,41,139,770.8
2024-01-09,Boston,SKU-2002,Health,17.21,1,0,0.696,36,177,619.56
2024-01-10,Boston,SKU-2002,Health,18.76,0,0,0.717,35,210,656.6
2024-01-11,Boston,SKU-2002,Health,19.16,0,0,0.853,20,140,383.2
2024-01-12,Boston,SKU-2002,Health,18.72,0,0,0.634,35,235,655.2
2024-01-13,Boston,SKU-2002,Health,19.29,0,0,0.526,42,247,810.18
2024-01-14,Boston,SKU-2002,Health,18.82,0,0,0.804,38,202,715.16
2024-01-15,Boston,SKU-2002,Health,18.46,0,0,0.918,35,172,646.1
2024-01-16,Boston,SKU-2002,Health,19.05,0,0,0.634,33,179,628.65
2024-01-17,Boston,SKU-2002,Health,19.04,0,0,0.738,32,184,609.28
2024-01-18,Boston,SKU-2002,Health,19.13,0,0,0.735,44,145,841.72
2024-01-19,Boston,SKU-2002,Health,18.95,0,0,0.815,42,176,795.9
2024-01-20,Boston,SKU-2002,Health,16.7,1,0,0.725,42,248,701.4
2024-01-21,Boston,SKU-2002,Health,19.09,0,0,0.651,44,121,839.96
2024-01-22,Boston,SKU-2002,Health,19.08,0,0,0.827,30,141,572.4
2024-01-23,Boston,SKU-2002,Health,18.93,0,0,0.771,33,226,624.69
2024-01-24,Boston,SKU-2002,Health,19.24,0,0,0.662,37,252,711.88
2024-01-25,Boston,SKU-2002,Health,19.04,0,0,0.819,24,153,456.96
2024-01-26,Boston,SKU-2002,Health,18.91,0,0,0.674,43,166,813.13
2024-01-27,Boston,SKU-2002,Health,18.97,0,0,0.675,42,178,796.74
2024-01-28,Boston,SKU-2002,Health,18.73,0,0,0.587,45,177,842.85
2024-01-29,Boston,SKU-2002,Health,19.1,0,0,0.83,41,59,783.1
2024-01-30,Boston,SKU-2002,Health,19.06,0,0,0.709,34,129,648.04
2024-01-31,Boston,SKU-2002,Health,19.2,0,0,0.547,34,295,652.8
2024-02-01,Boston,SKU-2002,Health,18.79,0,0,0.657,48,176,901.92
2024-02-02,Boston,SKU-2002,Health,16.78,1,0,0.498,47,288,788.66
2024-02-03,Boston,SKU-2002,Health,18.59,0,0,0.683,49,113,910.91
2024-02-04,Boston,SKU-2002,Health,19.23,0,0,0.771,48,230,923.04
2024-02-05,Boston,SKU-2002,Health,18.82,0,0,0.799,22,153,414.04
2024-02-06,Boston,SKU-2002,Health,19.16,0,0,0.626,28,180,536.48
2024-02-07,Boston,SKU-2002,Health,17.35,1,0,0.738,43,206,746.05
2024-02-08,Boston,SKU-2002,Health,19.2,0,0,0.735,26,77,499.2
2024-02-09,Boston,SKU-2002,Health,19.1,0,0,0.695,43,144,821.3
2024-02-10,Boston,SKU-2002,Health,17.02,1,0,0.687,59,216,1004.18
2024-02-11,Boston,SKU-2002,Health,18.84,0,0,0.729,55,200,1036.2
2024-02-12,Boston,SKU-2002,Health,18.94,0,0,0.726,36,198,681.84
2024-02-13,Boston,SKU-2002,Health,18.78,0,0,0.852,22,205,413.16
2024-02-14,Boston,SKU-2002,Health,18.88,0,0,0.511,41,55,774.08
2024-02-15,Boston,SKU-2002,Health,19.38,0,0,0.536,32,254,620.16
2024-02-16,Boston,SKU-2002,Health,17.75,1,0,0.668,58,155,1029.5
2024-02-17,Boston,SKU-2002,Health,18.42,0,0,0.667,32,218,589.44
2024-02-18,Boston,SKU-2002,Health,19.24,0,0,0.657,41,114,788.84
2024-02-19,Boston,SKU-2002,Health,18.82,0,0,0.5,52,273,978.64
2024-02-20,Boston,SKU-2002,Health,18.85,0,0,0.778,29,147,546.65
2024-02-21,Boston,SKU-2002,Health,18.67,0,0,0.844,31,92,578.77
2024-02-22,Boston,SKU-2002,Health,19.05,0,0,0.751,43,154,819.15
2024-02-23,Boston,SKU-2002,Health,19.27,0,0,0.704,47,141,905.69
2024-02-24,Boston,SKU-2002,Health,18.84,0,0,0.765,32,230,602.88
2024-02-25,Boston,SKU-2002,Health,19.5,0,0,0.797,45,160,877.5
2024-02-26,Boston,SKU-2002,Health,19.02,0,0,0.847,29,277,551.58
2024-02-27,Boston,SKU-2002,Health,19.09,0,0,0.78,24,157,458.16
2024-02-28,Boston,SKU-2002,Health,16.93,1,0,0.764,37,166,626.41
2024-02-29,Boston,SKU-2002,Health,18.73,0,0,0.85,38,84,711.74
2024-03-01,Boston,SKU-2002,Health,19.08,0,0,0.598,46,316,877.68
2024-03-02,Boston,SKU-2002,Health,18.7,0,0,0.882,37,224,691.9
2024-03-03,Boston,SKU-2002,Health,19.33,0,0,0.854,40,193,773.2
2024-03-04,Boston,SKU-2002,Health,18.68,0,0,0.81,43,148,803.24
2024-03-05,Boston,SKU-2002,Health,18.74,0,0,0.744,30,135,562.2
2024-03-06,Boston,SKU-2002,Health,18.91,0,0,0.527,44,158,832.04
2024-03-07,Boston,SKU-2002,Health,19.03,0,0,0.672,38,377,723.14
2024-03-08,Boston,SKU-2002,Health,19.02,0,0,0.863,29,287,551.58
2024-03-09,Boston,SKU-2002,Health,19.25,0,0,0.739,36,66,693.0
2024-03-10,Boston,SKU-2002,Health,18.82,0,0,0.656,58,166,1091.56
2024-03-11,Boston,SKU-2002,Health,18.63,0,0,0.828,43,139,801.09
2024-03-12,Boston,SKU-2002,Health,19.12,0,0,0.955,34,169,650.08
2024-03-13,Boston,SKU-2002,Health,18.5,0,0,0.734,40,198,740.0
2024-03-14,Boston,SKU-2002,Health,17.16,1,0,0.737,48,203,823.68
2024-03-15,Boston,SKU-2002,Health,19.15,0,0,0.773,31,256,593.65
2024-03-16,Boston,SKU-2002,Health,18.63,0,0,0.965,25,286,465.75
2024-03-17,Boston,SKU-2002,Health,17.61,1,0,0.774,32,168,563.52
2024-03-18,Boston,SKU-2002,Health,18.87,0,0,0.394,46,192,868.02
2024-03-19,Boston,SKU-2002,Health,19.12,0,0,0.671,31,145,592.72
2024-03-20,Boston,SKU-2002,Health,19.21,0,0,0.451,38,215,729.98
2024-03-21,Boston,SKU-2002,Health,19.39,0,0,0.868,34,170,659.26
2024-03-22,Boston,SKU-2002,Health,18.76,0,0,0.58,48,135,900.48
2024-03-23,Boston,SKU-2002,Health,19.11,0,0,0.89,40,181,764.4
2024-03-24,Boston,SKU-2002,Health,18.78,0,0,0.742,36,161,676.08
2024-03-25,Boston,SKU-2002,Health,18.56,0,0,0.685,28,159,519.68
2024-03-26,Boston,SKU-2002,Health,17.52,1,0,0.69,52,243,911.04
2024-03-27,Boston,SKU-2002,Health,18.96,0,0,0.633,33,187,625.68
2024-03-28,Boston,SKU-2002,Health,16.83,1,0,0.665,38,163,639.54
2024-03-29,Boston,SKU-2002,Health,18.99,0,0,0.559,39,285,740.61
2024-03-30,Boston,SKU-2002,Health,19.09,0,0,0.606,48,160,916.32
2024-03-31,Boston,SKU-2002,Health,18.93,0,0,0.827,27,109,511.11
2024-04-01,Boston,SKU-2002,Health,18.85,0,0,0.618,43,196,810.55
2024-04-02,Boston,SKU-2002,Health,18.69,0,0,0.792,44,126,822.36
2024-04-03,Boston,SKU-2002,Health,18.78,0,0,0.74,40,198,751.2
2024-04-04,Boston,SKU-2002,Health,18.81,0,0,0.673,48,99,902.88
2024-04-05,Boston,SKU-2002,Health,19.14,0,0,0.786,35,216,669.9
2024-04-06,Boston,SKU-2002,Health,19.22,0,0,0.674,48,183,922.56
2024-04-07,Boston,SKU-2002,Health,19.38,0,0,0.516,48,117,930.24
2024-04-08,Boston,SKU-2002,Health,18.5,0,0,0.652,27,177,499.5
2024-04-09,Boston,SKU-2002,Health,18.87,0,0,0.76,44,168,830.28
2024-04-10,Boston,SKU-2002,Health,18.73,0,0,0.84,36,136,674.28
2024-04-11,Boston,SKU-2002,Health,18.59,0,0,0.533,47,202,873.73
2024-04-12,Boston,SKU-2002,Health,18.76,0,0,0.461,54,201,1013.04
2024-04-13,Boston,SKU-2002,Health,19.31,0,0,0.639,44,148,849.64
2024-04-14,Boston,SKU-2002,Health,18.59,0,0,0.668,54,179,1003.86
2024-04-15,Boston,SKU-2002,Health,19.25,0,0,0.591,36,218,693.0
2024-04-16,Boston,SKU-2002,Health,18.83,0,0,0.959,34,259,640.22
2024-04-17,Boston,SKU-2002,Health,18.88,0,0,0.657,24,261,453.12
2024-04-18,Boston,SKU-2002,Health,17.39,1,0,0.488,50,158,869.5
2024-04-19,Boston,SKU-2002,Health,19.26,0,0,0.794,43,196,828.18
2024-04-20,Boston,SKU-2002,Health,19.54,0,0,0.734,37,290,722.98
2024-04-21,Boston,SKU-2002,Health,19.13,0,0,0.691,29,259,554.77
2024-04-22,Boston,SKU-2002,Health,19.02,0,0,0.738,37,255,703.74
2024-04-23,Boston,SKU-2002,Health,19.11,0,0,0.86,40,103,764.4
2024-04-24,Boston,SKU-2002,Health,17.41,1,0,0.545,62,192,1079.42
2024-04-25,Boston,SKU-2002,Health,19.31,0,0,0.576,31,166,598.61
2024-04-26,Boston,SKU-2002,Health,18.74,0,0,0.563,57,158,1068.18
2024-04-27,Boston,SKU-2002,Health,18.02,0,0,0.775,38,180,684.76
2024-04-28,Boston,SKU-2002,Health,19.13,0,0,0.708,53,237,1013.89
2024-04-29,Boston,SKU-2002,Health,18.78,0,0,0.587,37,197,694.86
2024-04-30,Boston,SKU-2002,Health,18.78,0,0,0.668,26,203,488.28
2024-05-01,Boston,SKU-2002,Health,17.31,1,0,0.698,61,127,1055.91
2024-05-02,Boston,SKU-2002,Health,19.04,0,0,0.458,28,184,533.12
2024-05-03,Boston,SKU-2002,Health,18.81,0,0,0.571,54,115,1015.74
2024-05-04,Boston,SKU-2002,Health,18.86,0,0,0.659,43,152,810.98
2024-05-05,Boston,SKU-2002,Health,19.1,0,0,0.228,53,197,1012.3
2024-05-06,Boston,SKU-2002,Health,19.26,0,0,0.522,50,90,963.0
2024-05-07,Boston,SKU-2002,Health,19.16,0,0,0.369,27,215,517.32
2024-05-08,Boston,SKU-2002,Health,19.55,0,0,0.849,36,164,703.8
2024-05-09,Boston,SKU-2002,Health,16.52,1,0,0.257,43,240,710.36
2024-05-10,Boston,SKU-2002,Health,19.25,0,0,0.752,46,195,885.5
2024-05-11,Boston,SKU-2002,Health,18.54,0,0,0.723,41,162,760.14
2024-05-12,Boston,SKU-2002,Health,18.97,0,0,0.641,39,231,739.83
2024-05-13,Boston,SKU-2002,Health,19.38,0,0,0.6,41,242,794.58
2024-05-14,Boston,SKU-2002,Health,19.28,0,0,0.793,35,137,674.8
2024-05-15,Boston,SKU-2002,Health,19.08,0,0,0.519,37,150,705.96
2024-05-16,Boston,SKU-2002,Health,17.26,1,0,0.587,50,137,863.0
2024-05-17,Boston,SKU-2002,Health,17.31,1,0,0.39,57,138,986.67
2024-05-18,Boston,SKU-2002,Health,18.25,0,0,0.482,46,198,839.5
2024-05-19,Boston,SKU-2002,Health,18.84,0,0,0.435,35,153,659.4
2024-05-20,Boston,SKU-2002,Health,18.95,0,0,0.477,29,155,549.55
2024-05-21,Boston,SKU-2002,Health,19.18,0,0,0.716,27,264,517.86
2024-05-22,Boston,SKU-2002,Health,17.48,1,0,0.528,46,207,804.08
2024-05-23,Boston,SKU-2002,Health,19.0,0,0,0.601,30,155,570.0
2024-05-24,Boston,SKU-2002,Health,19.28,0,0,0.487,49,179,944.72
2024-05-25,Boston,SKU-2002,Health,19.2,0,0,0.539,43,194,825.6
2024-05-26,Boston,SKU-2002,Health,19.12,0,0,0.346,38,160,726.56
2024-05-27,Boston,SKU-2002,Health,19.3,0,0,0.436,37,97,714.1
2024-05-28,Boston,SKU-2002,Health,18.59,0,0,0.577,37,150,687.83
2024-05-29,Boston,SKU-2002,Health,18.89,0,0,0.489,37,169,698.93
2024-05-30,Boston,SKU-2002,Health,19.06,0,0,0.482,31,216,590.86
2024-05-31,Boston,SKU-2002,Health,18.88,0,0,0.563,43,136,811.84
2024-06-01,Boston,SKU-2002,Health,18.78,0,0,0.517,38,142,713.64
2024-06-02,Boston,SKU-2002,Health,19.52,0,0,0.59,36,252,702.72
2024-06-03,Boston,SKU-2002,Health,19.05,0,0,0.577,34,205,647.7
2024-06-04,Boston,SKU-2002,Health,19.09,0,0,0.632,26,285,496.34
2024-06-05,Boston,SKU-2002,Health,18.86,0,0,0.729,39,255,735.54
2024-06-06,Boston,SKU-2002,Health,19.09,0,0,0.482,34,250,649.06
2024-06-07,Boston,SKU-2002,Health,18.62,0,0,0.697,55,204,1024.1
2024-06-08,Boston,SKU-2002,Health,18.73,0,0,0.339,32,199,599.36
2024-06-09,Boston,SKU-2002,Health,18.96,0,0,0.597,38,143,720.48
2024-06-10,Boston,SKU-2002,Health,18.97,0,0,0.524,43,345,815.71
2024-06-11,Boston,SKU-2002,Health,18.65,0,0,0.532,34,235,634.1
2024-06-12,Boston,SKU-2002,Health,17.25,1,0,0.713,52,225,897.0
2024-06-13,Boston,SKU-2002,Health,17.28,1,0,0.389,39,281,673.92
2024-06-14,Boston,SKU-2002,Health,19.09,0,0,0.468,25,121,477.25
2024-06-15,Boston,SKU-2002,Health,18.96,0,0,0.329,36,176,682.56
2024-06-16,Boston,SKU-2002,Health,18.78,0,0,0.51,31,188,582.18
2024-06-17,Boston,SKU-2002,Health,19.36,0,0,0.571,34,184,658.24
2024-06-18,Boston,SKU-2002,Health,18.62,0,0,0.587,42,123,782.04
2024-06-19,Boston,SKU-2002,Health,18.71,0,0,0.496,29,84,542.59
2024-06-20,Boston,SKU-2002,Health,18.68,0,0,0.478,32,201,597.76
2024-06-21,Boston,SKU-2002,Health,19.26,0,0,0.302,36,247,693.36
2024-06-22,Boston,SKU-2002,Health,18.86,0,0,0.408,37,112,697.82
2024-06-23,Boston,SKU-2002,Health,18.94,0,0,0.568,37,146,700.78
2024-06-24,Boston,SKU-2002,Health,18.96,0,0,0.533,25,172,474.0
2024-06-25,Boston,SKU-2002,Health,19.23,0,0,0.572,30,106,576.9
2024-06-26,Boston,SKU-2002,Health,19.22,0,0,0.384,26,141,499.72
2024-06-27,Boston,SKU-2002,Health,16.96,1,0,0.45,38,169,644.48
2024-06-28,Boston,SKU-2002,Health,16.67,1,0,0.373,44,240,733.48
2024-06-29,Boston,SKU-2002,Health,19.16,0,0,0.399,43,154,823.88
2024-06-30,Boston,SKU-2002,Health,17.35,1,0,0.226,40,166,694.0
2024-07-01,Boston,SKU-2002,Health,19.02,0,0,0.209,33,230,627.66
2024-07-02,Boston,SKU-2002,Health,19.42,0,0,0.472,36,135,699.12
2024-07-03,Boston,SKU-2002,Health,19.44,0,0,0.593,33,222,641.52
2024-07-04,Boston,SKU-2002,Health,19.16,0,1,0.493,26,199,498.16
2024-07-05,Boston,SKU-2002,Health,19.2,0,0,0.243,32,161,614.4
2024-07-06,Boston,SKU-2002,Health,19.29,0,0,0.348,43,149,829.47
2024-07-07,Boston,SKU-2002,Health,19.4,0,0,0.337,28,96,543.2
2024-07-08,Boston,SKU-2002,Health,19.17,0,0,0.39,38,172,728.46
2024-07-09,Boston,SKU-2002,Health,18.56,0,0,0.318,25,123,464.0
2024-07-10,Boston,SKU-2002,Health,17.13,1,0,0.478,26,234,445.38
2024-07-11,Boston,SKU-2002,Health,18.45,0,0,0.491,21,123,387.45
2024-07-12,Boston,SKU-2002,Health,18.94,0,0,0.508,38,223,719.72
2024-07-13,Boston,SKU-2002,Health,16.92,1,0,0.59,57,199,964.44
2024-07-14,Boston,SKU-2002,Health,19.09,0,0,0.413,50,162,954.5
2024-07-15,Boston,SKU-2002,Health,18.58,0,0,0.623,34,192,631.72
2024-07-16,Boston,SKU-2002,Health,16.98,1,0,0.228,35,211,594.3
2024-07-17,Boston,SKU-2002,Health,19.07,0,0,0.104,42,127,800.94
2024-07-18,Boston,SKU-2002,Health,19.06,0,0,0.405,31,124,590.86
2024-07-19,Boston,SKU-2002,Health,19.0,0,0,0.619,30,230,570.0
2024-07-20,Boston,SKU-2002,Health,19.11,0,0,0.116,28,278,535.08
2024-07-21,Boston,SKU-2002,Health,19.36,0,0,0.368,36,270,696.96
2024-07-22,Boston,SKU-2002,Health,19.43,0,0,0.517,36,183,699.48
2024-07-23,Boston,SKU-2002,Health,18.62,0,0,0.621,30,122,558.6
2024-07-24,Boston,SKU-2002,Health,18.8,0,0,0.638,22,205,413.6
2024-07-25,Boston,SKU-2002,Health,18.57,0,0,0.396,25,226,464.25
2024-07-26,Boston,SKU-2002,Health,18.74,0,0,0.559,42,161,787.08
2024-07-27,Boston,SKU-2002,Health,17.38,1,0,0.495,54,145,938.52
2024-07-28,Boston,SKU-2002,Health,18.97,0,0,0.342,30,213,569.1
2024-07-29,Boston,SKU-2002,Health,18.91,0,0,0.358,34,107,642.94
2024-07-30,Boston,SKU-2002,Health,18.95,0,0,0.42,23,250,435.85
2024-07-31,Boston,SKU-2002,Health,19.31,0,0,0.272,24,234,463.44
2024-08-01,Boston,SKU-2002,Health,19.4,0,0,0.416,33,149,640.2
2024-08-02,Boston,SKU-2002,Health,19.28,0,0,0.309,38,199,732.64
2024-08-03,Boston,SKU-2002,Health,19.05,0,0,0.449,27,77,514.35
2024-08-04,Boston,SKU-2002,Health,19.48,0,0,0.267,28,287,545.44
2024-08-05,Boston,SKU-2002,Health,19.41,0,0,0.532,33,88,640.53
2024-08-06,Boston,SKU-2002,Health,19.08,0,0,0.282,27,257,515.16
2024-08-07,Boston,SKU-2002,Health,18.79,0,0,0.342,36,258,676.44
2024-08-08,Boston,SKU-2002,Health,19.3,0,0,0.569,21,177,405.3
2024-08-09,Boston,SKU-2002,Health,18.85,0,0,0.396,38,115,716.3
2024-08-10,Boston,SKU-2002,Health,18.85,0,0,0.28,32,148,603.2
2024-08-11,Boston,SKU-2002,Health,19.04,0,0,0.328,31,277,590.24
2024-08-12,Boston,SKU-2002,Health,18.77,0,0,0.413,33,268,619.41
2024-08-13,Boston,SKU-2002,Health,19.03,0,0,0.392,24,274,456.72
2024-08-14,Boston,SKU-2002,Health,19.11,0,0,0.42,23,192,439.53
2024-08-15,Boston,SKU-2002,Health,19.03,0,0,0.327,17,173,323.51
2024-08-16,Boston,SKU-2002,Health,18.92,0,0,0.445,29,206,548.68
2024-08-17,Boston,SKU-2002,Health,17.52,1,0,0.46,37,220,648.24
2024-08-18,Boston,SKU-2002,Health,19.37,0,0,0.412,37,233,716.69
2024-08-19,Boston,SKU-2002,Health,19.26,0,0,0.167,25,179,481.5
2024-08-20,Boston,SKU-2002,Health,18.48,0,0,0.139,28,163,517.44
2024-08-21,Boston,SKU-2002,Health,19.03,0,0,0.526,28,275,532.84
2024-08-22,Boston,SKU-2002,Health,19.38,0,0,0.351,28,182,542.64
2024-08-23,Boston,SKU-2002,Health,19.09,0,0,0.343,25,185,477.25
2024-08-24,Boston,SKU-2002,Health,19.02,0,0,0.559,30,98,570.6
2024-08-25,Boston,SKU-2002,Health,19.3,0,0,0.215,27,213,521.1
2024-08-26,Boston,SKU-2002,Health,18.49,0,0,0.276,31,192,573.19
2024-08-27,Boston,SKU-2002,Health,19.03,0,0,0.358,19,160,361.57
2024-08-28,Boston,SKU-2002,Health,18.72,0,0,0.326,28,245,524.16
2024-08-29,Boston,SKU-2002,Health,19.35,0,0,0.47,25,192,483.75
2024-08-30,Boston,SKU-2002,Health,18.56,0,0,0.381,34,163,631.04
2024-08-31,Boston,SKU-2002,Health,19.14,0,0,0.626,30,204,574.2
2024-09-01,Boston,SKU-2002,Health,19.38,0,0,0.385,27,157,523.26
2024-09-02,Boston,SKU-2002,Health,16.72,1,0,0.234,38,122,635.36
2024-09-03,Boston,SKU-2002,Health,18.93,0,0,0.339,34,123,643.62
2024-09-04,Boston,SKU-2002,Health,19.06,0,0,0.457,25,179,476.5
2024-09-05,Boston,SKU-2002,Health,19.23,0,0,0.4,32,228,615.36
2024-09-06,Boston,SKU-2002,Health,18.86,0,0,0.467,37,178,697.82
2024-09-07,Boston,SKU-2002,Health,16.94,1,0,0.316,44,207,745.36
2024-09-08,Boston,SKU-2002,Health,19.11,0,0,0.394,25,168,477.75
2024-09-09,Boston,SKU-2002,Health,18.68,0,0,0.475,21,134,392.28
2024-09-10,Boston,SKU-2002,Health,19.03,0,0,0.343,29,187,551.87
2024-09-11,Boston,SKU-2002,Health,18.7,0,0,0.585,33,270,617.1
2024-09-12,Boston,SKU-2002,Health,18.87,0,0,0.512,27,174,509.49
2024-09-13,Boston,SKU-2002,Health,18.6,0,0,0.4,31,190,576.6
