data/raw/retail_daily_sales.csv
date,store,sku,category,price,promotion,holiday,weather_index,units_sold,inventory_on_hand,revenue
2024-09-14,Boston,SKU-2002,Health,18.98,0,0,0.203,25,194,474.5
2024-09-15,Boston,SKU-2002,Health,18.92,0,0,0.358,24,269,454.08
2024-09-16,Boston,SKU-2002,Health,17.19,1,0,0.201,38,255,653.22
2024-09-17,Boston,SKU-2002,Health,18.9,0,0,0.493,23,191,434.7
2024-09-18,Boston,SKU-2002,Health,17.37,1,0,0.653,32,213,555.84
2024-09-19,Boston,SKU-2002,Health,18.84,0,0,0.77,18,321,339.12
2024-09-20,Boston,SKU-2002,Health,19.65,0,0,0.282,32,107,628.8
2024-09-21,Boston,SKU-2002,Health,19.23,0,0,0.688,30,48,576.9
2024-09-22,Boston,SKU-2002,Health,19.51,0,0,0.393,29,138,565.79
2024-09-23,Boston,SKU-2002,Health,19.41,0,0,0.373,34,117,659.94
2024-09-24,Boston,SKU-2002,Health,18.86,0,0,0.369,22,131,414.92
2024-09-25,Boston,SKU-2002,Health,16.82,1,0,0.497,39,189,655.98
2024-09-26,Boston,SKU-2002,Health,19.15,0,0,0.423,23,299,440.45
2024-09-27,Boston,SKU-2002,Health,19.0,0,0,0.301,26,165,494.0
2024-09-28,Boston,SKU-2002,Health,19.35,0,0,0.316,28,116,541.8
2024-09-29,Boston,SKU-2002,Health,19.06,0,0,0.492,40,157,762.4
2024-09-30,Boston,SKU-2002,Health,18.68,0,0,0.456,27,200,504.36
2024-10-01,Boston,SKU-2002,Health,19.08,0,0,0.577,28,219,534.24
2024-10-02,Boston,SKU-2002,Health,18.78,0,0,0.401,19,173,356.82
2024-10-03,Boston,SKU-2002,Health,18.82,0,0,0.471,24,143,451.68
2024-10-04,Boston,SKU-2002,Health,19.05,0,0,0.495,45,106,857.25
2024-10-05,Boston,SKU-2002,Health,18.99,0,0,0.73,32,58,607.68
2024-10-06,Boston,SKU-2002,Health,18.92,0,0,0.338,25,304,473.0
2024-10-07,Boston,SKU-2002,Health,19.6,0,0,0.322,30,127,588.0
2024-10-08,Boston,SKU-2002,Health,19.12,0,0,0.663,27,73,516.24
2024-10-09,Boston,SKU-2002,Health,19.25,0,0,0.608,34,166,654.5
2024-10-10,Boston,SKU-2002,Health,18.84,0,0,0.49,20,143,376.8
2024-10-11,Boston,SKU-2002,Health,17.19,1,0,0.338,43,125,739.17
2024-10-12,Boston,SKU-2002,Health,18.79,0,0,0.408,29,217,544.91
2024-10-13,Boston,SKU-2002,Health,18.83,0,0,0.435,36,258,677.88
2024-10-14,Boston,SKU-2002,Health,19.07,0,0,0.423,17,106,324.19
2024-10-15,Boston,SKU-2002,Health,18.91,0,0,0.552,22,111,416.02
2024-10-16,Boston,SKU-2002,Health,17.08,1,0,0.352,20,59,341.6
2024-10-17,Boston,SKU-2002,Health,18.42,0,0,0.526,34,193,626.28
2024-10-18,Boston,SKU-2002,Health,18.33,0,0,0.56,41,301,751.53
2024-10-19,Boston,SKU-2002,Health,19.38,0,0,0.516,39,139,755.82
2024-10-20,Boston,SKU-2002,Health,18.99,0,0,0.417,48,220,911.52
2024-10-21,Boston,SKU-2002,Health,19.09,0,0,0.404,21,234,400.89
2024-10-22,Boston,SKU-2002,Health,18.69,0,0,0.4,32,226,598.08
2024-10-23,Boston,SKU-2002,Health,19.02,0,0,0.372,19,227,361.38
2024-10-24,Boston,SKU-2002,Health,19.06,0,0,0.324,31,210,590.86
2024-10-25,Boston,SKU-2002,Health,19.44,0,0,0.338,26,191,505.44
2024-10-26,Boston,SKU-2002,Health,19.34,0,0,0.354,34,94,657.56
2024-10-27,Boston,SKU-2002,Health,19.34,0,0,0.603,33,240,638.22
2024-10-28,Boston,SKU-2002,Health,19.1,0,0,0.587,20,139,382.0
2024-10-29,Boston,SKU-2002,Health,18.64,0,0,0.433,32,231,596.48
2024-10-30,Boston,SKU-2002,Health,19.58,0,0,0.422,28,166,548.24
2024-10-31,Boston,SKU-2002,Health,18.9,0,0,0.573,26,260,491.4
2024-11-01,Boston,SKU-2002,Health,19.24,0,0,0.277,31,244,596.44
2024-11-02,Boston,SKU-2002,Health,16.99,1,0,0.379,47,147,798.53
2024-11-03,Boston,SKU-2002,Health,19.24,0,0,0.715,40,181,769.6
2024-11-04,Boston,SKU-2002,Health,19.46,0,0,0.621,28,172,544.88
2024-11-05,Boston,SKU-2002,Health,19.06,0,0,0.492,24,329,457.44
2024-11-06,Boston,SKU-2002,Health,19.04,0,0,0.483,33,255,628.32
2024-11-07,Boston,SKU-2002,Health,18.74,0,0,0.604,30,169,562.2
2024-11-08,Boston,SKU-2002,Health,16.9,1,0,0.357,44,172,743.6
2024-11-09,Boston,SKU-2002,Health,19.29,0,0,0.392,33,221,636.57
2024-11-10,Boston,SKU-2002,Health,18.86,0,0,0.462,34,189,641.24
2024-11-11,Boston,SKU-2002,Health,18.5,0,0,0.533,37,171,684.5
2024-11-12,Boston,SKU-2002,Health,19.16,0,0,0.488,20,165,383.2
2024-11-13,Boston,SKU-2002,Health,18.82,0,0,0.493,28,162,526.96
2024-11-14,Boston,SKU-2002,Health,18.65,0,0,0.568,22,131,410.3
2024-11-15,Boston,SKU-2002,Health,18.5,0,0,0.479,35,235,647.5
2024-11-16,Boston,SKU-2002,Health,19.14,0,0,0.526,35,207,669.9
2024-11-17,Boston,SKU-2002,Health,19.12,0,0,0.438,38,86,726.56
2024-11-18,Boston,SKU-2002,Health,17.03,1,0,0.426,26,204,442.78
2024-11-19,Boston,SKU-2002,Health,18.86,0,0,0.315,29,154,546.94
2024-11-20,Boston,SKU-2002,Health,16.63,1,0,0.35,36,151,598.68
2024-11-21,Boston,SKU-2002,Health,19.06,0,0,0.436,25,207,476.5
2024-11-22,Boston,SKU-2002,Health,18.82,0,0,0.598,42,190,790.44
2024-11-23,Boston,SKU-2002,Health,18.81,0,0,0.447,34,218,639.54
2024-11-24,Boston,SKU-2002,Health,18.94,0,0,0.776,40,206,757.6
2024-11-25,Boston,SKU-2002,Health,19.38,0,0,0.585,28,131,542.64
2024-11-26,Boston,SKU-2002,Health,18.92,0,0,0.499,27,115,510.84
2024-11-27,Boston,SKU-2002,Health,19.47,0,0,0.771,29,259,564.63
2024-11-28,Boston,SKU-2002,Health,18.91,0,0,0.651,50,261,945.5
2024-11-29,Boston,SKU-2002,Health,19.13,0,1,0.567,49,181,937.37
2024-11-30,Boston,SKU-2002,Health,19.17,0,0,0.563,39,232,747.63
2024-12-01,Boston,SKU-2002,Health,18.79,0,1,0.553,55,143,1033.45
2024-12-02,Boston,SKU-2002,Health,18.87,0,1,0.481,35,169,660.45
2024-12-03,Boston,SKU-2002,Health,18.98,0,1,0.568,37,261,702.26
2024-12-04,Boston,SKU-2002,Health,18.54,0,1,0.74,34,115,630.36
2024-12-05,Boston,SKU-2002,Health,18.52,0,1,0.629,32,187,592.64
2024-12-06,Boston,SKU-2002,Health,18.85,0,1,0.668,41,205,772.85
2024-12-07,Boston,SKU-2002,Health,19.11,0,1,0.537,36,241,687.96
2024-12-08,Boston,SKU-2002,Health,19.0,0,1,0.549,48,254,912.0
2024-12-09,Boston,SKU-2002,Health,19.45,0,1,0.407,28,173,544.6
2024-12-10,Boston,SKU-2002,Health,18.5,0,1,0.558,27,183,499.5
2024-12-11,Boston,SKU-2002,Health,19.07,0,1,0.563,35,214,667.45
2024-12-12,Boston,SKU-2002,Health,17.5,1,1,0.646,50,195,875.0
2024-12-13,Boston,SKU-2002,Health,18.81,0,1,0.673,54,188,1015.74
2024-12-14,Boston,SKU-2002,Health,19.02,0,1,0.617,41,252,779.82
2024-12-15,Boston,SKU-2002,Health,19.02,0,1,0.876,44,206,836.88
2024-12-16,Boston,SKU-2002,Health,19.49,0,1,0.495,32,223,623.68
2024-12-17,Boston,SKU-2002,Health,18.97,0,1,0.74,39,148,739.83
2024-12-18,Boston,SKU-2002,Health,17.21,1,1,0.595,34,226,585.14
2024-12-19,Boston,SKU-2002,Health,18.94,0,1,0.478,36,169,681.84
2024-12-20,Boston,SKU-2002,Health,18.69,0,1,0.671,41,135,766.29
2024-12-21,Boston,SKU-2002,Health,18.97,0,1,0.461,49,44,929.53
2024-12-22,Boston,SKU-2002,Health,16.74,1,1,0.609,41,192,686.34
2024-12-23,Boston,SKU-2002,Health,18.98,0,1,0.549,32,135,607.36
2024-12-24,Boston,SKU-2002,Health,17.01,1,1,0.699,52,217,884.52
2024-12-25,Boston,SKU-2002,Health,19.25,0,1,0.548,31,277,596.75
2024-12-26,Boston,SKU-2002,Health,19.16,0,1,0.643,27,206,517.32
2024-12-27,Boston,SKU-2002,Health,18.68,0,1,0.651,35,175,653.8
2024-12-28,Boston,SKU-2002,Health,19.1,0,1,0.734,40,229,764.0
2024-12-29,Boston,SKU-2002,Health,18.82,0,1,0.469,54,207,1016.28
2024-12-30,Boston,SKU-2002,Health,19.66,0,1,0.642,44,162,865.04
2024-12-31,Boston,SKU-2002,Health,19.23,0,1,0.76,15,195,288.45
2025-01-01,Boston,SKU-2002,Health,17.02,1,0,0.784,40,139,680.8
2025-01-02,Boston,SKU-2002,Health,18.81,0,0,0.653,44,136,827.64
2025-01-03,Boston,SKU-2002,Health,18.53,0,0,0.465,37,178,685.61
2025-01-04,Boston,SKU-2002,Health,19.11,0,0,0.415,40,196,764.4
2025-01-05,Boston,SKU-2002,Health,18.8,0,0,0.653,49,137,921.2
2025-01-06,Boston,SKU-2002,Health,18.5,0,0,0.663,26,105,481.0
2025-01-07,Boston,SKU-2002,Health,19.07,0,0,0.55,33,106,629.31
2025-01-08,Boston,SKU-2002,Health,19.29,0,0,0.639,33,215,636.57
2025-01-09,Boston,SKU-2002,Health,19.08,0,0,0.577,35,242,667.8
2025-01-10,Boston,SKU-2002,Health,19.04,0,0,0.643,40,130,761.6
2025-01-11,Boston,SKU-2002,Health,18.79,0,0,0.783,51,138,958.29
2025-01-12,Boston,SKU-2002,Health,18.99,0,0,0.628,41,158,778.59
2025-01-13,Boston,SKU-2002,Health,19.08,0,0,0.847,40,238,763.2
2025-01-14,Boston,SKU-2002,Health,18.37,0,0,0.685,33,238,606.21
2025-01-15,Boston,SKU-2002,Health,19.29,0,0,0.694,40,171,771.6
2025-01-16,Boston,SKU-2002,Health,19.1,0,0,0.513,40,219,764.0
2025-01-17,Boston,SKU-2002,Health,19.13,0,0,0.856,37,201,707.81
2025-01-18,Boston,SKU-2002,Health,19.06,0,0,0.626,42,150,800.52
2025-01-19,Boston,SKU-2002,Health,19.07,0,0,0.473,45,157,858.15
2025-01-20,Boston,SKU-2002,Health,18.98,0,0,0.642,41,76,778.18
2025-01-21,Boston,SKU-2002,Health,17.16,1,0,0.847,44,116,755.04
2025-01-22,Boston,SKU-2002,Health,19.13,0,0,0.654,25,226,478.25
2025-01-23,Boston,SKU-2002,Health,19.02,0,0,0.528,21,98,399.42
2025-01-24,Boston,SKU-2002,Health,17.23,1,0,0.687,61,237,1051.03
2025-01-25,Boston,SKU-2002,Health,18.44,0,0,0.884,35,109,645.4
2025-01-26,Boston,SKU-2002,Health,17.12,1,0,0.673,60,204,1027.2
2025-01-27,Boston,SKU-2002,Health,18.75,0,0,0.59,30,292,562.5
2025-01-28,Boston,SKU-2002,Health,19.42,0,0,0.746,29,226,563.18
2025-01-29,Boston,SKU-2002,Health,19.14,0,0,0.658,35,273,669.9
2025-01-30,Boston,SKU-2002,Health,18.82,0,0,0.934,28,165,526.96
2025-01-31,Boston,SKU-2002,Health,19.22,0,0,0.589,44,168,845.68
2025-02-01,Boston,SKU-2002,Health,18.77,0,0,0.565,30,293,563.1
2025-02-02,Boston,SKU-2002,Health,16.83,1,0,0.885,39,130,656.37
2025-02-03,Boston,SKU-2002,Health,19.18,0,0,0.641,44,157,843.92
2025-02-04,Boston,SKU-2002,Health,18.77,0,0,0.583,39,121,732.03
2025-02-05,Boston,SKU-2002,Health,18.66,0,0,0.857,44,238,821.04
2025-02-06,Boston,SKU-2002,Health,19.55,0,0,0.694,26,261,508.3
2025-02-07,Boston,SKU-2002,Health,18.35,0,0,0.686,51,151,935.85
2025-02-08,Boston,SKU-2002,Health,18.96,0,0,0.923,34,209,644.64
2025-02-09,Boston,SKU-2002,Health,18.92,0,0,0.621,45,161,851.4
2025-02-10,Boston,SKU-2002,Health,18.73,0,0,0.558,31,148,580.63
2025-02-11,Boston,SKU-2002,Health,17.21,1,0,0.893,43,93,740.03
2025-02-12,Boston,SKU-2002,Health,18.43,0,0,0.58,24,201,442.32
2025-02-13,Boston,SKU-2002,Health,17.3,1,0,0.661,32,286,553.6
2025-02-14,Boston,SKU-2002,Health,19.09,0,0,0.736,43,211,820.87
2025-02-15,Boston,SKU-2002,Health,18.84,0,0,0.745,43,234,810.12
2025-02-16,Boston,SKU-2002,Health,19.22,0,0,0.838,54,295,1037.88
2025-02-17,Boston,SKU-2002,Health,18.25,0,0,0.844,38,161,693.5
2025-02-18,Boston,SKU-2002,Health,19.05,0,0,0.722,31,152,590.55
2025-02-19,Boston,SKU-2002,Health,19.22,0,0,0.721,24,201,461.28
2025-02-20,Boston,SKU-2002,Health,19.25,0,0,0.622,45,110,866.25
2025-02-21,Boston,SKU-2002,Health,19.41,0,0,0.957,54,172,1048.14
2025-02-22,Boston,SKU-2002,Health,18.79,0,0,0.716,59,194,1108.61
2025-02-23,Boston,SKU-2002,Health,18.88,0,0,0.78,50,166,944.0
2025-02-24,Boston,SKU-2002,Health,18.59,0,0,0.82,42,190,780.78
2025-02-25,Boston,SKU-2002,Health,19.11,0,0,0.626,42,208,802.62
2025-02-26,Boston,SKU-2002,Health,19.04,0,0,0.729,27,166,514.08
2025-02-27,Boston,SKU-2002,Health,19.19,0,0,0.905,26,162,498.94
2025-02-28,Boston,SKU-2002,Health,16.9,1,0,0.696,75,96,1267.5
2025-03-01,Boston,SKU-2002,Health,18.44,0,0,0.726,40,235,737.6
2025-03-02,Boston,SKU-2002,Health,18.89,0,0,1.0,39,108,736.71
2025-03-03,Boston,SKU-2002,Health,19.07,0,0,0.995,26,181,495.82
2025-03-04,Boston,SKU-2002,Health,18.83,0,0,0.586,41,177,772.03
2025-03-05,Boston,SKU-2002,Health,19.05,0,0,0.525,38,257,723.9
2025-03-06,Boston,SKU-2002,Health,19.07,0,0,0.575,37,153,705.59
2025-03-07,Boston,SKU-2002,Health,18.43,0,0,0.582,37,160,681.91
2025-03-08,Boston,SKU-2002,Health,19.02,0,0,0.73,45,256,855.9
2025-03-09,Boston,SKU-2002,Health,18.85,0,0,0.783,49,208,923.65
2025-03-10,Boston,SKU-2002,Health,17.35,1,0,0.714,40,280,694.0
2025-03-11,Boston,SKU-2002,Health,19.26,0,0,0.715,33,151,635.58
2025-03-12,Boston,SKU-2002,Health,19.03,0,0,0.826,37,306,704.11
2025-03-13,Boston,SKU-2002,Health,19.27,0,0,0.902,49,70,944.23
2025-03-14,Boston,SKU-2002,Health,17.12,1,0,0.67,50,127,856.0
2025-03-15,Boston,SKU-2002,Health,18.85,0,0,0.677,40,147,754.0
2025-03-16,Boston,SKU-2002,Health,19.35,0,0,0.572,46,240,890.1
2025-03-17,Boston,SKU-2002,Health,18.86,0,0,0.799,35,218,660.1
2025-03-18,Boston,SKU-2002,Health,19.27,0,0,0.746,31,196,597.37
2025-03-19,Boston,SKU-2002,Health,19.12,0,0,0.79,41,254,783.92
2025-03-20,Boston,SKU-2002,Health,18.88,0,0,0.811,39,190,736.32
2025-03-21,Boston,SKU-2002,Health,17.24,1,0,0.474,32,226,551.68
2025-03-22,Boston,SKU-2002,Health,19.44,0,0,0.585,32,179,622.08
2025-03-23,Boston,SKU-2002,Health,19.14,0,0,0.745,46,239,880.44
2025-03-24,Boston,SKU-2002,Health,19.17,0,0,0.518,44,195,843.48
2025-03-25,Boston,SKU-2002,Health,17.36,1,0,0.61,48,232,833.28
2025-03-26,Boston,SKU-2002,Health,17.07,1,0,0.531,41,118,699.87
2025-03-27,Boston,SKU-2002,Health,19.01,0,0,0.835,44,125,836.44
2025-03-28,Boston,SKU-2002,Health,19.19,0,0,0.623,42,169,805.98
2025-03-29,Boston,SKU-2002,Health,17.37,1,0,0.648,42,250,729.54
2025-03-30,Boston,SKU-2002,Health,18.61,0,0,0.535,50,251,930.5
2025-03-31,Boston,SKU-2002,Health,18.54,0,0,0.607,35,223,648.9
2025-04-01,Boston,SKU-2002,Health,18.94,0,0,0.845,41,212,776.54
2025-04-02,Boston,SKU-2002,Health,19.03,0,0,0.569,36,238,685.08
2025-04-03,Boston,SKU-2002,Health,18.65,0,0,0.694,31,167,578.15
2025-04-04,Boston,SKU-2002,Health,18.84,0,0,0.784,43,228,810.12
2025-04-05,Boston,SKU-2002,Health,18.68,0,0,0.431,33,194,616.44
2025-04-06,Boston,SKU-2002,Health,18.87,0,0,0.713,49,193,924.63
2025-04-07,Boston,SKU-2002,Health,19.17,0,0,0.656,36,245,690.12
2025-04-08,Boston,SKU-2002,Health,18.9,0,0,0.635,23,253,434.7
2025-04-09,Boston,SKU-2002,Health,19.0,0,0,0.84,40,237,760.0
2025-04-10,Boston,SKU-2002,Health,19.03,0,0,0.44,34,118,647.02
2025-04-11,Boston,SKU-2002,Health,19.14,0,0,0.648,48,166,918.72
2025-04-12,Boston,SKU-2002,Health,16.94,1,0,0.771,68,96,1151.92
2025-04-13,Boston,SKU-2002,Health,19.34,0,0,0.583,45,105,870.3
2025-04-14,Boston,SKU-2002,Health,17.17,1,0,0.734,48,260,824.16
2025-04-15,Boston,SKU-2002,Health,18.71,0,0,0.577,27,194,505.17
2025-04-16,Boston,SKU-2002,Health,19.07,0,0,0.782,43,123,820.01
2025-04-17,Boston,SKU-2002,Health,18.79,0,0,0.624,38,196,714.02
2025-04-18,Boston,SKU-2002,Health,19.13,0,0,0.703,39,108,746.07
2025-04-19,Boston,SKU-2002,Health,19.06,0,0,0.605,54,199,1029.24
2025-04-20,Boston,SKU-2002,Health,18.76,0,0,0.563,49,192,919.24
2025-04-21,Boston,SKU-2002,Health,18.55,0,0,0.648,49,125,908.95
2025-04-22,Boston,SKU-2002,Health,19.02,0,0,0.71,40,127,760.8
2025-04-23,Boston,SKU-2002,Health,17.1,1,0,0.506,45,127,769.5
2025-04-24,Boston,SKU-2002,Health,19.03,0,0,0.706,32,226,608.96
2025-04-25,Boston,SKU-2002,Health,19.22,0,0,0.678,34,194,653.48
2025-04-26,Boston,SKU-2002,Health,19.55,0,0,0.507,26,239,508.3
2025-04-27,Boston,SKU-2002,Health,18.66,0,0,0.575,55,104,1026.3
2025-04-28,Boston,SKU-2002,Health,16.91,1,0,0.653,44,191,744.04
2025-04-29,Boston,SKU-2002,Health,19.12,0,0,0.608,39,155,745.68
2025-04-30,Boston,SKU-2002,Health,19.3,0,0,0.442,30,148,579.0
