data/raw/retail_daily_sales.csv
date,store,sku,category,price,promotion,holiday,weather_index,units_sold,inventory_on_hand,revenue
2024-01-01,Boston,SKU-3001,Electronics,79.02,0,0,0.678,7,51,553.14
2024-01-02,Boston,SKU-3001,Electronics,83.28,0,0,0.759,6,77,499.68
2024-01-03,Boston,SKU-3001,Electronics,79.77,0,0,0.641,4,33,319.08
2024-01-04,Boston,SKU-3001,Electronics,72.94,1,0,0.567,6,71,437.64
2024-01-05,Boston,SKU-3001,Electronics,80.03,0,0,0.901,10,63,800.3
2024-01-06,Boston,SKU-3001,Electronics,78.02,0,0,0.721,13,14,1014.26
2024-01-07,Boston,SKU-3001,Electronics,79.96,0,0,0.69,10,61,799.6
2024-01-08,Boston,SKU-3001,Electronics,79.75,0,0,0.814,6,48,478.5
2024-01-09,Boston,SKU-3001,Electronics,79.63,0,0,0.394,8,46,637.04
2024-01-10,Boston,SKU-3001,Electronics,79.59,0,0,1.0,10,66,795.9
2024-01-11,Boston,SKU-3001,Electronics,80.28,0,0,0.786,8,54,642.24
2024-01-12,Boston,SKU-3001,Electronics,80.06,0,0,0.573,7,18,560.42
2024-01-13,Boston,SKU-3001,Electronics,81.29,0,0,0.56,10,51,812.9
2024-01-14,Boston,SKU-3001,Electronics,79.59,0,0,0.508,8,57,636.72
2024-01-15,Boston,SKU-3001,Electronics,77.97,0,0,0.635,7,76,545.79
2024-01-16,Boston,SKU-3001,Electronics,79.32,0,0,0.644,5,39,396.6
2024-01-17,Boston,SKU-3001,Electronics,79.08,0,0,0.59,8,59,632.64
2024-01-18,Boston,SKU-3001,Electronics,78.78,0,0,0.593,9,54,709.02
2024-01-19,Boston,SKU-3001,Electronics,81.0,0,0,0.539,9,72,729.0
2024-01-20,Boston,SKU-3001,Electronics,70.22,1,0,0.631,11,28,772.42
2024-01-21,Boston,SKU-3001,Electronics,77.61,0,0,0.638,9,52,698.49
2024-01-22,Boston,SKU-3001,Electronics,78.35,0,0,0.529,7,56,548.45
2024-01-23,Boston,SKU-3001,Electronics,82.13,0,0,0.656,9,57,739.17
2024-01-24,Boston,SKU-3001,Electronics,80.16,0,0,0.531,6,46,480.96
2024-01-25,Boston,SKU-3001,Electronics,80.01,0,0,0.647,3,66,240.03
2024-01-26,Boston,SKU-3001,Electronics,82.14,0,0,0.57,8,49,657.12
2024-01-27,Boston,SKU-3001,Electronics,72.49,1,0,0.841,12,54,869.88
2024-01-28,Boston,SKU-3001,Electronics,79.76,0,0,0.721,10,54,797.6
2024-01-29,Boston,SKU-3001,Electronics,80.36,0,0,0.622,10,35,803.6
2024-01-30,Boston,SKU-3001,Electronics,73.16,1,0,0.824,9,75,658.44
2024-01-31,Boston,SKU-3001,Electronics,79.12,0,0,0.768,5,59,395.6
2024-02-01,Boston,SKU-3001,Electronics,79.19,0,0,1.0,5,62,395.95
2024-02-02,Boston,SKU-3001,Electronics,79.37,0,0,0.75,8,86,634.96
2024-02-03,Boston,SKU-3001,Electronics,79.19,0,0,0.626,7,64,554.33
2024-02-04,Boston,SKU-3001,Electronics,78.83,0,0,0.76,9,51,709.47
2024-02-05,Boston,SKU-3001,Electronics,71.28,1,0,0.732,9,25,641.52
2024-02-06,Boston,SKU-3001,Electronics,72.19,1,0,0.765,13,64,938.47
2024-02-07,Boston,SKU-3001,Electronics,79.33,0,0,0.509,7,67,555.31
2024-02-08,Boston,SKU-3001,Electronics,79.37,0,0,0.792,9,17,714.33
2024-02-09,Boston,SKU-3001,Electronics,79.64,0,0,0.424,8,25,637.12
2024-02-10,Boston,SKU-3001,Electronics,81.11,0,0,0.821,10,73,811.1
2024-02-11,Boston,SKU-3001,Electronics,82.62,0,0,0.798,11,41,908.82
2024-02-12,Boston,SKU-3001,Electronics,82.01,0,0,0.541,9,61,738.09
2024-02-13,Boston,SKU-3001,Electronics,79.68,0,0,0.57,8,42,637.44
2024-02-14,Boston,SKU-3001,Electronics,78.94,0,0,0.586,9,61,710.46
2024-02-15,Boston,SKU-3001,Electronics,80.05,0,0,0.641,6,82,480.3
2024-02-16,Boston,SKU-3001,Electronics,78.19,0,0,0.525,8,54,625.52
2024-02-17,Boston,SKU-3001,Electronics,80.39,0,0,0.605,13,49,1045.07
2024-02-18,Boston,SKU-3001,Electronics,80.36,0,0,0.979,8,39,642.88
2024-02-19,Boston,SKU-3001,Electronics,79.36,0,0,0.605,8,82,634.88
2024-02-20,Boston,SKU-3001,Electronics,80.4,0,0,0.808,10,57,804.0
2024-02-21,Boston,SKU-3001,Electronics,80.88,0,0,0.629,6,60,485.28
2024-02-22,Boston,SKU-3001,Electronics,79.94,0,0,0.612,11,53,879.34
2024-02-23,Boston,SKU-3001,Electronics,79.45,0,0,0.639,9,41,715.05
2024-02-24,Boston,SKU-3001,Electronics,81.16,0,0,0.81,8,67,649.28
2024-02-25,Boston,SKU-3001,Electronics,78.52,0,0,0.77,14,47,1099.28
2024-02-26,Boston,SKU-3001,Electronics,81.1,0,0,0.711,3,48,243.3
2024-02-27,Boston,SKU-3001,Electronics,79.81,0,0,0.732,7,78,558.67
2024-02-28,Boston,SKU-3001,Electronics,78.17,0,0,0.512,9,55,703.53
2024-02-29,Boston,SKU-3001,Electronics,78.51,0,0,0.823,7,38,549.57
2024-03-01,Boston,SKU-3001,Electronics,72.39,1,0,0.867,15,47,1085.85
2024-03-02,Boston,SKU-3001,Electronics,77.87,0,0,0.725,8,75,622.96
2024-03-03,Boston,SKU-3001,Electronics,79.41,0,0,0.645,11,58,873.51
2024-03-04,Boston,SKU-3001,Electronics,72.84,1,0,0.803,5,54,364.2
2024-03-05,Boston,SKU-3001,Electronics,77.96,0,0,0.708,9,50,701.64
2024-03-06,Boston,SKU-3001,Electronics,77.68,0,0,0.678,3,68,233.04
2024-03-07,Boston,SKU-3001,Electronics,81.37,0,0,0.564,5,23,406.85
2024-03-08,Boston,SKU-3001,Electronics,79.64,0,0,0.57,12,95,955.68
2024-03-09,Boston,SKU-3001,Electronics,81.48,0,0,0.586,9,13,733.32
2024-03-10,Boston,SKU-3001,Electronics,81.5,0,0,0.604,12,56,978.0
2024-03-11,Boston,SKU-3001,Electronics,79.93,0,0,0.642,6,66,479.58
2024-03-12,Boston,SKU-3001,Electronics,80.15,0,0,0.678,8,44,641.2
2024-03-13,Boston,SKU-3001,Electronics,80.44,0,0,0.708,8,77,643.52
2024-03-14,Boston,SKU-3001,Electronics,78.01,0,0,0.782,8,55,624.08
2024-03-15,Boston,SKU-3001,Electronics,82.98,0,0,0.72,11,35,912.78
2024-03-16,Boston,SKU-3001,Electronics,80.52,0,0,0.822,10,39,805.2
2024-03-17,Boston,SKU-3001,Electronics,79.17,0,0,0.575,13,70,1029.21
2024-03-18,Boston,SKU-3001,Electronics,71.11,1,0,0.755,8,48,568.88
2024-03-19,Boston,SKU-3001,Electronics,81.8,0,0,0.684,5,71,409.0
2024-03-20,Boston,SKU-3001,Electronics,79.1,0,0,0.58,9,41,711.9
2024-03-21,Boston,SKU-3001,Electronics,82.54,0,0,0.802,7,47,577.78
2024-03-22,Boston,SKU-3001,Electronics,79.38,0,0,0.651,10,34,793.8
2024-03-23,Boston,SKU-3001,Electronics,80.65,0,0,0.736,12,25,967.8
2024-03-24,Boston,SKU-3001,Electronics,78.94,0,0,0.606,12,40,947.28
2024-03-25,Boston,SKU-3001,Electronics,79.76,0,0,0.783,5,54,398.8
2024-03-26,Boston,SKU-3001,Electronics,78.36,0,0,0.738,8,53,626.88
2024-03-27,Boston,SKU-3001,Electronics,80.84,0,0,1.0,5,30,404.2
2024-03-28,Boston,SKU-3001,Electronics,79.93,0,0,0.64,8,35,639.44
2024-03-29,Boston,SKU-3001,Electronics,81.28,0,0,0.796,12,58,975.36
2024-03-30,Boston,SKU-3001,Electronics,79.35,0,0,0.594,9,60,714.15
2024-03-31,Boston,SKU-3001,Electronics,78.99,0,0,0.539,8,57,631.92
2024-04-01,Boston,SKU-3001,Electronics,77.5,0,0,1.0,10,67,775.0
2024-04-02,Boston,SKU-3001,Electronics,79.83,0,0,0.848,11,58,878.13
2024-04-03,Boston,SKU-3001,Electronics,79.68,0,0,0.888,9,35,717.12
2024-04-04,Boston,SKU-3001,Electronics,80.54,0,0,0.703,8,51,644.32
2024-04-05,Boston,SKU-3001,Electronics,81.2,0,0,0.708,11,64,893.2
2024-04-06,Boston,SKU-3001,Electronics,80.98,0,0,0.697,8,51,647.84
2024-04-07,Boston,SKU-3001,Electronics,81.73,0,0,0.62,11,45,899.03
2024-04-08,Boston,SKU-3001,Electronics,80.46,0,0,0.668,7,31,563.22
2024-04-09,Boston,SKU-3001,Electronics,80.05,0,0,0.692,10,56,800.5
2024-04-10,Boston,SKU-3001,Electronics,80.28,0,0,0.622,10,49,802.8
2024-04-11,Boston,SKU-3001,Electronics,81.27,0,0,0.838,5,65,406.35
2024-04-12,Boston,SKU-3001,Electronics,80.53,0,0,0.395,12,72,966.36
2024-04-13,Boston,SKU-3001,Electronics,79.95,0,0,0.596,6,47,479.7
2024-04-14,Boston,SKU-3001,Electronics,78.03,0,0,0.541,9,68,702.27
2024-04-15,Boston,SKU-3001,Electronics,78.75,0,0,0.574,9,31,708.75
2024-04-16,Boston,SKU-3001,Electronics,79.84,0,0,0.451,10,39,798.4
2024-04-17,Boston,SKU-3001,Electronics,78.09,0,0,0.623,5,48,390.45
2024-04-18,Boston,SKU-3001,Electronics,79.97,0,0,0.542,7,47,559.79
2024-04-19,Boston,SKU-3001,Electronics,77.99,0,0,0.655,7,39,545.93
2024-04-20,Boston,SKU-3001,Electronics,77.73,0,0,0.576,11,41,855.03
2024-04-21,Boston,SKU-3001,Electronics,80.04,0,0,0.521,10,47,800.4
2024-04-22,Boston,SKU-3001,Electronics,72.14,1,0,0.669,9,44,649.26
2024-04-23,Boston,SKU-3001,Electronics,82.49,0,0,0.724,9,65,742.41
2024-04-24,Boston,SKU-3001,Electronics,78.79,0,0,0.715,11,67,866.69
2024-04-25,Boston,SKU-3001,Electronics,79.46,0,0,0.492,8,78,635.68
2024-04-26,Boston,SKU-3001,Electronics,80.04,0,0,0.719,4,74,320.16
2024-04-27,Boston,SKU-3001,Electronics,77.59,0,0,0.447,11,71,853.49
2024-04-28,Boston,SKU-3001,Electronics,78.76,0,0,0.497,9,47,708.84
2024-04-29,Boston,SKU-3001,Electronics,80.67,0,0,0.683,11,48,887.37
2024-04-30,Boston,SKU-3001,Electronics,71.98,1,0,0.59,6,55,431.88
2024-05-01,Boston,SKU-3001,Electronics,79.05,0,0,0.411,9,54,711.45
2024-05-02,Boston,SKU-3001,Electronics,79.43,0,0,0.451,10,70,794.3
2024-05-03,Boston,SKU-3001,Electronics,80.94,0,0,0.659,11,50,890.34
2024-05-04,Boston,SKU-3001,Electronics,80.25,0,0,0.606,10,54,802.5
2024-05-05,Boston,SKU-3001,Electronics,81.36,0,0,0.726,14,53,1139.04
2024-05-06,Boston,SKU-3001,Electronics,80.23,0,0,0.733,4,65,320.92
2024-05-07,Boston,SKU-3001,Electronics,81.49,0,0,0.696,7,46,570.43
2024-05-08,Boston,SKU-3001,Electronics,81.13,0,0,0.768,9,70,730.17
2024-05-09,Boston,SKU-3001,Electronics,77.45,0,0,0.626,7,56,542.15
2024-05-10,Boston,SKU-3001,Electronics,78.7,0,0,0.496,7,38,550.9
2024-05-11,Boston,SKU-3001,Electronics,80.62,0,0,0.474,6,50,483.72
2024-05-12,Boston,SKU-3001,Electronics,80.15,0,0,0.403,11,53,881.65
2024-05-13,Boston,SKU-3001,Electronics,78.82,0,0,0.7,7,54,551.74
2024-05-14,Boston,SKU-3001,Electronics,79.47,0,0,0.345,8,54,635.76
2024-05-15,Boston,SKU-3001,Electronics,81.74,0,0,0.49,6,76,490.44
2024-05-16,Boston,SKU-3001,Electronics,80.97,0,0,0.6,10,51,809.7
2024-05-17,Boston,SKU-3001,Electronics,77.05,0,0,0.7,9,59,693.45
2024-05-18,Boston,SKU-3001,Electronics,79.44,0,0,0.554,7,91,556.08
2024-05-19,Boston,SKU-3001,Electronics,79.59,0,0,0.562,12,40,955.08
2024-05-20,Boston,SKU-3001,Electronics,79.73,0,0,0.497,10,74,797.3
2024-05-21,Boston,SKU-3001,Electronics,79.29,0,0,0.495,9,34,713.61
2024-05-22,Boston,SKU-3001,Electronics,79.13,0,0,0.436,9,64,712.17
2024-05-23,Boston,SKU-3001,Electronics,76.94,0,0,0.49,10,47,769.4
2024-05-24,Boston,SKU-3001,Electronics,78.65,0,0,0.728,15,43,1179.75
2024-05-25,Boston,SKU-3001,Electronics,77.93,0,0,0.444,11,53,857.23
2024-05-26,Boston,SKU-3001,Electronics,79.84,0,0,0.459,8,42,638.72
2024-05-27,Boston,SKU-3001,Electronics,79.98,0,0,0.321,9,57,719.82
2024-05-28,Boston,SKU-3001,Electronics,81.11,0,0,0.356,8,32,648.88
2024-05-29,Boston,SKU-3001,Electronics,71.96,1,0,0.629,11,68,791.56
2024-05-30,Boston,SKU-3001,Electronics,80.6,0,0,0.479,8,51,644.8
2024-05-31,Boston,SKU-3001,Electronics,79.59,0,0,0.472,11,69,875.49
2024-06-01,Boston,SKU-3001,Electronics,81.55,0,0,0.497,10,64,815.5
2024-06-02,Boston,SKU-3001,Electronics,79.46,0,0,0.522,13,28,1032.98
2024-06-03,Boston,SKU-3001,Electronics,79.99,0,0,0.367,7,57,559.93
2024-06-04,Boston,SKU-3001,Electronics,77.2,0,0,0.493,7,52,540.4
2024-06-05,Boston,SKU-3001,Electronics,78.13,0,0,0.532,5,64,390.65
2024-06-06,Boston,SKU-3001,Electronics,79.92,0,0,0.504,7,46,559.44
2024-06-07,Boston,SKU-3001,Electronics,78.15,0,0,0.422,11,68,859.65
2024-06-08,Boston,SKU-3001,Electronics,78.41,0,0,0.364,9,68,705.69
2024-06-09,Boston,SKU-3001,Electronics,80.47,0,0,0.497,8,42,643.76
